main.c:223:16:Crc16	24	static
main.c:238:6:PacketToRadio	24	static
main.c:262:6:transmit	56	static
main.c:374:6:uint32_TO_charmass	32	static
main.c:386:6:SyncAccel	8	static
main.c:422:5:main	16	static
main.c:662:6:SystemClock_Config	88	static
main.c:713:13:MX_SPI1_Init	8	static
main.c:751:13:MX_SPI3_Init	8	static
main.c:789:13:MX_TIM6_Init	16	static
main.c:827:13:MX_TIM7_Init	16	static
main.c:865:13:MX_TIM10_Init	8	static
main.c:896:13:MX_UART5_Init	8	static
main.c:929:13:MX_USART1_UART_Init	8	static
main.c:962:13:MX_USART2_UART_Init	8	static
main.c:995:13:MX_USART3_UART_Init	8	static
main.c:1026:13:MX_DMA_Init	16	static
main.c:1054:13:MX_GPIO_Init	48	static
main.c:1139:6:HAL_UART_RxCpltCallback	32	static
main.c:1274:6:HAL_UART_TxCpltCallback	16	static
main.c:1280:6:HAL_TIM_PeriodElapsedCallback	16	static
main.c:1324:6:Error_Handler	4	static
