main.c:142:6:PacketToRadio	24	static
main.c:162:6:transmit	56	static
main.c:280:10:Mass_to_uint32	24	static
main.c:297:6:uint32_TO_charmass	32	static
main.c:311:6:SyncAccel	8	static
main.c:349:5:main	16	static
main.c:505:6:SystemClock_Config	88	static
main.c:556:13:MX_SPI1_Init	8	static
main.c:594:13:MX_SPI3_Init	8	static
main.c:632:13:MX_UART5_Init	8	static
main.c:665:13:MX_USART1_UART_Init	8	static
main.c:698:13:MX_USART2_UART_Init	8	static
main.c:731:13:MX_USART3_UART_Init	8	static
main.c:762:13:MX_DMA_Init	16	static
main.c:790:13:MX_GPIO_Init	48	static
main.c:868:6:HAL_UART_RxCpltCallback	32	static
main.c:1012:6:HAL_UART_TxCpltCallback	16	static
main.c:1030:6:Error_Handler	4	static
