main.c:166:16:Crc16	24	static
main.c:177:6:CommandToRadio	24	static
main.c:209:6:uint32_TO_charmass	32	static
main.c:221:6:SyncCKT	8	static
main.c:233:6:RXCommande1	8	static
main.c:264:6:RXCommande2	8	static
main.c:275:6:RXCommande3	8	static
main.c:289:6:RXCommande4	4	static
main.c:296:6:CheckSD	8	static
main.c:336:6:DataConv	16	static
main.c:354:5:main	16	static
main.c:509:6:SystemClock_Config	88	static
main.c:560:13:MX_SPI1_Init	8	static
main.c:598:13:MX_SPI3_Init	8	static
main.c:636:13:MX_TIM6_Init	16	static
main.c:674:13:MX_TIM7_Init	16	static
main.c:712:13:MX_TIM10_Init	8	static
main.c:743:13:MX_UART5_Init	8	static
main.c:776:13:MX_USART1_UART_Init	8	static
main.c:809:13:MX_USART2_UART_Init	8	static
main.c:842:13:MX_USART3_UART_Init	8	static
main.c:873:13:MX_DMA_Init	16	static
main.c:901:13:MX_GPIO_Init	48	static
main.c:989:6:HAL_UART_RxCpltCallback	16	static
main.c:1015:6:HAL_UART_TxCpltCallback	16	static
main.c:1021:6:HAL_TIM_PeriodElapsedCallback	16	static
main.c:1038:6:Error_Handler	4	static
