main.c:145:10:Flash_Read_single8bit	16	static
main.c:151:6:Flash_Write_single8bit	24	static
main.c:159:6:flashErasePage	40	static
main.c:207:16:Crc16	24	static
main.c:218:6:CommandToRadio	24	static
main.c:250:6:uint32_TO_charmass	32	static
main.c:262:6:SyncCKT	8	static
main.c:274:6:RXCommande1	8	static
main.c:311:6:RXCommande2	8	static
main.c:322:6:RXCommande3	8	static
main.c:336:6:RXCommande4	4	static
main.c:343:6:RXCommande5	8	static
main.c:370:6:RXCommande6	8	static
main.c:381:6:CheckSD	8	static
main.c:421:6:DataConv	16	static
main.c:439:5:main	16	static
main.c:600:6:SystemClock_Config	88	static
main.c:651:13:MX_SPI1_Init	8	static
main.c:689:13:MX_SPI3_Init	8	static
main.c:727:13:MX_TIM6_Init	16	static
main.c:765:13:MX_TIM7_Init	16	static
main.c:803:13:MX_TIM10_Init	8	static
main.c:834:13:MX_UART5_Init	8	static
main.c:867:13:MX_USART1_UART_Init	8	static
main.c:900:13:MX_USART2_UART_Init	8	static
main.c:933:13:MX_USART3_UART_Init	8	static
main.c:964:13:MX_DMA_Init	16	static
main.c:992:13:MX_GPIO_Init	48	static
main.c:1080:6:HAL_UART_RxCpltCallback	24	static
main.c:1111:6:HAL_UART_TxCpltCallback	16	static
main.c:1117:6:HAL_TIM_PeriodElapsedCallback	16	static
main.c:1134:6:Error_Handler	4	static
