main.c:204:16:Crc16	24	static
main.c:214:6:UserDelayStart	16	static
main.c:226:6:uint32_TO_charmass	32	static
main.c:235:9:ReadNumofFileSD	576	static
main.c:280:6:WriteNumofFileSD	584	static
main.c:303:6:CommandHistoryWrite	584	static
main.c:332:6:HistoryOnOffUSI	576	static
main.c:354:6:StopWriteToSD	8	static
main.c:368:6:SyncCKT	8	static
main.c:380:6:CommandToRadio	24	static
main.c:406:6:RXCommande1	8	static
main.c:437:6:RXCommande2	8	static
main.c:448:6:RXCommande3	8	static
main.c:467:6:RXCommande4	8	static
main.c:473:6:RXCommande5	8	static
main.c:483:6:RXCommande6	8	static
main.c:493:6:DataConv	16	static
main.c:505:9:CKTcrc	24	static
main.c:525:5:main	8	static
main.c:695:6:SystemClock_Config	88	static
main.c:746:13:MX_SPI1_Init	8	static
main.c:784:13:MX_SPI3_Init	8	static
main.c:822:13:MX_TIM6_Init	16	static
main.c:860:13:MX_TIM7_Init	16	static
main.c:898:13:MX_TIM10_Init	8	static
main.c:929:13:MX_UART5_Init	8	static
main.c:962:13:MX_USART1_UART_Init	8	static
main.c:995:13:MX_USART2_UART_Init	8	static
main.c:1028:13:MX_USART3_UART_Init	8	static
main.c:1059:13:MX_DMA_Init	16	static
main.c:1087:13:MX_GPIO_Init	48	static
main.c:1175:6:HAL_UART_RxCpltCallback	32	static
main.c:1210:6:HAL_TIM_PeriodElapsedCallback	16	static
main.c:1223:6:SysTick_Handler	8	static
main.c:1252:6:Error_Handler	4	static
