main.c:196:16:Crc16	24	static
main.c:206:6:CommandToRadio	24	static
main.c:238:6:uint32_TO_charmass	32	static
main.c:247:9:ReadNumofFileSD	576	static
main.c:299:6:WriteNumofFileSD	584	static
main.c:327:6:CommandHistoryWrite	584	static
main.c:361:6:HistoryOnOffUSI	576	static
main.c:387:6:SyncCKT	8	static
main.c:399:6:RXCommande1	8	static
main.c:427:6:RXCommande2	8	static
main.c:439:6:RXCommande3	8	static
main.c:454:6:RXCommande4	4	static
main.c:459:6:RXCommande5	8	static
main.c:487:6:RXCommande6	8	static
main.c:498:6:DataConv	16	static
main.c:515:5:main	16	static
main.c:696:6:SystemClock_Config	88	static
main.c:747:13:MX_SPI1_Init	8	static
main.c:785:13:MX_SPI3_Init	8	static
main.c:823:13:MX_TIM6_Init	16	static
main.c:861:13:MX_TIM7_Init	16	static
main.c:899:13:MX_TIM10_Init	8	static
main.c:930:13:MX_UART5_Init	8	static
main.c:963:13:MX_USART1_UART_Init	8	static
main.c:996:13:MX_USART2_UART_Init	8	static
main.c:1029:13:MX_USART3_UART_Init	8	static
main.c:1060:13:MX_DMA_Init	16	static
main.c:1088:13:MX_GPIO_Init	48	static
main.c:1176:6:HAL_UART_RxCpltCallback	24	static
main.c:1207:6:HAL_TIM_PeriodElapsedCallback	16	static
main.c:1224:6:Error_Handler	4	static
