main.c:154:6:PacketToRadio	24	static
main.c:245:6:transmit	56	static
main.c:391:10:Mass_to_uint32	24	static
main.c:408:6:uint32_TO_charmass	32	static
main.c:422:6:SyncAccel	8	static
main.c:460:5:main	16	static
main.c:827:6:SystemClock_Config	88	static
main.c:878:13:MX_SPI1_Init	8	static
main.c:916:13:MX_SPI3_Init	8	static
main.c:954:13:MX_UART5_Init	8	static
main.c:987:13:MX_USART1_UART_Init	8	static
main.c:1020:13:MX_USART2_UART_Init	8	static
main.c:1053:13:MX_USART3_UART_Init	8	static
main.c:1084:13:MX_DMA_Init	16	static
main.c:1112:13:MX_GPIO_Init	48	static
main.c:1191:6:HAL_UART_RxHalfCpltCallback	24	static
main.c:1258:6:HAL_UART_RxCpltCallback	32	static
main.c:1433:6:HAL_UART_TxCpltCallback	16	static
main.c:1451:6:Error_Handler	4	static
