main.c:173:15:Crc8	24	static
main.c:183:6:PacketToRadio	24	static
main.c:279:6:transmit	40	static
main.c:350:10:Mass_to_uint32	24	static
main.c:367:6:uint32_TO_charmass	32	static
main.c:392:5:main	56	static
main.c:659:6:SystemClock_Config	88	static
main.c:710:13:MX_SPI1_Init	8	static
main.c:748:13:MX_SPI3_Init	8	static
main.c:786:13:MX_UART5_Init	8	static
main.c:819:13:MX_USART1_UART_Init	8	static
main.c:852:13:MX_USART2_UART_Init	8	static
main.c:885:13:MX_USART3_UART_Init	8	static
main.c:916:13:MX_DMA_Init	16	static
main.c:944:13:MX_GPIO_Init	48	static
main.c:1022:6:HAL_UART_RxCpltCallback	24	static
main.c:1094:6:HAL_UART_TxCpltCallback	16	static
main.c:1112:6:Error_Handler	4	static
