main.c:224:16:Crc16	24	static
main.c:239:6:PacketToRadio	24	static
main.c:263:6:transmit	56	static
main.c:375:6:uint32_TO_charmass	32	static
main.c:387:6:SyncAccel	8	static
main.c:423:5:main	16	static
main.c:703:6:SystemClock_Config	88	static
main.c:754:13:MX_SPI1_Init	8	static
main.c:792:13:MX_SPI3_Init	8	static
main.c:830:13:MX_TIM6_Init	16	static
main.c:868:13:MX_TIM7_Init	16	static
main.c:906:13:MX_TIM10_Init	8	static
main.c:937:13:MX_UART5_Init	8	static
main.c:970:13:MX_USART1_UART_Init	8	static
main.c:1003:13:MX_USART2_UART_Init	8	static
main.c:1036:13:MX_USART3_UART_Init	8	static
main.c:1067:13:MX_DMA_Init	16	static
main.c:1095:13:MX_GPIO_Init	48	static
main.c:1180:6:HAL_UART_RxCpltCallback	32	static
main.c:1315:6:HAL_UART_TxCpltCallback	16	static
main.c:1321:6:HAL_TIM_PeriodElapsedCallback	16	static
main.c:1365:6:Error_Handler	4	static
