main.c:150:10:Flash_Read_single8bit	16	static
main.c:156:6:Flash_Write_single8bit	24	static
main.c:164:6:flashErasePage	40	static
main.c:212:16:Crc16	24	static
main.c:223:6:CommandToRadio	24	static
main.c:255:6:uint32_TO_charmass	32	static
main.c:264:9:ReadNumofFileSD	16	static
main.c:308:6:WriteNumofFileSD	24	static
main.c:352:6:SyncCKT	8	static
main.c:364:6:RXCommande1	8	static
main.c:411:6:RXCommande2	8	static
main.c:423:6:RXCommande3	8	static
main.c:438:6:RXCommande4	4	static
main.c:445:6:RXCommande5	8	static
main.c:473:6:RXCommande6	8	static
main.c:485:6:CheckSD	8	static
main.c:527:6:DataConv	16	static
main.c:545:5:main	16	static
main.c:720:6:SystemClock_Config	88	static
main.c:771:13:MX_SPI1_Init	8	static
main.c:809:13:MX_SPI3_Init	8	static
main.c:847:13:MX_TIM6_Init	16	static
main.c:885:13:MX_TIM7_Init	16	static
main.c:923:13:MX_TIM10_Init	8	static
main.c:954:13:MX_UART5_Init	8	static
main.c:987:13:MX_USART1_UART_Init	8	static
main.c:1020:13:MX_USART2_UART_Init	8	static
main.c:1053:13:MX_USART3_UART_Init	8	static
main.c:1084:13:MX_DMA_Init	16	static
main.c:1112:13:MX_GPIO_Init	48	static
main.c:1200:6:HAL_UART_RxCpltCallback	24	static
main.c:1231:6:HAL_UART_TxCpltCallback	16	static
main.c:1237:6:HAL_TIM_PeriodElapsedCallback	16	static
main.c:1254:6:Error_Handler	4	static
