main.c:152:10:Flash_Read_single8bit	16	static
main.c:158:6:Flash_Write_single8bit	24	static
main.c:166:6:flashErasePage	40	static
main.c:214:16:Crc16	24	static
main.c:225:6:CommandToRadio	24	static
main.c:257:6:uint32_TO_charmass	32	static
main.c:266:9:ReadNumofFileSD	576	static
main.c:325:6:WriteNumofFileSD	584	static
main.c:368:6:CommandHistoryWrite	584	static
main.c:417:6:HistoryOnOffUSI	576	static
main.c:460:6:SyncCKT	8	static
main.c:472:6:RXCommande1	8	static
main.c:521:6:RXCommande2	8	static
main.c:535:6:RXCommande3	8	static
main.c:552:6:RXCommande4	4	static
main.c:558:6:RXCommande5	8	static
main.c:588:6:RXCommande6	8	static
main.c:602:6:CheckSD	8	static
main.c:644:6:DataConv	16	static
main.c:662:5:main	16	static
main.c:839:6:SystemClock_Config	88	static
main.c:890:13:MX_SPI1_Init	8	static
main.c:928:13:MX_SPI3_Init	8	static
main.c:966:13:MX_TIM6_Init	16	static
main.c:1004:13:MX_TIM7_Init	16	static
main.c:1042:13:MX_TIM10_Init	8	static
main.c:1073:13:MX_UART5_Init	8	static
main.c:1106:13:MX_USART1_UART_Init	8	static
main.c:1139:13:MX_USART2_UART_Init	8	static
main.c:1172:13:MX_USART3_UART_Init	8	static
main.c:1203:13:MX_DMA_Init	16	static
main.c:1231:13:MX_GPIO_Init	48	static
main.c:1319:6:HAL_UART_RxCpltCallback	24	static
main.c:1350:6:HAL_UART_TxCpltCallback	16	static
main.c:1356:6:HAL_TIM_PeriodElapsedCallback	16	static
main.c:1373:6:Error_Handler	4	static
