main.c:171:16:Crc16	24	static
main.c:182:6:CommandToRadio	24	static
main.c:212:6:uint32_TO_charmass	32	static
main.c:224:6:SyncCKT	8	static
main.c:236:6:RXCommande1	8	static
main.c:269:6:RXCommande2	8	static
main.c:281:6:RXCommande3	8	static
main.c:296:6:RXCommande4	4	static
main.c:303:6:CheckSD	8	static
main.c:347:5:main	16	static
main.c:504:6:SystemClock_Config	88	static
main.c:555:13:MX_SPI1_Init	8	static
main.c:593:13:MX_SPI3_Init	8	static
main.c:631:13:MX_TIM6_Init	16	static
main.c:669:13:MX_TIM7_Init	16	static
main.c:707:13:MX_TIM10_Init	8	static
main.c:738:13:MX_UART5_Init	8	static
main.c:771:13:MX_USART1_UART_Init	8	static
main.c:804:13:MX_USART2_UART_Init	8	static
main.c:837:13:MX_USART3_UART_Init	8	static
main.c:868:13:MX_DMA_Init	16	static
main.c:896:13:MX_GPIO_Init	48	static
main.c:984:6:HAL_UART_RxCpltCallback	16	static
main.c:1010:6:HAL_UART_TxCpltCallback	16	static
main.c:1016:6:HAL_TIM_PeriodElapsedCallback	16	static
main.c:1033:6:Error_Handler	4	static
