main.c:192:15:Crc8	24	static
main.c:202:6:PacketToRadio	24	static
main.c:226:6:transmit	40	static
main.c:406:10:Mass_to_uint32	24	static
main.c:423:6:uint32_TO_charmass	32	static
main.c:446:5:main	56	static
main.c:766:6:SystemClock_Config	88	static
main.c:817:13:MX_SPI1_Init	8	static
main.c:855:13:MX_SPI3_Init	8	static
main.c:893:13:MX_UART5_Init	8	static
main.c:926:13:MX_USART1_UART_Init	8	static
main.c:959:13:MX_USART2_UART_Init	8	static
main.c:992:13:MX_USART3_UART_Init	8	static
main.c:1023:13:MX_DMA_Init	16	static
main.c:1051:13:MX_GPIO_Init	48	static
main.c:1129:6:HAL_UART_RxCpltCallback	24	static
main.c:1201:6:HAL_UART_TxCpltCallback	16	static
main.c:1219:6:Error_Handler	4	static
