main.c:149:6:PacketToRadio	24	static
main.c:169:6:transmit	56	static
main.c:287:10:Mass_to_uint32	24	static
main.c:304:6:uint32_TO_charmass	32	static
main.c:318:6:SyncAccel	8	static
main.c:356:5:main	16	static
main.c:525:6:SystemClock_Config	88	static
main.c:576:13:MX_SPI1_Init	8	static
main.c:614:13:MX_SPI3_Init	8	static
main.c:652:13:MX_TIM6_Init	16	static
main.c:690:13:MX_TIM7_Init	16	static
main.c:728:13:MX_TIM10_Init	8	static
main.c:759:13:MX_UART5_Init	8	static
main.c:792:13:MX_USART1_UART_Init	8	static
main.c:825:13:MX_USART2_UART_Init	8	static
main.c:858:13:MX_USART3_UART_Init	8	static
main.c:889:13:MX_DMA_Init	16	static
main.c:917:13:MX_GPIO_Init	48	static
main.c:995:6:HAL_UART_RxCpltCallback	32	static
main.c:1147:6:HAL_UART_TxCpltCallback	16	static
main.c:1153:6:HAL_TIM_PeriodElapsedCallback	16	static
main.c:1199:6:Error_Handler	4	static
