main.c:204:16:Crc16	24	static
main.c:214:6:UserDelayStart	16	static
main.c:226:6:uint32_TO_charmass	32	static
main.c:235:9:ReadNumofFileSD	576	static
main.c:280:6:WriteNumofFileSD	584	static
main.c:303:6:CommandHistoryWrite	584	static
main.c:331:6:HistoryOnOffUSI	576	static
main.c:353:6:StopWriteToSD	8	static
main.c:367:6:SyncCKT	8	static
main.c:379:6:CommandToRadio	24	static
main.c:408:6:RXCommande1	8	static
main.c:425:6:RXCommande2	8	static
main.c:436:6:RXCommande3	8	static
main.c:455:6:RXCommande4	8	static
main.c:461:6:RXCommande5	8	static
main.c:471:6:RXCommande6	8	static
main.c:481:6:DataConv	16	static
main.c:498:5:main	8	static
main.c:669:6:SystemClock_Config	88	static
main.c:720:13:MX_SPI1_Init	8	static
main.c:758:13:MX_SPI3_Init	8	static
main.c:796:13:MX_TIM6_Init	16	static
main.c:834:13:MX_TIM7_Init	16	static
main.c:872:13:MX_TIM10_Init	8	static
main.c:903:13:MX_UART5_Init	8	static
main.c:936:13:MX_USART1_UART_Init	8	static
main.c:969:13:MX_USART2_UART_Init	8	static
main.c:1002:13:MX_USART3_UART_Init	8	static
main.c:1033:13:MX_DMA_Init	16	static
main.c:1061:13:MX_GPIO_Init	48	static
main.c:1149:6:HAL_UART_RxCpltCallback	24	static
main.c:1180:6:HAL_TIM_PeriodElapsedCallback	16	static
main.c:1193:6:SysTick_Handler	8	static
main.c:1222:6:Error_Handler	4	static
