main.c:204:16:Crc16	24	static
main.c:214:6:UserDelayStart	16	static
main.c:226:6:uint32_TO_charmass	32	static
main.c:235:9:ReadNumofFileSD	576	static
main.c:280:6:WriteNumofFileSD	584	static
main.c:303:6:CommandHistoryWrite	584	static
main.c:332:6:HistoryOnOffUSI	576	static
main.c:354:6:StopWriteToSD	8	static
main.c:368:6:SyncCKT	8	static
main.c:380:6:CommandToRadio	24	static
main.c:406:6:RXCommande1	8	static
main.c:437:6:RXCommande2	8	static
main.c:448:6:RXCommande3	8	static
main.c:467:6:RXCommande4	8	static
main.c:473:6:RXCommande5	8	static
main.c:483:6:RXCommande6	8	static
main.c:493:6:RXCommande7	8	static
main.c:503:6:RXCommande8	8	static
main.c:513:6:DataConv	16	static
main.c:525:9:CKTcrc	24	static
main.c:545:5:main	8	static
main.c:721:6:SystemClock_Config	88	static
main.c:772:13:MX_SPI1_Init	8	static
main.c:810:13:MX_SPI3_Init	8	static
main.c:848:13:MX_TIM6_Init	16	static
main.c:886:13:MX_TIM7_Init	16	static
main.c:924:13:MX_TIM10_Init	8	static
main.c:955:13:MX_UART5_Init	8	static
main.c:988:13:MX_USART1_UART_Init	8	static
main.c:1021:13:MX_USART2_UART_Init	8	static
main.c:1054:13:MX_USART3_UART_Init	8	static
main.c:1085:13:MX_DMA_Init	16	static
main.c:1113:13:MX_GPIO_Init	48	static
main.c:1203:6:HAL_UART_RxCpltCallback	32	static
main.c:1238:6:HAL_TIM_PeriodElapsedCallback	16	static
main.c:1251:6:SysTick_Handler	8	static
main.c:1280:6:Error_Handler	4	static
