main.c:149:6:PacketToRadio	24	static
main.c:169:6:transmit	56	static
main.c:287:10:Mass_to_uint32	24	static
main.c:304:6:uint32_TO_charmass	32	static
main.c:318:6:SyncAccel	8	static
main.c:356:5:main	16	static
main.c:544:6:SystemClock_Config	88	static
main.c:594:13:MX_SPI1_Init	8	static
main.c:632:13:MX_SPI3_Init	8	static
main.c:670:13:MX_TIM6_Init	16	static
main.c:708:13:MX_TIM7_Init	16	static
main.c:746:13:MX_TIM10_Init	8	static
main.c:777:13:MX_UART5_Init	8	static
main.c:810:13:MX_USART1_UART_Init	8	static
main.c:843:13:MX_USART2_UART_Init	8	static
main.c:876:13:MX_USART3_UART_Init	8	static
main.c:907:13:MX_DMA_Init	16	static
main.c:935:13:MX_GPIO_Init	48	static
main.c:1015:6:HAL_UART_RxCpltCallback	32	static
main.c:1172:6:HAL_UART_TxCpltCallback	16	static
main.c:1180:6:HAL_TIM_PeriodElapsedCallback	16	static
main.c:1224:6:Error_Handler	4	static
