main.c:204:16:Crc16	24	static
main.c:214:6:UserDelayStart	16	static
main.c:226:6:uint32_TO_charmass	32	static
main.c:235:9:ReadNumofFileSD	576	static
main.c:287:6:WriteNumofFileSD	584	static
main.c:315:6:CommandHistoryWrite	584	static
main.c:348:6:HistoryOnOffUSI	576	static
main.c:374:6:StopWriteToSD	8	static
main.c:390:6:SyncCKT	8	static
main.c:402:6:CommandToRadio	24	static
main.c:431:6:RXCommande1	8	static
main.c:448:6:RXCommande2	8	static
main.c:459:6:RXCommande3	8	static
main.c:478:6:RXCommande4	8	static
main.c:484:6:RXCommande5	8	static
main.c:494:6:RXCommande6	8	static
main.c:504:6:DataConv	16	static
main.c:521:5:main	8	static
main.c:698:6:SystemClock_Config	88	static
main.c:749:13:MX_SPI1_Init	8	static
main.c:787:13:MX_SPI3_Init	8	static
main.c:825:13:MX_TIM6_Init	16	static
main.c:863:13:MX_TIM7_Init	16	static
main.c:901:13:MX_TIM10_Init	8	static
main.c:932:13:MX_UART5_Init	8	static
main.c:965:13:MX_USART1_UART_Init	8	static
main.c:998:13:MX_USART2_UART_Init	8	static
main.c:1031:13:MX_USART3_UART_Init	8	static
main.c:1062:13:MX_DMA_Init	16	static
main.c:1090:13:MX_GPIO_Init	48	static
main.c:1178:6:HAL_UART_RxCpltCallback	24	static
main.c:1218:6:HAL_TIM_PeriodElapsedCallback	16	static
main.c:1231:6:SysTick_Handler	8	static
main.c:1260:6:Error_Handler	4	static
