main.c:147:10:Flash_Read_single8bit	16	static
main.c:153:6:Flash_Write_single8bit	24	static
main.c:161:6:flashErasePage	40	static
main.c:209:16:Crc16	24	static
main.c:220:6:CommandToRadio	24	static
main.c:252:6:uint32_TO_charmass	32	static
main.c:264:6:SyncCKT	8	static
main.c:276:6:RXCommande1	8	static
main.c:314:6:RXCommande2	8	static
main.c:326:6:RXCommande3	8	static
main.c:341:6:RXCommande4	4	static
main.c:348:6:RXCommande5	8	static
main.c:376:6:RXCommande6	8	static
main.c:388:6:CheckSD	8	static
main.c:428:6:DataConv	16	static
main.c:446:5:main	16	static
main.c:621:6:SystemClock_Config	88	static
main.c:672:13:MX_SPI1_Init	8	static
main.c:710:13:MX_SPI3_Init	8	static
main.c:748:13:MX_TIM6_Init	16	static
main.c:786:13:MX_TIM7_Init	16	static
main.c:824:13:MX_TIM10_Init	8	static
main.c:855:13:MX_UART5_Init	8	static
main.c:888:13:MX_USART1_UART_Init	8	static
main.c:921:13:MX_USART2_UART_Init	8	static
main.c:954:13:MX_USART3_UART_Init	8	static
main.c:985:13:MX_DMA_Init	16	static
main.c:1013:13:MX_GPIO_Init	48	static
main.c:1101:6:HAL_UART_RxCpltCallback	24	static
main.c:1132:6:HAL_UART_TxCpltCallback	16	static
main.c:1138:6:HAL_TIM_PeriodElapsedCallback	16	static
main.c:1155:6:Error_Handler	4	static
