main.c:204:16:Crc16	24	static
main.c:214:6:UserDelayStart	16	static
main.c:226:6:uint32_TO_charmass	32	static
main.c:235:9:ReadNumofFileSD	576	static
main.c:280:6:WriteNumofFileSD	584	static
main.c:303:6:CommandHistoryWrite	584	static
main.c:331:6:HistoryOnOffUSI	576	static
main.c:353:6:StopWriteToSD	8	static
main.c:367:6:SyncCKT	8	static
main.c:379:6:CommandToRadio	24	static
main.c:408:6:RXCommande1	8	static
main.c:425:6:RXCommande2	8	static
main.c:436:6:RXCommande3	8	static
main.c:455:6:RXCommande4	8	static
main.c:461:6:RXCommande5	8	static
main.c:471:6:RXCommande6	8	static
main.c:481:6:DataConv	16	static
main.c:493:9:CKTcrc	24	static
main.c:513:5:main	8	static
main.c:684:6:SystemClock_Config	88	static
main.c:735:13:MX_SPI1_Init	8	static
main.c:773:13:MX_SPI3_Init	8	static
main.c:811:13:MX_TIM6_Init	16	static
main.c:849:13:MX_TIM7_Init	16	static
main.c:887:13:MX_TIM10_Init	8	static
main.c:918:13:MX_UART5_Init	8	static
main.c:951:13:MX_USART1_UART_Init	8	static
main.c:984:13:MX_USART2_UART_Init	8	static
main.c:1017:13:MX_USART3_UART_Init	8	static
main.c:1048:13:MX_DMA_Init	16	static
main.c:1076:13:MX_GPIO_Init	48	static
main.c:1164:6:HAL_UART_RxCpltCallback	32	static
main.c:1199:6:HAL_TIM_PeriodElapsedCallback	16	static
main.c:1212:6:SysTick_Handler	8	static
main.c:1241:6:Error_Handler	4	static
