main.c:153:6:PacketToRadio	24	static
main.c:243:6:transmit	56	static
main.c:389:10:Mass_to_uint32	24	static
main.c:406:6:uint32_TO_charmass	32	static
main.c:420:6:SyncAccel	8	static
main.c:458:5:main	16	static
main.c:823:6:SystemClock_Config	88	static
main.c:874:13:MX_SPI1_Init	8	static
main.c:912:13:MX_SPI3_Init	8	static
main.c:950:13:MX_UART5_Init	8	static
main.c:983:13:MX_USART1_UART_Init	8	static
main.c:1016:13:MX_USART2_UART_Init	8	static
main.c:1049:13:MX_USART3_UART_Init	8	static
main.c:1080:13:MX_DMA_Init	16	static
main.c:1108:13:MX_GPIO_Init	48	static
main.c:1186:6:HAL_UART_RxCpltCallback	24	static
main.c:1326:6:HAL_UART_TxCpltCallback	16	static
main.c:1344:6:Error_Handler	4	static
