main.c:204:16:Crc16	24	static
main.c:214:6:UserDelayStart	16	static
main.c:226:6:uint32_TO_charmass	32	static
main.c:235:9:ReadNumofFileSD	576	static
main.c:280:6:WriteNumofFileSD	584	static
main.c:303:6:CommandHistoryWrite	584	static
main.c:332:6:HistoryOnOffUSI	576	static
main.c:354:6:StopWriteToSD	8	static
main.c:368:6:SyncCKT	8	static
main.c:380:6:CommandToRadio	24	static
main.c:409:6:RXCommande1	8	static
main.c:426:6:RXCommande2	8	static
main.c:437:6:RXCommande3	8	static
main.c:456:6:RXCommande4	8	static
main.c:462:6:RXCommande5	8	static
main.c:472:6:RXCommande6	8	static
main.c:482:6:DataConv	16	static
main.c:494:9:CKTcrc	24	static
main.c:514:5:main	8	static
main.c:685:6:SystemClock_Config	88	static
main.c:736:13:MX_SPI1_Init	8	static
main.c:774:13:MX_SPI3_Init	8	static
main.c:812:13:MX_TIM6_Init	16	static
main.c:850:13:MX_TIM7_Init	16	static
main.c:888:13:MX_TIM10_Init	8	static
main.c:919:13:MX_UART5_Init	8	static
main.c:952:13:MX_USART1_UART_Init	8	static
main.c:985:13:MX_USART2_UART_Init	8	static
main.c:1018:13:MX_USART3_UART_Init	8	static
main.c:1049:13:MX_DMA_Init	16	static
main.c:1077:13:MX_GPIO_Init	48	static
main.c:1165:6:HAL_UART_RxCpltCallback	24	static
main.c:1200:6:HAL_TIM_PeriodElapsedCallback	16	static
main.c:1213:6:SysTick_Handler	8	static
main.c:1242:6:Error_Handler	4	static
