main.c:200:15:Crc8	24	static
main.c:210:6:PacketToRadio	24	static
main.c:234:6:transmit	40	static
main.c:414:10:Mass_to_uint32	24	static
main.c:431:6:uint32_TO_charmass	32	static
main.c:454:5:main	56	static
main.c:834:6:SystemClock_Config	88	static
main.c:885:13:MX_SPI1_Init	8	static
main.c:923:13:MX_SPI3_Init	8	static
main.c:961:13:MX_UART5_Init	8	static
main.c:994:13:MX_USART1_UART_Init	8	static
main.c:1027:13:MX_USART2_UART_Init	8	static
main.c:1060:13:MX_USART3_UART_Init	8	static
main.c:1091:13:MX_DMA_Init	16	static
main.c:1119:13:MX_GPIO_Init	48	static
main.c:1197:6:HAL_UART_RxCpltCallback	24	static
main.c:1269:6:HAL_UART_TxCpltCallback	16	static
main.c:1287:6:Error_Handler	4	static
