main.c:174:6:PacketToRadio	24	static
main.c:194:6:transmit	56	static
main.c:312:10:Mass_to_uint32	24	static
main.c:329:6:uint32_TO_charmass	32	static
main.c:342:6:SyncAccel	8	static
main.c:380:5:main	16	static
main.c:639:6:SystemClock_Config	88	static
main.c:690:13:MX_SPI1_Init	8	static
main.c:728:13:MX_SPI3_Init	8	static
main.c:766:13:MX_TIM6_Init	16	static
main.c:804:13:MX_TIM7_Init	16	static
main.c:842:13:MX_TIM10_Init	8	static
main.c:873:13:MX_UART5_Init	8	static
main.c:906:13:MX_USART1_UART_Init	8	static
main.c:939:13:MX_USART2_UART_Init	8	static
main.c:972:13:MX_USART3_UART_Init	8	static
main.c:1003:13:MX_DMA_Init	16	static
main.c:1031:13:MX_GPIO_Init	48	static
main.c:1110:6:HAL_UART_RxCpltCallback	32	static
main.c:1237:6:HAL_UART_TxCpltCallback	16	static
main.c:1243:6:HAL_TIM_PeriodElapsedCallback	16	static
main.c:1289:6:Error_Handler	4	static
