main.c:206:16:Crc16	24	static
main.c:216:6:UserDelayStart	16	static
main.c:222:6:CommandToRadio	24	static
main.c:254:6:uint32_TO_charmass	32	static
main.c:263:9:ReadNumofFileSD	576	static
main.c:315:6:WriteNumofFileSD	584	static
main.c:343:6:CommandHistoryWrite	584	static
main.c:376:6:HistoryOnOffUSI	576	static
main.c:402:6:StopWriteToSD	8	static
main.c:418:6:SyncCKT	8	static
main.c:430:6:RXCommande1	8	static
main.c:456:6:RXCommande2	8	static
main.c:470:6:RXCommande3	8	static
main.c:491:6:RXCommande4	4	static
main.c:496:6:RXCommande5	8	static
main.c:515:6:RXCommande6	8	static
main.c:528:6:DataConv	16	static
main.c:545:5:main	16	static
main.c:732:6:SystemClock_Config	88	static
main.c:783:13:MX_SPI1_Init	8	static
main.c:821:13:MX_SPI3_Init	8	static
main.c:859:13:MX_TIM6_Init	16	static
main.c:897:13:MX_TIM7_Init	16	static
main.c:935:13:MX_TIM10_Init	8	static
main.c:966:13:MX_UART5_Init	8	static
main.c:999:13:MX_USART1_UART_Init	8	static
main.c:1032:13:MX_USART2_UART_Init	8	static
main.c:1065:13:MX_USART3_UART_Init	8	static
main.c:1096:13:MX_DMA_Init	16	static
main.c:1124:13:MX_GPIO_Init	48	static
main.c:1212:6:HAL_UART_RxCpltCallback	24	static
main.c:1252:6:HAL_TIM_PeriodElapsedCallback	16	static
main.c:1265:6:SysTick_Handler	8	static
main.c:1294:6:Error_Handler	4	static
