main.c:142:6:PacketToRadio	24	static
main.c:162:6:transmit	56	static
main.c:280:10:Mass_to_uint32	24	static
main.c:297:6:uint32_TO_charmass	32	static
main.c:311:6:SyncAccel	8	static
main.c:349:5:main	16	static
main.c:473:6:SystemClock_Config	88	static
main.c:524:13:MX_SPI1_Init	8	static
main.c:562:13:MX_SPI3_Init	8	static
main.c:600:13:MX_UART5_Init	8	static
main.c:633:13:MX_USART1_UART_Init	8	static
main.c:666:13:MX_USART2_UART_Init	8	static
main.c:699:13:MX_USART3_UART_Init	8	static
main.c:730:13:MX_DMA_Init	16	static
main.c:758:13:MX_GPIO_Init	48	static
main.c:836:6:HAL_UART_RxCpltCallback	32	static
main.c:980:6:HAL_UART_TxCpltCallback	16	static
main.c:998:6:Error_Handler	4	static
