RF96.c:44:9:Rf96_LoRaReadRSSI	16	static
RF96.c:53:9:Rf96_LoRaReadRSSIPkT	16	static
RF96.c:61:6:Rf96_LoRaClearIrq	8	static
RF96.c:67:6:Rf96_Standby	8	static
RF96.c:74:6:Rf96_Sleep	8	static
RF96.c:81:6:Rf96_EntryLoRa	8	static
RF96.c:87:6:Rf96_FreqChoose	16	static
RF96.c:93:6:Rf96_OutPower	16	static
RF96.c:102:6:Rf96_OCP	16	static
RF96.c:108:6:Rf96_LNA	16	static
RF96.c:117:6:Rf96_bandwide_CR_HeadreMod	16	static
RF96.c:131:6:Rf96_SF_LoadCRC_SymbTimeout	16	static
RF96.c:138:6:Rf96_Preamble	16	static
RF96.c:144:6:Rf96_PinOut_Di0_Di1_Di2_Di3	24	static
RF96.c:149:6:Rf96_irqMaskTX	8	static
RF96.c:154:6:Rf96_irqMaskRX	8	static
RF96.c:159:6:Rf96_PayloadLength	16	static
RF96.c:164:6:Rf96_TX_FifoAdr	16	static
RF96.c:169:6:Rf96_RX_FifoAdr	16	static
RF96.c:174:6:Rf96_FIFO_point	16	static
RF96.c:179:6:Rf96_RX_Single_mode	8	static
RF96.c:185:6:Rf96_RX_Continuous_mode	8	static
RF96.c:191:6:Rf96_TX_mode	8	static
RF96.c:198:6:Rf96_DataTX_to_FiFO	16	static
RF96.c:203:6:Rf96_DataRX_From_FiFO	24	static
RF96.c:213:6:Rf96_Lora_init	8	static
RF96.c:263:6:Rf96_Lora_TX_mode	8	static
RF96.c:282:6:Rf96_Lora_RX_mode	8	static
RF96.c:307:6:Rf96_LoRaTxPacket	16	static
RF96.c:334:6:Rf96_LoRaRxPacket	16	static
