stm32f4xx_it.c:81:6:NMI_Handler	4	static
stm32f4xx_it.c:94:6:HardFault_Handler	4	static
stm32f4xx_it.c:109:6:MemManage_Handler	4	static
stm32f4xx_it.c:124:6:BusFault_Handler	4	static
stm32f4xx_it.c:139:6:UsageFault_Handler	4	static
stm32f4xx_it.c:154:6:SVC_Handler	4	static
stm32f4xx_it.c:167:6:DebugMon_Handler	4	static
stm32f4xx_it.c:180:6:PendSV_Handler	4	static
stm32f4xx_it.c:205:6:DMA1_Stream0_IRQHandler	8	static
stm32f4xx_it.c:219:6:DMA1_Stream1_IRQHandler	8	static
stm32f4xx_it.c:233:6:DMA1_Stream6_IRQHandler	8	static
stm32f4xx_it.c:247:6:TIM1_UP_TIM10_IRQHandler	8	static
stm32f4xx_it.c:261:6:USART1_IRQHandler	8	static
stm32f4xx_it.c:275:6:USART2_IRQHandler	8	static
stm32f4xx_it.c:289:6:USART3_IRQHandler	8	static
stm32f4xx_it.c:303:6:SPI3_IRQHandler	8	static
stm32f4xx_it.c:317:6:UART5_IRQHandler	8	static
stm32f4xx_it.c:331:6:TIM6_DAC_IRQHandler	8	static
stm32f4xx_it.c:345:6:TIM7_IRQHandler	8	static
stm32f4xx_it.c:359:6:DMA2_Stream2_IRQHandler	8	static
