RF96.c:44:9:Rf96_LoRaReadRSSI	16	static
RF96.c:53:9:Rf96_LoRaReadRSSIPkT	16	static
RF96.c:61:6:Rf96_LoRaClearIrq	8	static
RF96.c:67:6:Rf96_Standby	8	static
RF96.c:74:6:Rf96_Sleep	8	static
RF96.c:81:6:Rf96_EntryLoRa	8	static
RF96.c:87:6:Rf96_FreqChoose	16	static
RF96.c:93:6:Rf96_OutPower	16	static
RF96.c:100:6:Rf96_OCP	16	static
RF96.c:106:6:Rf96_LNA	16	static
RF96.c:115:6:Rf96_bandwide_CR_HeadreMod	16	static
RF96.c:127:6:Rf96_SF_LoadCRC_SymbTimeout	16	static
RF96.c:134:6:Rf96_Preamble	16	static
RF96.c:140:6:Rf96_PinOut_Di0_Di1	16	static
RF96.c:145:6:Rf96_irqMaskTX	8	static
RF96.c:150:6:Rf96_irqMaskRX	8	static
RF96.c:155:6:Rf96_PayloadLength	16	static
RF96.c:160:6:Rf96_TX_FifoAdr	16	static
RF96.c:165:6:Rf96_RX_FifoAdr	16	static
RF96.c:170:6:Rf96_FIFO_point	16	static
RF96.c:175:6:Rf96_RX_Single_mode	8	static
RF96.c:181:6:Rf96_RX_Continuous_mode	8	static
RF96.c:187:6:Rf96_TX_mode	8	static
RF96.c:194:6:Rf96_DataTX_to_FiFO	16	static
RF96.c:199:6:Rf96_DataRX_From_FiFO	24	static
RF96.c:209:6:Rf96_Lora_init	8	static
RF96.c:257:6:Rf96_Lora_TX_mode	8	static
RF96.c:275:6:Rf96_Lora_RX_mode	8	static
RF96.c:300:6:Rf96_LoRaTxPacket	16	static
RF96.c:326:6:Rf96_LoRaRxPacket	16	static
