Archive member included to satisfy reference by file (symbol)

/opt/st/stm32cubeide_1.3.0/plugins/com.st.stm32cube.ide.mcu.externaltools.gnu-tools-for-stm32.7-2018-q2-update.linux64_1.0.0.201904181610/tools/bin/../lib/gcc/arm-none-eabi/7.3.1/../../../../arm-none-eabi/lib/thumb/v7e-m/fpv4-sp/hard/libc_nano.a(lib_a-errno.o)
                              Core/Src/syscalls.o (__errno)
/opt/st/stm32cubeide_1.3.0/plugins/com.st.stm32cube.ide.mcu.externaltools.gnu-tools-for-stm32.7-2018-q2-update.linux64_1.0.0.201904181610/tools/bin/../lib/gcc/arm-none-eabi/7.3.1/../../../../arm-none-eabi/lib/thumb/v7e-m/fpv4-sp/hard/libc_nano.a(lib_a-exit.o)
                              /opt/st/stm32cubeide_1.3.0/plugins/com.st.stm32cube.ide.mcu.externaltools.gnu-tools-for-stm32.7-2018-q2-update.linux64_1.0.0.201904181610/tools/bin/../lib/gcc/arm-none-eabi/7.3.1/../../../../arm-none-eabi/lib/thumb/v7e-m/fpv4-sp/hard/crt0.o (exit)
/opt/st/stm32cubeide_1.3.0/plugins/com.st.stm32cube.ide.mcu.externaltools.gnu-tools-for-stm32.7-2018-q2-update.linux64_1.0.0.201904181610/tools/bin/../lib/gcc/arm-none-eabi/7.3.1/../../../../arm-none-eabi/lib/thumb/v7e-m/fpv4-sp/hard/libc_nano.a(lib_a-impure.o)
                              /opt/st/stm32cubeide_1.3.0/plugins/com.st.stm32cube.ide.mcu.externaltools.gnu-tools-for-stm32.7-2018-q2-update.linux64_1.0.0.201904181610/tools/bin/../lib/gcc/arm-none-eabi/7.3.1/../../../../arm-none-eabi/lib/thumb/v7e-m/fpv4-sp/hard/libc_nano.a(lib_a-exit.o) (_global_impure_ptr)
/opt/st/stm32cubeide_1.3.0/plugins/com.st.stm32cube.ide.mcu.externaltools.gnu-tools-for-stm32.7-2018-q2-update.linux64_1.0.0.201904181610/tools/bin/../lib/gcc/arm-none-eabi/7.3.1/../../../../arm-none-eabi/lib/thumb/v7e-m/fpv4-sp/hard/libc_nano.a(lib_a-init.o)
                              /opt/st/stm32cubeide_1.3.0/plugins/com.st.stm32cube.ide.mcu.externaltools.gnu-tools-for-stm32.7-2018-q2-update.linux64_1.0.0.201904181610/tools/bin/../lib/gcc/arm-none-eabi/7.3.1/../../../../arm-none-eabi/lib/thumb/v7e-m/fpv4-sp/hard/crt0.o (__libc_init_array)
/opt/st/stm32cubeide_1.3.0/plugins/com.st.stm32cube.ide.mcu.externaltools.gnu-tools-for-stm32.7-2018-q2-update.linux64_1.0.0.201904181610/tools/bin/../lib/gcc/arm-none-eabi/7.3.1/../../../../arm-none-eabi/lib/thumb/v7e-m/fpv4-sp/hard/libc_nano.a(lib_a-memset.o)
                              /opt/st/stm32cubeide_1.3.0/plugins/com.st.stm32cube.ide.mcu.externaltools.gnu-tools-for-stm32.7-2018-q2-update.linux64_1.0.0.201904181610/tools/bin/../lib/gcc/arm-none-eabi/7.3.1/../../../../arm-none-eabi/lib/thumb/v7e-m/fpv4-sp/hard/crt0.o (memset)
/opt/st/stm32cubeide_1.3.0/plugins/com.st.stm32cube.ide.mcu.externaltools.gnu-tools-for-stm32.7-2018-q2-update.linux64_1.0.0.201904181610/tools/bin/../lib/gcc/arm-none-eabi/7.3.1/../../../../arm-none-eabi/lib/thumb/v7e-m/fpv4-sp/hard/libc_nano.a(lib_a-sprintf.o)
                              Core/Src/main.o (sprintf)
/opt/st/stm32cubeide_1.3.0/plugins/com.st.stm32cube.ide.mcu.externaltools.gnu-tools-for-stm32.7-2018-q2-update.linux64_1.0.0.201904181610/tools/bin/../lib/gcc/arm-none-eabi/7.3.1/../../../../arm-none-eabi/lib/thumb/v7e-m/fpv4-sp/hard/libc_nano.a(lib_a-nano-svfprintf.o)
                              /opt/st/stm32cubeide_1.3.0/plugins/com.st.stm32cube.ide.mcu.externaltools.gnu-tools-for-stm32.7-2018-q2-update.linux64_1.0.0.201904181610/tools/bin/../lib/gcc/arm-none-eabi/7.3.1/../../../../arm-none-eabi/lib/thumb/v7e-m/fpv4-sp/hard/libc_nano.a(lib_a-sprintf.o) (_svfprintf_r)
/opt/st/stm32cubeide_1.3.0/plugins/com.st.stm32cube.ide.mcu.externaltools.gnu-tools-for-stm32.7-2018-q2-update.linux64_1.0.0.201904181610/tools/bin/../lib/gcc/arm-none-eabi/7.3.1/../../../../arm-none-eabi/lib/thumb/v7e-m/fpv4-sp/hard/libc_nano.a(lib_a-nano-vfprintf_i.o)
                              /opt/st/stm32cubeide_1.3.0/plugins/com.st.stm32cube.ide.mcu.externaltools.gnu-tools-for-stm32.7-2018-q2-update.linux64_1.0.0.201904181610/tools/bin/../lib/gcc/arm-none-eabi/7.3.1/../../../../arm-none-eabi/lib/thumb/v7e-m/fpv4-sp/hard/libc_nano.a(lib_a-nano-svfprintf.o) (_printf_i)
/opt/st/stm32cubeide_1.3.0/plugins/com.st.stm32cube.ide.mcu.externaltools.gnu-tools-for-stm32.7-2018-q2-update.linux64_1.0.0.201904181610/tools/bin/../lib/gcc/arm-none-eabi/7.3.1/../../../../arm-none-eabi/lib/thumb/v7e-m/fpv4-sp/hard/libc_nano.a(lib_a-memchr.o)
                              /opt/st/stm32cubeide_1.3.0/plugins/com.st.stm32cube.ide.mcu.externaltools.gnu-tools-for-stm32.7-2018-q2-update.linux64_1.0.0.201904181610/tools/bin/../lib/gcc/arm-none-eabi/7.3.1/../../../../arm-none-eabi/lib/thumb/v7e-m/fpv4-sp/hard/libc_nano.a(lib_a-nano-svfprintf.o) (memchr)
/opt/st/stm32cubeide_1.3.0/plugins/com.st.stm32cube.ide.mcu.externaltools.gnu-tools-for-stm32.7-2018-q2-update.linux64_1.0.0.201904181610/tools/bin/../lib/gcc/arm-none-eabi/7.3.1/../../../../arm-none-eabi/lib/thumb/v7e-m/fpv4-sp/hard/libc_nano.a(lib_a-memcpy-stub.o)
[...]
Memory Configuration

Name             Origin             Length             Attributes
RAM              0x0000000020000000 0x0000000000020000 xrw
FLASH            0x0000000008000000 0x0000000000080000 xr
*default*        0x0000000000000000 0xffffffffffffffff

Linker script and memory map

LOAD /opt/st/stm32cubeide_1.3.0/plugins/com.st.stm32cube.ide.mcu.externaltools.gnu-tools-for-stm32.7-2018-q2-update.linux64_1.0.0.201904181610/tools/bin/../lib/gcc/arm-none-eabi/7.3.1/thumb/v7e-m/fpv4-sp/hard/crti.o
LOAD /opt/st/stm32cubeide_1.3.0/plugins/com.st.stm32cube.ide.mcu.externaltools.gnu-tools-for-stm32.7-2018-q2-update.linux64_1.0.0.201904181610/tools/bin/../lib/gcc/arm-none-eabi/7.3.1/thumb/v7e-m/fpv4-sp/hard/crtbegin.o
LOAD /opt/st/stm32cubeide_1.3.0/plugins/com.st.stm32cube.ide.mcu.externaltools.gnu-tools-for-stm32.7-2018-q2-update.linux64_1.0.0.201904181610/tools/bin/../lib/gcc/arm-none-eabi/7.3.1/../../../../arm-none-eabi/lib/thumb/v7e-m/fpv4-sp/hard/crt0.o
LOAD Core/Src/RF96.o
LOAD Core/Src/main.o
LOAD Core/Src/sdcard.o
LOAD Core/Src/spi.o
LOAD Core/Src/stm32f4xx_hal_msp.o
LOAD Core/Src/stm32f4xx_it.o
LOAD Core/Src/syscalls.o
LOAD Core/Src/sysmem.o
LOAD Core/Src/system_stm32f4xx.o
LOAD Core/Src/user_diskio_spi.o
LOAD Core/Startup/startup_stm32f446retx.o
LOAD Drivers/STM32F4xx_HAL_Driver/Src/stm32f4xx_hal.o
LOAD Drivers/STM32F4xx_HAL_Driver/Src/stm32f4xx_hal_cortex.o
LOAD Drivers/STM32F4xx_HAL_Driver/Src/stm32f4xx_hal_dma.o
LOAD Drivers/STM32F4xx_HAL_Driver/Src/stm32f4xx_hal_dma_ex.o
LOAD Drivers/STM32F4xx_HAL_Driver/Src/stm32f4xx_hal_exti.o
LOAD Drivers/STM32F4xx_HAL_Driver/Src/stm32f4xx_hal_flash.o
LOAD Drivers/STM32F4xx_HAL_Driver/Src/stm32f4xx_hal_flash_ex.o
LOAD Drivers/STM32F4xx_HAL_Driver/Src/stm32f4xx_hal_flash_ramfunc.o
LOAD Drivers/STM32F4xx_HAL_Driver/Src/stm32f4xx_hal_gpio.o
LOAD Drivers/STM32F4xx_HAL_Driver/Src/stm32f4xx_hal_pwr.o
LOAD Drivers/STM32F4xx_HAL_Driver/Src/stm32f4xx_hal_pwr_ex.o
LOAD Drivers/STM32F4xx_HAL_Driver/Src/stm32f4xx_hal_rcc.o
LOAD Drivers/STM32F4xx_HAL_Driver/Src/stm32f4xx_hal_rcc_ex.o
LOAD Drivers/STM32F4xx_HAL_Driver/Src/stm32f4xx_hal_spi.o
LOAD Drivers/STM32F4xx_HAL_Driver/Src/stm32f4xx_hal_tim.o
LOAD Drivers/STM32F4xx_HAL_Driver/Src/stm32f4xx_hal_tim_ex.o
LOAD Drivers/STM32F4xx_HAL_Driver/Src/stm32f4xx_hal_uart.o
LOAD FATFS/App/fatfs.o
LOAD FATFS/Target/user_diskio.o
LOAD Middlewares/Third_Party/FatFs/src/diskio.o
LOAD Middlewares/Third_Party/FatFs/src/ff.o
LOAD Middlewares/Third_Party/FatFs/src/ff_gen_drv.o
LOAD Middlewares/Third_Party/FatFs/src/option/syscall.o
START GROUP
LOAD /opt/st/stm32cubeide_1.3.0/plugins/com.st.stm32cube.ide.mcu.externaltools.gnu-tools-for-stm32.7-2018-q2-update.linux64_1.0.0.201904181610/tools/bin/../lib/gcc/arm-none-eabi/7.3.1/../../../../arm-none-eabi/lib/thumb/v7e-m/fpv4-sp/hard/libstdc++_nano.a
LOAD /opt/st/stm32cubeide_1.3.0/plugins/com.st.stm32cube.ide.mcu.externaltools.gnu-tools-for-stm32.7-2018-q2-update.linux64_1.0.0.201904181610/tools/bin/../lib/gcc/arm-none-eabi/7.3.1/../../../../arm-none-eabi/lib/thumb/v7e-m/fpv4-sp/hard/libsupc++_nano.a
END GROUP
LOAD /opt/st/stm32cubeide_1.3.0/plugins/com.st.stm32cube.ide.mcu.externaltools.gnu-tools-for-stm32.7-2018-q2-update.linux64_1.0.0.201904181610/tools/bin/../lib/gcc/arm-none-eabi/7.3.1/../../../../arm-none-eabi/lib/thumb/v7e-m/fpv4-sp/hard/libstdc++_nano.a
LOAD /opt/st/stm32cubeide_1.3.0/plugins/com.st.stm32cube.ide.mcu.externaltools.gnu-tools-for-stm32.7-2018-q2-update.linux64_1.0.0.201904181610/tools/bin/../lib/gcc/arm-none-eabi/7.3.1/../../../../arm-none-eabi/lib/thumb/v7e-m/fpv4-sp/hard/libm.a
LOAD /opt/st/stm32cubeide_1.3.0/plugins/com.st.stm32cube.ide.mcu.externaltools.gnu-tools-for-stm32.7-2018-q2-update.linux64_1.0.0.201904181610/tools/bin/../lib/gcc/arm-none-eabi/7.3.1/../../../../arm-none-eabi/lib/thumb/v7e-m/fpv4-sp/hard/libc_nano.a
START GROUP
LOAD /opt/st/stm32cubeide_1.3.0/plugins/com.st.stm32cube.ide.mcu.externaltools.gnu-tools-for-stm32.7-2018-q2-update.linux64_1.0.0.201904181610/tools/bin/../lib/gcc/arm-none-eabi/7.3.1/thumb/v7e-m/fpv4-sp/hard/libgcc.a
LOAD /opt/st/stm32cubeide_1.3.0/plugins/com.st.stm32cube.ide.mcu.externaltools.gnu-tools-for-stm32.7-2018-q2-update.linux64_1.0.0.201904181610/tools/bin/../lib/gcc/arm-none-eabi/7.3.1/../../../../arm-none-eabi/lib/thumb/v7e-m/fpv4-sp/hard/libc_nano.a
END GROUP
START GROUP
LOAD /opt/st/stm32cubeide_1.3.0/plugins/com.st.stm32cube.ide.mcu.externaltools.gnu-tools-for-stm32.7-2018-q2-update.linux64_1.0.0.201904181610/tools/bin/../lib/gcc/arm-none-eabi/7.3.1/thumb/v7e-m/fpv4-sp/hard/libgcc.a
LOAD /opt/st/stm32cubeide_1.3.0/plugins/com.st.stm32cube.ide.mcu.externaltools.gnu-tools-for-stm32.7-2018-q2-update.linux64_1.0.0.201904181610/tools/bin/../lib/gcc/arm-none-eabi/7.3.1/../../../../arm-none-eabi/lib/thumb/v7e-m/fpv4-sp/hard/libc_nano.a
END GROUP
LOAD /opt/st/stm32cubeide_1.3.0/plugins/com.st.stm32cube.ide.mcu.externaltools.gnu-tools-for-stm32.7-2018-q2-update.linux64_1.0.0.201904181610/tools/bin/../lib/gcc/arm-none-eabi/7.3.1/thumb/v7e-m/fpv4-sp/hard/crtend.o
LOAD /opt/st/stm32cubeide_1.3.0/plugins/com.st.stm32cube.ide.mcu.externaltools.gnu-tools-for-stm32.7-2018-q2-update.linux64_1.0.0.201904181610/tools/bin/../lib/gcc/arm-none-eabi/7.3.1/thumb/v7e-m/fpv4-sp/hard/crtn.o
                0x0000000020020000                _estack = (ORIGIN (RAM) + LENGTH (RAM))
                0x0000000000000200                _Min_Heap_Size = 0x200
                0x0000000000000400                _Min_Stack_Size = 0x400

.isr_vector     0x0000000008000000      0x1c4
                0x0000000008000000                . = ALIGN (0x4)
 *(.isr_vector)
 .isr_vector    0x0000000008000000      0x1c4 Core/Startup/startup_stm32f446retx.o
                0x0000000008000000                g_pfnVectors
                0x00000000080001c4                . = ALIGN (0x4)

.text           0x00000000080001d0     0x9b3c
                0x00000000080001d0                . = ALIGN (0x4)
 *(.text)
 .text          0x00000000080001d0       0x40 /opt/st/stm32cubeide_1.3.0/plugins/com.st.stm32cube.ide.mcu.externaltools.gnu-tools-for-stm32.7-2018-q2-update.linux64_1.0.0.201904181610/tools/bin/../lib/gcc/arm-none-eabi/7.3.1/thumb/v7e-m/fpv4-sp/hard/crtbegin.o
 .text          0x0000000008000210       0xa0 /opt/st/stm32cubeide_1.3.0/plugins/com.st.stm32cube.ide.mcu.externaltools.gnu-tools-for-stm32.7-2018-q2-update.linux64_1.0.0.201904181610/tools/bin/../lib/gcc/arm-none-eabi/7.3.1/../../../../arm-none-eabi/lib/thumb/v7e-m/fpv4-sp/hard/libc_nano.a(lib_a-memchr.o)
                0x0000000008000210                memchr
 .text          0x00000000080002b0       0x30 /opt/st/stm32cubeide_1.3.0/plugins/com.st.stm32cube.ide.mcu.externaltools.gnu-tools-for-stm32.7-2018-q2-update.linux64_1.0.0.201904181610/tools/bin/../lib/gcc/arm-none-eabi/7.3.1/thumb/v7e-m/fpv4-sp/hard/libgcc.a(_aeabi_uldivmod.o)
                0x00000000080002b0                __aeabi_uldivmod
 .text          0x00000000080002e0      0x2cc /opt/st/stm32cubeide_1.3.0/plugins/com.st.stm32cube.ide.mcu.externaltools.gnu-tools-for-stm32.7-2018-q2-update.linux64_1.0.0.201904181610/tools/bin/../lib/gcc/arm-none-eabi/7.3.1/thumb/v7e-m/fpv4-sp/hard/libgcc.a(_udivmoddi4.o)
                0x00000000080002e0                __udivmoddi4
 .text          0x00000000080005ac        0x4 /opt/st/stm32cubeide_1.3.0/plugins/com.st.stm32cube.ide.mcu.externaltools.gnu-tools-for-stm32.7-2018-q2-update.linux64_1.0.0.201904181610/tools/bin/../lib/gcc/arm-none-eabi/7.3.1/thumb/v7e-m/fpv4-sp/hard/libgcc.a(_dvmd_tls.o)
                0x00000000080005ac                __aeabi_ldiv0
                0x00000000080005ac                __aeabi_idiv0
 *(.text*)
 .text.Rf96_LoRaClearIrq
                0x00000000080005b0       0x10 Core/Src/RF96.o
                0x00000000080005b0                Rf96_LoRaClearIrq
 .text.Rf96_Standby
                0x00000000080005c0       0x10 Core/Src/RF96.o
                0x00000000080005c0                Rf96_Standby
 .text.Rf96_Sleep
                0x00000000080005d0       0x10 Core/Src/RF96.o
                0x00000000080005d0                Rf96_Sleep
 .text.Rf96_EntryLoRa
                0x00000000080005e0       0x10 Core/Src/RF96.o
                0x00000000080005e0                Rf96_EntryLoRa
 .text.Rf96_FreqChoose
                0x00000000080005f0       0x2c Core/Src/RF96.o
                0x00000000080005f0                Rf96_FreqChoose
 .text.Rf96_OutPower
                0x000000000800061c       0x2c Core/Src/RF96.o
                0x000000000800061c                Rf96_OutPower
 .text.Rf96_OCP
                0x0000000008000648       0x24 Core/Src/RF96.o
                0x0000000008000648                Rf96_OCP
 .text.Rf96_LNA
                0x000000000800066c       0x24 Core/Src/RF96.o
                0x000000000800066c                Rf96_LNA
 .text.Rf96_bandwide_CR_HeadreMod
                0x0000000008000690       0x22 Core/Src/RF96.o
                0x0000000008000690                Rf96_bandwide_CR_HeadreMod
 .text.Rf96_SF_LoadCRC_SymbTimeout
                0x00000000080006b2       0x2e Core/Src/RF96.o
                0x00000000080006b2                Rf96_SF_LoadCRC_SymbTimeout
 .text.Rf96_Preamble
                0x00000000080006e0       0x2e Core/Src/RF96.o
                0x00000000080006e0                Rf96_Preamble
 .text.Rf96_PinOut_Di0_Di1_Di2_Di3
                0x000000000800070e       0x4e Core/Src/RF96.o
                0x000000000800070e                Rf96_PinOut_Di0_Di1_Di2_Di3
 .text.Rf96_irqMaskTX
                0x000000000800075c       0x10 Core/Src/RF96.o
                0x000000000800075c                Rf96_irqMaskTX
 .text.Rf96_PayloadLength
                0x000000000800076c       0x1c Core/Src/RF96.o
                0x000000000800076c                Rf96_PayloadLength
 .text.Rf96_TX_FifoAdr
                0x0000000008000788       0x1c Core/Src/RF96.o
                0x0000000008000788                Rf96_TX_FifoAdr
 .text.Rf96_FIFO_point
                0x00000000080007a4       0x1c Core/Src/RF96.o
                0x00000000080007a4                Rf96_FIFO_point
 .text.Rf96_TX_mode
                0x00000000080007c0       0x10 Core/Src/RF96.o
                0x00000000080007c0                Rf96_TX_mode
 .text.Rf96_DataTX_to_FiFO
                0x00000000080007d0       0x20 Core/Src/RF96.o
                0x00000000080007d0                Rf96_DataTX_to_FiFO
 .text.Rf96_Lora_init
                0x00000000080007f0       0x48 Core/Src/RF96.o
                0x00000000080007f0                Rf96_Lora_init
 .text.Rf96_Lora_TX_mode
                0x0000000008000838       0x2e Core/Src/RF96.o
                0x0000000008000838                Rf96_Lora_TX_mode
 .text.Rf96_LoRaTxPacket
                0x0000000008000866       0x22 Core/Src/RF96.o
                0x0000000008000866                Rf96_LoRaTxPacket
 .text.PacketToRadio
                0x0000000008000888       0x74 Core/Src/main.o
                0x0000000008000888                PacketToRadio
 .text.transmit
                0x00000000080008fc      0x910 Core/Src/main.o
                0x00000000080008fc                transmit
 .text.uint32_TO_charmass
                0x000000000800120c       0x74 Core/Src/main.o
                0x000000000800120c                uint32_TO_charmass
 .text.SyncAccel
                0x0000000008001280       0xb0 Core/Src/main.o
                0x0000000008001280                SyncAccel
 .text.main     0x0000000008001330      0x3e8 Core/Src/main.o
                0x0000000008001330                main
 .text.SystemClock_Config
                0x0000000008001718       0xe4 Core/Src/main.o
                0x0000000008001718                SystemClock_Config
 .text.MX_SPI1_Init
                0x00000000080017fc       0x6c Core/Src/main.o
 .text.MX_SPI3_Init
                0x0000000008001868       0x6c Core/Src/main.o
 .text.MX_TIM6_Init
                0x00000000080018d4       0x6c Core/Src/main.o
 .text.MX_TIM7_Init
                0x0000000008001940       0x6c Core/Src/main.o
 .text.MX_TIM10_Init
                0x00000000080019ac       0x48 Core/Src/main.o
 .text.MX_UART5_Init
                0x00000000080019f4       0x54 Core/Src/main.o
 .text.MX_USART1_UART_Init
                0x0000000008001a48       0x54 Core/Src/main.o
 .text.MX_USART2_UART_Init
                0x0000000008001a9c       0x54 Core/Src/main.o
 .text.MX_USART3_UART_Init
                0x0000000008001af0       0x54 Core/Src/main.o
 .text.MX_DMA_Init
                0x0000000008001b44       0x8c Core/Src/main.o
 .text.MX_GPIO_Init
                0x0000000008001bd0      0x1a8 Core/Src/main.o
 .text.HAL_UART_RxCpltCallback
                0x0000000008001d78      0x334 Core/Src/main.o
                0x0000000008001d78                HAL_UART_RxCpltCallback
 .text.HAL_UART_TxCpltCallback
                0x00000000080020ac       0x14 Core/Src/main.o
                0x00000000080020ac                HAL_UART_TxCpltCallback
 .text.HAL_TIM_PeriodElapsedCallback
                0x00000000080020c0       0xf8 Core/Src/main.o
                0x00000000080020c0                HAL_TIM_PeriodElapsedCallback
 .text.Error_Handler
                0x00000000080021b8        0xe Core/Src/main.o
                0x00000000080021b8                Error_Handler
 *fill*         0x00000000080021c6        0x2 
 .text.SDCARD_Select
                0x00000000080021c8       0x18 Core/Src/sdcard.o
 .text.SDCARD_Unselect
                0x00000000080021e0       0x18 Core/Src/sdcard.o
                0x00000000080021e0                SDCARD_Unselect
 .text.SDCARD_ReadR1
                0x00000000080021f8       0x38 Core/Src/sdcard.o
 .text.SDCARD_ReadBytes
                0x0000000008002230       0x44 Core/Src/sdcard.o
 .text.SDCARD_WaitNotBusy
                0x0000000008002274       0x2c Core/Src/sdcard.o
 .text.SDCARD_WriteSingleBlock
                0x00000000080022a0       0xf0 Core/Src/sdcard.o
                0x00000000080022a0                SDCARD_WriteSingleBlock
 .text.SPICmd8bit
                0x0000000008002390       0x24 Core/Src/spi.o
                0x0000000008002390                SPICmd8bit
 .text.SPIWrite
                0x00000000080023b4       0x48 Core/Src/spi.o
                0x00000000080023b4                SPIWrite
 .text.BurstWrite
                0x00000000080023fc       0x68 Core/Src/spi.o
                0x00000000080023fc                BurstWrite
 .text.HAL_MspInit
                0x0000000008002464       0x50 Core/Src/stm32f4xx_hal_msp.o
                0x0000000008002464                HAL_MspInit
 .text.HAL_SPI_MspInit
                0x00000000080024b4      0x170 Core/Src/stm32f4xx_hal_msp.o
                0x00000000080024b4                HAL_SPI_MspInit
 .text.HAL_TIM_Base_MspInit
                0x0000000008002624       0xc8 Core/Src/stm32f4xx_hal_msp.o
                0x0000000008002624                HAL_TIM_Base_MspInit
 .text.HAL_UART_MspInit
                0x00000000080026ec      0x478 Core/Src/stm32f4xx_hal_msp.o
                0x00000000080026ec                HAL_UART_MspInit
 .text.NMI_Handler
                0x0000000008002b64        0xe Core/Src/stm32f4xx_it.o
                0x0000000008002b64                NMI_Handler
 .text.HardFault_Handler
                0x0000000008002b72        0x6 Core/Src/stm32f4xx_it.o
                0x0000000008002b72                HardFault_Handler
 .text.MemManage_Handler
                0x0000000008002b78        0x6 Core/Src/stm32f4xx_it.o
                0x0000000008002b78                MemManage_Handler
 .text.BusFault_Handler
                0x0000000008002b7e        0x6 Core/Src/stm32f4xx_it.o
                0x0000000008002b7e                BusFault_Handler
 .text.UsageFault_Handler
                0x0000000008002b84        0x6 Core/Src/stm32f4xx_it.o
                0x0000000008002b84                UsageFault_Handler
 .text.SVC_Handler
                0x0000000008002b8a        0xe Core/Src/stm32f4xx_it.o
                0x0000000008002b8a                SVC_Handler
 .text.DebugMon_Handler
                0x0000000008002b98        0xe Core/Src/stm32f4xx_it.o
                0x0000000008002b98                DebugMon_Handler
 .text.PendSV_Handler
                0x0000000008002ba6        0xe Core/Src/stm32f4xx_it.o
                0x0000000008002ba6                PendSV_Handler
 .text.SysTick_Handler
                0x0000000008002bb4        0xc Core/Src/stm32f4xx_it.o
                0x0000000008002bb4                SysTick_Handler
 .text.DMA1_Stream0_IRQHandler
                0x0000000008002bc0       0x14 Core/Src/stm32f4xx_it.o
                0x0000000008002bc0                DMA1_Stream0_IRQHandler
 .text.DMA1_Stream1_IRQHandler
                0x0000000008002bd4       0x14 Core/Src/stm32f4xx_it.o
                0x0000000008002bd4                DMA1_Stream1_IRQHandler
 .text.DMA1_Stream6_IRQHandler
                0x0000000008002be8       0x14 Core/Src/stm32f4xx_it.o
                0x0000000008002be8                DMA1_Stream6_IRQHandler
 .text.TIM1_UP_TIM10_IRQHandler
                0x0000000008002bfc       0x14 Core/Src/stm32f4xx_it.o
                0x0000000008002bfc                TIM1_UP_TIM10_IRQHandler
 .text.USART1_IRQHandler
                0x0000000008002c10       0x14 Core/Src/stm32f4xx_it.o
                0x0000000008002c10                USART1_IRQHandler
 .text.USART2_IRQHandler
                0x0000000008002c24       0x14 Core/Src/stm32f4xx_it.o
                0x0000000008002c24                USART2_IRQHandler
 .text.USART3_IRQHandler
                0x0000000008002c38       0x14 Core/Src/stm32f4xx_it.o
                0x0000000008002c38                USART3_IRQHandler
 .text.SPI3_IRQHandler
                0x0000000008002c4c       0x14 Core/Src/stm32f4xx_it.o
                0x0000000008002c4c                SPI3_IRQHandler
 .text.UART5_IRQHandler
                0x0000000008002c60       0x14 Core/Src/stm32f4xx_it.o
                0x0000000008002c60                UART5_IRQHandler
 .text.TIM6_DAC_IRQHandler
                0x0000000008002c74       0x14 Core/Src/stm32f4xx_it.o
                0x0000000008002c74                TIM6_DAC_IRQHandler
 .text.TIM7_IRQHandler
                0x0000000008002c88       0x14 Core/Src/stm32f4xx_it.o
                0x0000000008002c88                TIM7_IRQHandler
 .text.DMA2_Stream2_IRQHandler
                0x0000000008002c9c       0x14 Core/Src/stm32f4xx_it.o
                0x0000000008002c9c                DMA2_Stream2_IRQHandler
 .text._sbrk    0x0000000008002cb0       0x58 Core/Src/sysmem.o
                0x0000000008002cb0                _sbrk
 .text.SystemInit
                0x0000000008002d08       0x2c Core/Src/system_stm32f4xx.o
                0x0000000008002d08                SystemInit
 .text.SPI_Timer_On
                0x0000000008002d34       0x28 Core/Src/user_diskio_spi.o
                0x0000000008002d34                SPI_Timer_On
 .text.SPI_Timer_Status
                0x0000000008002d5c       0x2c Core/Src/user_diskio_spi.o
                0x0000000008002d5c                SPI_Timer_Status
 .text.xchg_spi
                0x0000000008002d88       0x2c Core/Src/user_diskio_spi.o
 .text.rcvr_spi_multi
                0x0000000008002db4       0x36 Core/Src/user_diskio_spi.o
 .text.xmit_spi_multi
                0x0000000008002dea       0x34 Core/Src/user_diskio_spi.o
 .text.wait_ready
                0x0000000008002e1e       0x46 Core/Src/user_diskio_spi.o
 .text.despiselect
                0x0000000008002e64       0x20 Core/Src/user_diskio_spi.o
 .text.spiselect
                0x0000000008002e84       0x38 Core/Src/user_diskio_spi.o
 .text.rcvr_datablock
                0x0000000008002ebc       0x52 Core/Src/user_diskio_spi.o
 .text.xmit_datablock
                0x0000000008002f0e       0x64 Core/Src/user_diskio_spi.o
 .text.send_cmd
                0x0000000008002f72       0xde Core/Src/user_diskio_spi.o
 .text.USER_SPI_initialize
                0x0000000008003050      0x1c0 Core/Src/user_diskio_spi.o
                0x0000000008003050                USER_SPI_initialize
 .text.USER_SPI_status
                0x0000000008003210       0x2c Core/Src/user_diskio_spi.o
                0x0000000008003210                USER_SPI_status
 .text.USER_SPI_read
                0x000000000800323c       0xcc Core/Src/user_diskio_spi.o
                0x000000000800323c                USER_SPI_read
 .text.USER_SPI_write
                0x0000000008003308       0xf8 Core/Src/user_diskio_spi.o
                0x0000000008003308                USER_SPI_write
 .text.USER_SPI_ioctl
                0x0000000008003400      0x2e0 Core/Src/user_diskio_spi.o
                0x0000000008003400                USER_SPI_ioctl
 .text.Reset_Handler
                0x00000000080036e0       0x50 Core/Startup/startup_stm32f446retx.o
                0x00000000080036e0                Reset_Handler
 .text.Default_Handler
                0x0000000008003730        0x2 Core/Startup/startup_stm32f446retx.o
                0x0000000008003730                RTC_Alarm_IRQHandler
                0x0000000008003730                EXTI2_IRQHandler
                0x0000000008003730                TIM8_CC_IRQHandler
                0x0000000008003730                FMPI2C1_EV_IRQHandler
                0x0000000008003730                SPI4_IRQHandler
                0x0000000008003730                TIM1_CC_IRQHandler
                0x0000000008003730                DMA2_Stream5_IRQHandler
                0x0000000008003730                DMA1_Stream5_IRQHandler
                0x0000000008003730                PVD_IRQHandler
                0x0000000008003730                SDIO_IRQHandler
                0x0000000008003730                TAMP_STAMP_IRQHandler
                0x0000000008003730                CAN2_RX1_IRQHandler
                0x0000000008003730                EXTI3_IRQHandler
                0x0000000008003730                TIM8_TRG_COM_TIM14_IRQHandler
                0x0000000008003730                TIM8_UP_TIM13_IRQHandler
                0x0000000008003730                I2C3_ER_IRQHandler
                0x0000000008003730                EXTI0_IRQHandler
                0x0000000008003730                I2C2_EV_IRQHandler
                0x0000000008003730                DMA1_Stream2_IRQHandler
                0x0000000008003730                CAN1_RX0_IRQHandler
                0x0000000008003730                FPU_IRQHandler
                0x0000000008003730                OTG_HS_WKUP_IRQHandler
                0x0000000008003730                CAN2_SCE_IRQHandler
                0x0000000008003730                SPI1_IRQHandler
                0x0000000008003730                TIM1_BRK_TIM9_IRQHandler
                0x0000000008003730                DCMI_IRQHandler
                0x0000000008003730                CAN2_RX0_IRQHandler
                0x0000000008003730                DMA2_Stream3_IRQHandler
                0x0000000008003730                SAI2_IRQHandler
                0x0000000008003730                USART6_IRQHandler
                0x0000000008003730                CAN1_RX1_IRQHandler
                0x0000000008003730                DMA2_Stream0_IRQHandler
                0x0000000008003730                TIM4_IRQHandler
                0x0000000008003730                QUADSPI_IRQHandler
                0x0000000008003730                I2C1_EV_IRQHandler
                0x0000000008003730                UART4_IRQHandler
                0x0000000008003730                TIM3_IRQHandler
                0x0000000008003730                RCC_IRQHandler
                0x0000000008003730                TIM8_BRK_TIM12_IRQHandler
                0x0000000008003730                Default_Handler
                0x0000000008003730                CEC_IRQHandler
                0x0000000008003730                EXTI15_10_IRQHandler
                0x0000000008003730                ADC_IRQHandler
                0x0000000008003730                DMA1_Stream7_IRQHandler
                0x0000000008003730                CAN2_TX_IRQHandler
                0x0000000008003730                TIM5_IRQHandler
                0x0000000008003730                DMA2_Stream7_IRQHandler
                0x0000000008003730                I2C3_EV_IRQHandler
                0x0000000008003730                EXTI9_5_IRQHandler
                0x0000000008003730                RTC_WKUP_IRQHandler
                0x0000000008003730                SPDIF_RX_IRQHandler
                0x0000000008003730                SPI2_IRQHandler
                0x0000000008003730                OTG_HS_EP1_IN_IRQHandler
                0x0000000008003730                CAN1_TX_IRQHandler
                0x0000000008003730                FMPI2C1_ER_IRQHandler
                0x0000000008003730                EXTI4_IRQHandler
                0x0000000008003730                OTG_HS_EP1_OUT_IRQHandler
                0x0000000008003730                WWDG_IRQHandler
                0x0000000008003730                TIM2_IRQHandler
                0x0000000008003730                OTG_FS_WKUP_IRQHandler
                0x0000000008003730                TIM1_TRG_COM_TIM11_IRQHandler
                0x0000000008003730                OTG_HS_IRQHandler
                0x0000000008003730                EXTI1_IRQHandler
                0x0000000008003730                I2C2_ER_IRQHandler
                0x0000000008003730                DMA2_Stream1_IRQHandler
                0x0000000008003730                CAN1_SCE_IRQHandler
                0x0000000008003730                FLASH_IRQHandler
                0x0000000008003730                DMA2_Stream4_IRQHandler
                0x0000000008003730                OTG_FS_IRQHandler
                0x0000000008003730                DMA1_Stream4_IRQHandler
                0x0000000008003730                I2C1_ER_IRQHandler
                0x0000000008003730                FMC_IRQHandler
                0x0000000008003730                DMA2_Stream6_IRQHandler
                0x0000000008003730                SAI1_IRQHandler
                0x0000000008003730                DMA1_Stream3_IRQHandler
 *fill*         0x0000000008003732        0x2 
 .text.HAL_Init
                0x0000000008003734       0x44 Drivers/STM32F4xx_HAL_Driver/Src/stm32f4xx_hal.o
                0x0000000008003734                HAL_Init
 .text.HAL_InitTick
                0x0000000008003778       0x60 Drivers/STM32F4xx_HAL_Driver/Src/stm32f4xx_hal.o
                0x0000000008003778                HAL_InitTick
 .text.HAL_IncTick
                0x00000000080037d8       0x28 Drivers/STM32F4xx_HAL_Driver/Src/stm32f4xx_hal.o
                0x00000000080037d8                HAL_IncTick
 .text.HAL_GetTick
                0x0000000008003800       0x18 Drivers/STM32F4xx_HAL_Driver/Src/stm32f4xx_hal.o
                0x0000000008003800                HAL_GetTick
 .text.HAL_Delay
                0x0000000008003818       0x44 Drivers/STM32F4xx_HAL_Driver/Src/stm32f4xx_hal.o
                0x0000000008003818                HAL_Delay
 .text.__NVIC_SetPriorityGrouping
                0x000000000800385c       0x48 Drivers/STM32F4xx_HAL_Driver/Src/stm32f4xx_hal_cortex.o
 .text.__NVIC_GetPriorityGrouping
                0x00000000080038a4       0x1c Drivers/STM32F4xx_HAL_Driver/Src/stm32f4xx_hal_cortex.o
 .text.__NVIC_EnableIRQ
                0x00000000080038c0       0x3c Drivers/STM32F4xx_HAL_Driver/Src/stm32f4xx_hal_cortex.o
 .text.__NVIC_SetPriority
                0x00000000080038fc       0x54 Drivers/STM32F4xx_HAL_Driver/Src/stm32f4xx_hal_cortex.o
 .text.NVIC_EncodePriority
                0x0000000008003950       0x66 Drivers/STM32F4xx_HAL_Driver/Src/stm32f4xx_hal_cortex.o
 *fill*         0x00000000080039b6        0x2 
 .text.SysTick_Config
                0x00000000080039b8       0x44 Drivers/STM32F4xx_HAL_Driver/Src/stm32f4xx_hal_cortex.o
 .text.HAL_NVIC_SetPriorityGrouping
                0x00000000080039fc       0x16 Drivers/STM32F4xx_HAL_Driver/Src/stm32f4xx_hal_cortex.o
                0x00000000080039fc                HAL_NVIC_SetPriorityGrouping
 .text.HAL_NVIC_SetPriority
                0x0000000008003a12       0x38 Drivers/STM32F4xx_HAL_Driver/Src/stm32f4xx_hal_cortex.o
                0x0000000008003a12                HAL_NVIC_SetPriority
 .text.HAL_NVIC_EnableIRQ
                0x0000000008003a4a       0x1c Drivers/STM32F4xx_HAL_Driver/Src/stm32f4xx_hal_cortex.o
                0x0000000008003a4a                HAL_NVIC_EnableIRQ
 .text.HAL_SYSTICK_Config
                0x0000000008003a66       0x18 Drivers/STM32F4xx_HAL_Driver/Src/stm32f4xx_hal_cortex.o
                0x0000000008003a66                HAL_SYSTICK_Config
 *fill*         0x0000000008003a7e        0x2 
 .text.HAL_DMA_Init
                0x0000000008003a80      0x15c Drivers/STM32F4xx_HAL_Driver/Src/stm32f4xx_hal_dma.o
                0x0000000008003a80                HAL_DMA_Init
 .text.HAL_DMA_Start_IT
                0x0000000008003bdc       0xb0 Drivers/STM32F4xx_HAL_Driver/Src/stm32f4xx_hal_dma.o
                0x0000000008003bdc                HAL_DMA_Start_IT
 .text.HAL_DMA_Abort
                0x0000000008003c8c       0xe0 Drivers/STM32F4xx_HAL_Driver/Src/stm32f4xx_hal_dma.o
                0x0000000008003c8c                HAL_DMA_Abort
 .text.HAL_DMA_Abort_IT
                0x0000000008003d6c       0x44 Drivers/STM32F4xx_HAL_Driver/Src/stm32f4xx_hal_dma.o
                0x0000000008003d6c                HAL_DMA_Abort_IT
 .text.HAL_DMA_IRQHandler
                0x0000000008003db0      0x314 Drivers/STM32F4xx_HAL_Driver/Src/stm32f4xx_hal_dma.o
                0x0000000008003db0                HAL_DMA_IRQHandler
 .text.HAL_DMA_GetError
                0x00000000080040c4       0x18 Drivers/STM32F4xx_HAL_Driver/Src/stm32f4xx_hal_dma.o
                0x00000000080040c4                HAL_DMA_GetError
 .text.DMA_SetConfig
                0x00000000080040dc       0x5c Drivers/STM32F4xx_HAL_Driver/Src/stm32f4xx_hal_dma.o
 .text.DMA_CalcBaseAndBitshift
                0x0000000008004138       0x6c Drivers/STM32F4xx_HAL_Driver/Src/stm32f4xx_hal_dma.o
 .text.DMA_CheckFifoParam
                0x00000000080041a4       0xf4 Drivers/STM32F4xx_HAL_Driver/Src/stm32f4xx_hal_dma.o
 .text.HAL_GPIO_Init
                0x0000000008004298      0x324 Drivers/STM32F4xx_HAL_Driver/Src/stm32f4xx_hal_gpio.o
                0x0000000008004298                HAL_GPIO_Init
 .text.HAL_GPIO_ReadPin
                0x00000000080045bc       0x30 Drivers/STM32F4xx_HAL_Driver/Src/stm32f4xx_hal_gpio.o
                0x00000000080045bc                HAL_GPIO_ReadPin
 .text.HAL_GPIO_WritePin
                0x00000000080045ec       0x32 Drivers/STM32F4xx_HAL_Driver/Src/stm32f4xx_hal_gpio.o
                0x00000000080045ec                HAL_GPIO_WritePin
 *fill*         0x000000000800461e        0x2 
 .text.HAL_PWREx_EnableOverDrive
                0x0000000008004620       0xa0 Drivers/STM32F4xx_HAL_Driver/Src/stm32f4xx_hal_pwr_ex.o
                0x0000000008004620                HAL_PWREx_EnableOverDrive
 .text.HAL_RCC_ClockConfig
                0x00000000080046c0      0x1cc Drivers/STM32F4xx_HAL_Driver/Src/stm32f4xx_hal_rcc.o
                0x00000000080046c0                HAL_RCC_ClockConfig
 .text.HAL_RCC_GetHCLKFreq
                0x000000000800488c       0x18 Drivers/STM32F4xx_HAL_Driver/Src/stm32f4xx_hal_rcc.o
                0x000000000800488c                HAL_RCC_GetHCLKFreq
 .text.HAL_RCC_GetPCLK1Freq
                0x00000000080048a4       0x28 Drivers/STM32F4xx_HAL_Driver/Src/stm32f4xx_hal_rcc.o
                0x00000000080048a4                HAL_RCC_GetPCLK1Freq
 .text.HAL_RCC_GetPCLK2Freq
                0x00000000080048cc       0x28 Drivers/STM32F4xx_HAL_Driver/Src/stm32f4xx_hal_rcc.o
                0x00000000080048cc                HAL_RCC_GetPCLK2Freq
 .text.HAL_RCC_GetSysClockFreq
                0x00000000080048f4      0x340 Drivers/STM32F4xx_HAL_Driver/Src/stm32f4xx_hal_rcc_ex.o
                0x00000000080048f4                HAL_RCC_GetSysClockFreq
 .text.HAL_RCC_OscConfig
                0x0000000008004c34      0x4b4 Drivers/STM32F4xx_HAL_Driver/Src/stm32f4xx_hal_rcc_ex.o
                0x0000000008004c34                HAL_RCC_OscConfig
 .text.HAL_SPI_Init
                0x00000000080050e8       0xc8 Drivers/STM32F4xx_HAL_Driver/Src/stm32f4xx_hal_spi.o
                0x00000000080050e8                HAL_SPI_Init
 .text.HAL_SPI_Transmit
                0x00000000080051b0      0x268 Drivers/STM32F4xx_HAL_Driver/Src/stm32f4xx_hal_spi.o
                0x00000000080051b0                HAL_SPI_Transmit
 .text.HAL_SPI_TransmitReceive
                0x0000000008005418      0x344 Drivers/STM32F4xx_HAL_Driver/Src/stm32f4xx_hal_spi.o
                0x0000000008005418                HAL_SPI_TransmitReceive
 .text.HAL_SPI_IRQHandler
                0x000000000800575c      0x200 Drivers/STM32F4xx_HAL_Driver/Src/stm32f4xx_hal_spi.o
                0x000000000800575c                HAL_SPI_IRQHandler
 .text.HAL_SPI_ErrorCallback
                0x000000000800595c       0x14 Drivers/STM32F4xx_HAL_Driver/Src/stm32f4xx_hal_spi.o
                0x000000000800595c                HAL_SPI_ErrorCallback
 .text.SPI_DMAAbortOnError
                0x0000000008005970       0x28 Drivers/STM32F4xx_HAL_Driver/Src/stm32f4xx_hal_spi.o
 .text.SPI_WaitFlagStateUntilTimeout
                0x0000000008005998       0xd4 Drivers/STM32F4xx_HAL_Driver/Src/stm32f4xx_hal_spi.o
 .text.SPI_EndRxTxTransaction
                0x0000000008005a6c       0x84 Drivers/STM32F4xx_HAL_Driver/Src/stm32f4xx_hal_spi.o
 .text.HAL_TIM_Base_Init
                0x0000000008005af0       0x56 Drivers/STM32F4xx_HAL_Driver/Src/stm32f4xx_hal_tim.o
                0x0000000008005af0                HAL_TIM_Base_Init
 .text.HAL_TIM_Base_Start_IT
                0x0000000008005b46       0x48 Drivers/STM32F4xx_HAL_Driver/Src/stm32f4xx_hal_tim.o
                0x0000000008005b46                HAL_TIM_Base_Start_IT
 .text.HAL_TIM_Base_Stop_IT
                0x0000000008005b8e       0x56 Drivers/STM32F4xx_HAL_Driver/Src/stm32f4xx_hal_tim.o
                0x0000000008005b8e                HAL_TIM_Base_Stop_IT
 .text.HAL_TIM_IRQHandler
                0x0000000008005be4      0x210 Drivers/STM32F4xx_HAL_Driver/Src/stm32f4xx_hal_tim.o
                0x0000000008005be4                HAL_TIM_IRQHandler
 .text.HAL_TIM_OC_DelayElapsedCallback
                0x0000000008005df4       0x14 Drivers/STM32F4xx_HAL_Driver/Src/stm32f4xx_hal_tim.o
                0x0000000008005df4                HAL_TIM_OC_DelayElapsedCallback
 .text.HAL_TIM_IC_CaptureCallback
                0x0000000008005e08       0x14 Drivers/STM32F4xx_HAL_Driver/Src/stm32f4xx_hal_tim.o
                0x0000000008005e08                HAL_TIM_IC_CaptureCallback
 .text.HAL_TIM_PWM_PulseFinishedCallback
                0x0000000008005e1c       0x14 Drivers/STM32F4xx_HAL_Driver/Src/stm32f4xx_hal_tim.o
                0x0000000008005e1c                HAL_TIM_PWM_PulseFinishedCallback
 .text.HAL_TIM_TriggerCallback
                0x0000000008005e30       0x14 Drivers/STM32F4xx_HAL_Driver/Src/stm32f4xx_hal_tim.o
                0x0000000008005e30                HAL_TIM_TriggerCallback
 .text.TIM_Base_SetConfig
                0x0000000008005e44      0x140 Drivers/STM32F4xx_HAL_Driver/Src/stm32f4xx_hal_tim.o
                0x0000000008005e44                TIM_Base_SetConfig
 .text.HAL_TIMEx_MasterConfigSynchronization
                0x0000000008005f84       0xf8 Drivers/STM32F4xx_HAL_Driver/Src/stm32f4xx_hal_tim_ex.o
                0x0000000008005f84                HAL_TIMEx_MasterConfigSynchronization
 .text.HAL_TIMEx_CommutCallback
                0x000000000800607c       0x14 Drivers/STM32F4xx_HAL_Driver/Src/stm32f4xx_hal_tim_ex.o
                0x000000000800607c                HAL_TIMEx_CommutCallback
 .text.HAL_TIMEx_BreakCallback
                0x0000000008006090       0x14 Drivers/STM32F4xx_HAL_Driver/Src/stm32f4xx_hal_tim_ex.o
                0x0000000008006090                HAL_TIMEx_BreakCallback
 .text.HAL_UART_Init
                0x00000000080060a4       0x9a Drivers/STM32F4xx_HAL_Driver/Src/stm32f4xx_hal_uart.o
                0x00000000080060a4                HAL_UART_Init
 *fill*         0x000000000800613e        0x2 
 .text.HAL_UART_Receive_DMA
                0x0000000008006140      0x100 Drivers/STM32F4xx_HAL_Driver/Src/stm32f4xx_hal_uart.o
                0x0000000008006140                HAL_UART_Receive_DMA
 .text.HAL_UART_Abort
                0x0000000008006240      0x104 Drivers/STM32F4xx_HAL_Driver/Src/stm32f4xx_hal_uart.o
                0x0000000008006240                HAL_UART_Abort
 .text.HAL_UART_IRQHandler
                0x0000000008006344      0x200 Drivers/STM32F4xx_HAL_Driver/Src/stm32f4xx_hal_uart.o
                0x0000000008006344                HAL_UART_IRQHandler
 .text.HAL_UART_RxHalfCpltCallback
                0x0000000008006544       0x14 Drivers/STM32F4xx_HAL_Driver/Src/stm32f4xx_hal_uart.o
                0x0000000008006544                HAL_UART_RxHalfCpltCallback
 .text.HAL_UART_ErrorCallback
                0x0000000008006558       0x14 Drivers/STM32F4xx_HAL_Driver/Src/stm32f4xx_hal_uart.o
                0x0000000008006558                HAL_UART_ErrorCallback
 .text.UART_DMAReceiveCplt
                0x000000000800656c       0x68 Drivers/STM32F4xx_HAL_Driver/Src/stm32f4xx_hal_uart.o
 .text.UART_DMARxHalfCplt
                0x00000000080065d4       0x1c Drivers/STM32F4xx_HAL_Driver/Src/stm32f4xx_hal_uart.o
 .text.UART_DMAError
                0x00000000080065f0       0x94 Drivers/STM32F4xx_HAL_Driver/Src/stm32f4xx_hal_uart.o
 .text.UART_EndTxTransfer
                0x0000000008006684       0x2c Drivers/STM32F4xx_HAL_Driver/Src/stm32f4xx_hal_uart.o
 .text.UART_EndRxTransfer
                0x00000000080066b0       0x3c Drivers/STM32F4xx_HAL_Driver/Src/stm32f4xx_hal_uart.o
 .text.UART_DMAAbortOnError
                0x00000000080066ec       0x28 Drivers/STM32F4xx_HAL_Driver/Src/stm32f4xx_hal_uart.o
 .text.UART_Transmit_IT
                0x0000000008006714       0xac Drivers/STM32F4xx_HAL_Driver/Src/stm32f4xx_hal_uart.o
 .text.UART_EndTransmit_IT
                0x00000000080067c0       0x30 Drivers/STM32F4xx_HAL_Driver/Src/stm32f4xx_hal_uart.o
 .text.UART_Receive_IT
                0x00000000080067f0      0x102 Drivers/STM32F4xx_HAL_Driver/Src/stm32f4xx_hal_uart.o
 *fill*         0x00000000080068f2        0x2 
 .text.UART_SetConfig
                0x00000000080068f4      0x6f8 Drivers/STM32F4xx_HAL_Driver/Src/stm32f4xx_hal_uart.o
 .text.MX_FATFS_Init
                0x0000000008006fec       0x24 FATFS/App/fatfs.o
                0x0000000008006fec                MX_FATFS_Init
 .text.get_fattime
                0x0000000008007010       0x10 FATFS/App/fatfs.o
                0x0000000008007010                get_fattime
 .text.USER_initialize
                0x0000000008007020       0x1c FATFS/Target/user_diskio.o
                0x0000000008007020                USER_initialize
 .text.USER_status
                0x000000000800703c       0x1c FATFS/Target/user_diskio.o
                0x000000000800703c                USER_status
 .text.USER_read
                0x0000000008007058       0x26 FATFS/Target/user_diskio.o
                0x0000000008007058                USER_read
 .text.USER_write
                0x000000000800707e       0x78 FATFS/Target/user_diskio.o
                0x000000000800707e                USER_write
 .text.USER_ioctl
                0x00000000080070f6       0x26 FATFS/Target/user_diskio.o
                0x00000000080070f6                USER_ioctl
 .text.disk_status
                0x000000000800711c       0x34 Middlewares/Third_Party/FatFs/src/diskio.o
                0x000000000800711c                disk_status
 .text.disk_initialize
                0x0000000008007150       0x4c Middlewares/Third_Party/FatFs/src/diskio.o
                0x0000000008007150                disk_initialize
 .text.disk_read
                0x000000000800719c       0x40 Middlewares/Third_Party/FatFs/src/diskio.o
                0x000000000800719c                disk_read
 .text.disk_write
                0x00000000080071dc       0x40 Middlewares/Third_Party/FatFs/src/diskio.o
                0x00000000080071dc                disk_write
 .text.disk_ioctl
                0x000000000800721c       0x3c Middlewares/Third_Party/FatFs/src/diskio.o
                0x000000000800721c                disk_ioctl
 .text.ld_word  0x0000000008007258       0x30 Middlewares/Third_Party/FatFs/src/ff.o
 .text.ld_dword
                0x0000000008007288       0x46 Middlewares/Third_Party/FatFs/src/ff.o
 .text.st_word  0x00000000080072ce       0x36 Middlewares/Third_Party/FatFs/src/ff.o
 .text.st_dword
                0x0000000008007304       0x58 Middlewares/Third_Party/FatFs/src/ff.o
 .text.mem_cpy  0x000000000800735c       0x42 Middlewares/Third_Party/FatFs/src/ff.o
 .text.mem_set  0x000000000800739e       0x34 Middlewares/Third_Party/FatFs/src/ff.o
 .text.mem_cmp  0x00000000080073d2       0x4e Middlewares/Third_Party/FatFs/src/ff.o
 .text.chk_chr  0x0000000008007420       0x36 Middlewares/Third_Party/FatFs/src/ff.o
 *fill*         0x0000000008007456        0x2 
 .text.chk_lock
                0x0000000008007458       0xb8 Middlewares/Third_Party/FatFs/src/ff.o
 .text.enq_lock
                0x0000000008007510       0x44 Middlewares/Third_Party/FatFs/src/ff.o
 .text.inc_lock
                0x0000000008007554      0x11c Middlewares/Third_Party/FatFs/src/ff.o
 .text.dec_lock
                0x0000000008007670       0x78 Middlewares/Third_Party/FatFs/src/ff.o
 .text.clear_lock
                0x00000000080076e8       0x48 Middlewares/Third_Party/FatFs/src/ff.o
 .text.sync_window
                0x0000000008007730       0x88 Middlewares/Third_Party/FatFs/src/ff.o
 .text.move_window
                0x00000000080077b8       0x5a Middlewares/Third_Party/FatFs/src/ff.o
 *fill*         0x0000000008007812        0x2 
 .text.sync_fs  0x0000000008007814       0xdc Middlewares/Third_Party/FatFs/src/ff.o
 .text.clust2sect
                0x00000000080078f0       0x3e Middlewares/Third_Party/FatFs/src/ff.o
 .text.get_fat  0x000000000800792e      0x14a Middlewares/Third_Party/FatFs/src/ff.o
 .text.put_fat  0x0000000008007a78      0x1ce Middlewares/Third_Party/FatFs/src/ff.o
 .text.remove_chain
                0x0000000008007c46       0xca Middlewares/Third_Party/FatFs/src/ff.o
 .text.create_chain
                0x0000000008007d10      0x130 Middlewares/Third_Party/FatFs/src/ff.o
 .text.clmt_clust
                0x0000000008007e40       0x68 Middlewares/Third_Party/FatFs/src/ff.o
 .text.dir_sdi  0x0000000008007ea8       0xf6 Middlewares/Third_Party/FatFs/src/ff.o
 .text.dir_next
                0x0000000008007f9e      0x18a Middlewares/Third_Party/FatFs/src/ff.o
 .text.dir_alloc
                0x0000000008008128       0x8e Middlewares/Third_Party/FatFs/src/ff.o
 .text.ld_clust
                0x00000000080081b6       0x3e Middlewares/Third_Party/FatFs/src/ff.o
 .text.st_clust
                0x00000000080081f4       0x40 Middlewares/Third_Party/FatFs/src/ff.o
 .text.dir_find
                0x0000000008008234       0xaa Middlewares/Third_Party/FatFs/src/ff.o
 .text.dir_register
                0x00000000080082de       0x64 Middlewares/Third_Party/FatFs/src/ff.o
 *fill*         0x0000000008008342        0x2 
 .text.create_name
                0x0000000008008344      0x128 Middlewares/Third_Party/FatFs/src/ff.o
 .text.follow_path
                0x000000000800846c       0xe2 Middlewares/Third_Party/FatFs/src/ff.o
 .text.get_ldnumber
                0x000000000800854e       0x88 Middlewares/Third_Party/FatFs/src/ff.o
 *fill*         0x00000000080085d6        0x2 
 .text.check_fs
                0x00000000080085d8       0xac Middlewares/Third_Party/FatFs/src/ff.o
 .text.find_volume
                0x0000000008008684      0x498 Middlewares/Third_Party/FatFs/src/ff.o
 .text.validate
                0x0000000008008b1c       0x6a Middlewares/Third_Party/FatFs/src/ff.o
 *fill*         0x0000000008008b86        0x2 
 .text.f_mount  0x0000000008008b88       0x8c Middlewares/Third_Party/FatFs/src/ff.o
                0x0000000008008b88                f_mount
 .text.f_open   0x0000000008008c14      0x37c Middlewares/Third_Party/FatFs/src/ff.o
                0x0000000008008c14                f_open
 .text.f_write  0x0000000008008f90      0x2ea Middlewares/Third_Party/FatFs/src/ff.o
                0x0000000008008f90                f_write
 .text.f_sync   0x000000000800927a       0xfc Middlewares/Third_Party/FatFs/src/ff.o
                0x000000000800927a                f_sync
 .text.f_close  0x0000000008009376       0x54 Middlewares/Third_Party/FatFs/src/ff.o
                0x0000000008009376                f_close
 *fill*         0x00000000080093ca        0x2 
 .text.FATFS_LinkDriverEx
                0x00000000080093cc       0x98 Middlewares/Third_Party/FatFs/src/ff_gen_drv.o
                0x00000000080093cc                FATFS_LinkDriverEx
 .text.FATFS_LinkDriver
                0x0000000008009464       0x1e Middlewares/Third_Party/FatFs/src/ff_gen_drv.o
                0x0000000008009464                FATFS_LinkDriver
 *fill*         0x0000000008009482        0x2 
 .text.__errno  0x0000000008009484        0xc /opt/st/stm32cubeide_1.3.0/plugins/com.st.stm32cube.ide.mcu.externaltools.gnu-tools-for-stm32.7-2018-q2-update.linux64_1.0.0.201904181610/tools/bin/../lib/gcc/arm-none-eabi/7.3.1/../../../../arm-none-eabi/lib/thumb/v7e-m/fpv4-sp/hard/libc_nano.a(lib_a-errno.o)
                0x0000000008009484                __errno
 .text.__libc_init_array
                0x0000000008009490       0x48 /opt/st/stm32cubeide_1.3.0/plugins/com.st.stm32cube.ide.mcu.externaltools.gnu-tools-for-stm32.7-2018-q2-update.linux64_1.0.0.201904181610/tools/bin/../lib/gcc/arm-none-eabi/7.3.1/../../../../arm-none-eabi/lib/thumb/v7e-m/fpv4-sp/hard/libc_nano.a(lib_a-init.o)
                0x0000000008009490                __libc_init_array
 .text.memset   0x00000000080094d8       0x10 /opt/st/stm32cubeide_1.3.0/plugins/com.st.stm32cube.ide.mcu.externaltools.gnu-tools-for-stm32.7-2018-q2-update.linux64_1.0.0.201904181610/tools/bin/../lib/gcc/arm-none-eabi/7.3.1/../../../../arm-none-eabi/lib/thumb/v7e-m/fpv4-sp/hard/libc_nano.a(lib_a-memset.o)
                0x00000000080094d8                memset
 .text.sprintf  0x00000000080094e8       0x40 /opt/st/stm32cubeide_1.3.0/plugins/com.st.stm32cube.ide.mcu.externaltools.gnu-tools-for-stm32.7-2018-q2-update.linux64_1.0.0.201904181610/tools/bin/../lib/gcc/arm-none-eabi/7.3.1/../../../../arm-none-eabi/lib/thumb/v7e-m/fpv4-sp/hard/libc_nano.a(lib_a-sprintf.o)
                0x00000000080094e8                sprintf
                0x00000000080094e8                siprintf
 .text.__ssputs_r
                0x0000000008009528       0xb4 /opt/st/stm32cubeide_1.3.0/plugins/com.st.stm32cube.ide.mcu.externaltools.gnu-tools-for-stm32.7-2018-q2-update.linux64_1.0.0.201904181610/tools/bin/../lib/gcc/arm-none-eabi/7.3.1/../../../../arm-none-eabi/lib/thumb/v7e-m/fpv4-sp/hard/libc_nano.a(lib_a-nano-svfprintf.o)
                0x0000000008009528                __ssputs_r
 .text._svfprintf_r
                0x00000000080095dc      0x1f0 /opt/st/stm32cubeide_1.3.0/plugins/com.st.stm32cube.ide.mcu.externaltools.gnu-tools-for-stm32.7-2018-q2-update.linux64_1.0.0.201904181610/tools/bin/../lib/gcc/arm-none-eabi/7.3.1/../../../../arm-none-eabi/lib/thumb/v7e-m/fpv4-sp/hard/libc_nano.a(lib_a-nano-svfprintf.o)
                0x00000000080095dc                _svfprintf_r
                0x00000000080095dc                _svfiprintf_r
 .text._printf_common
                0x00000000080097cc       0xea /opt/st/stm32cubeide_1.3.0/plugins/com.st.stm32cube.ide.mcu.externaltools.gnu-tools-for-stm32.7-2018-q2-update.linux64_1.0.0.201904181610/tools/bin/../lib/gcc/arm-none-eabi/7.3.1/../../../../arm-none-eabi/lib/thumb/v7e-m/fpv4-sp/hard/libc_nano.a(lib_a-nano-vfprintf_i.o)
                0x00000000080097cc                _printf_common
 *fill*         0x00000000080098b6        0x2 
 .text._printf_i
                0x00000000080098b8      0x224 /opt/st/stm32cubeide_1.3.0/plugins/com.st.stm32cube.ide.mcu.externaltools.gnu-tools-for-stm32.7-2018-q2-update.linux64_1.0.0.201904181610/tools/bin/../lib/gcc/arm-none-eabi/7.3.1/../../../../arm-none-eabi/lib/thumb/v7e-m/fpv4-sp/hard/libc_nano.a(lib_a-nano-vfprintf_i.o)
                0x00000000080098b8                _printf_i
 .text.memcpy   0x0000000008009adc       0x16 /opt/st/stm32cubeide_1.3.0/plugins/com.st.stm32cube.ide.mcu.externaltools.gnu-tools-for-stm32.7-2018-q2-update.linux64_1.0.0.201904181610/tools/bin/../lib/gcc/arm-none-eabi/7.3.1/../../../../arm-none-eabi/lib/thumb/v7e-m/fpv4-sp/hard/libc_nano.a(lib_a-memcpy-stub.o)
                0x0000000008009adc                memcpy
 .text.memmove  0x0000000008009af2       0x32 /opt/st/stm32cubeide_1.3.0/plugins/com.st.stm32cube.ide.mcu.externaltools.gnu-tools-for-stm32.7-2018-q2-update.linux64_1.0.0.201904181610/tools/bin/../lib/gcc/arm-none-eabi/7.3.1/../../../../arm-none-eabi/lib/thumb/v7e-m/fpv4-sp/hard/libc_nano.a(lib_a-memmove.o)
                0x0000000008009af2                memmove
 .text._free_r  0x0000000008009b24       0x9c /opt/st/stm32cubeide_1.3.0/plugins/com.st.stm32cube.ide.mcu.externaltools.gnu-tools-for-stm32.7-2018-q2-update.linux64_1.0.0.201904181610/tools/bin/../lib/gcc/arm-none-eabi/7.3.1/../../../../arm-none-eabi/lib/thumb/v7e-m/fpv4-sp/hard/libc_nano.a(lib_a-nano-freer.o)
                0x0000000008009b24                _free_r
 .text._malloc_r
                0x0000000008009bc0       0xb4 /opt/st/stm32cubeide_1.3.0/plugins/com.st.stm32cube.ide.mcu.externaltools.gnu-tools-for-stm32.7-2018-q2-update.linux64_1.0.0.201904181610/tools/bin/../lib/gcc/arm-none-eabi/7.3.1/../../../../arm-none-eabi/lib/thumb/v7e-m/fpv4-sp/hard/libc_nano.a(lib_a-nano-mallocr.o)
                0x0000000008009bc0                _malloc_r
 .text._realloc_r
                0x0000000008009c74       0x4c /opt/st/stm32cubeide_1.3.0/plugins/com.st.stm32cube.ide.mcu.externaltools.gnu-tools-for-stm32.7-2018-q2-update.linux64_1.0.0.201904181610/tools/bin/../lib/gcc/arm-none-eabi/7.3.1/../../../../arm-none-eabi/lib/thumb/v7e-m/fpv4-sp/hard/libc_nano.a(lib_a-nano-reallocr.o)
                0x0000000008009c74                _realloc_r
 .text._sbrk_r  0x0000000008009cc0       0x20 /opt/st/stm32cubeide_1.3.0/plugins/com.st.stm32cube.ide.mcu.externaltools.gnu-tools-for-stm32.7-2018-q2-update.linux64_1.0.0.201904181610/tools/bin/../lib/gcc/arm-none-eabi/7.3.1/../../../../arm-none-eabi/lib/thumb/v7e-m/fpv4-sp/hard/libc_nano.a(lib_a-sbrkr.o)
                0x0000000008009cc0                _sbrk_r
 .text.__malloc_lock
                0x0000000008009ce0        0x2 /opt/st/stm32cubeide_1.3.0/plugins/com.st.stm32cube.ide.mcu.externaltools.gnu-tools-for-stm32.7-2018-q2-update.linux64_1.0.0.201904181610/tools/bin/../lib/gcc/arm-none-eabi/7.3.1/../../../../arm-none-eabi/lib/thumb/v7e-m/fpv4-sp/hard/libc_nano.a(lib_a-mlock.o)
                0x0000000008009ce0                __malloc_lock
 .text.__malloc_unlock
                0x0000000008009ce2        0x2 /opt/st/stm32cubeide_1.3.0/plugins/com.st.stm32cube.ide.mcu.externaltools.gnu-tools-for-stm32.7-2018-q2-update.linux64_1.0.0.201904181610/tools/bin/../lib/gcc/arm-none-eabi/7.3.1/../../../../arm-none-eabi/lib/thumb/v7e-m/fpv4-sp/hard/libc_nano.a(lib_a-mlock.o)
                0x0000000008009ce2                __malloc_unlock
 .text._malloc_usable_size_r
                0x0000000008009ce4       0x10 /opt/st/stm32cubeide_1.3.0/plugins/com.st.stm32cube.ide.mcu.externaltools.gnu-tools-for-stm32.7-2018-q2-update.linux64_1.0.0.201904181610/tools/bin/../lib/gcc/arm-none-eabi/7.3.1/../../../../arm-none-eabi/lib/thumb/v7e-m/fpv4-sp/hard/libc_nano.a(lib_a-nano-msizer.o)
                0x0000000008009ce4                _malloc_usable_size_r
 *(.glue_7)
 .glue_7        0x0000000008009cf4        0x0 linker stubs
 *(.glue_7t)
 .glue_7t       0x0000000008009cf4        0x0 linker stubs
 *(.eh_frame)
 .eh_frame      0x0000000008009cf4        0x0 /opt/st/stm32cubeide_1.3.0/plugins/com.st.stm32cube.ide.mcu.externaltools.gnu-tools-for-stm32.7-2018-q2-update.linux64_1.0.0.201904181610/tools/bin/../lib/gcc/arm-none-eabi/7.3.1/thumb/v7e-m/fpv4-sp/hard/crtbegin.o
 *(.init)
 .init          0x0000000008009cf4        0x4 /opt/st/stm32cubeide_1.3.0/plugins/com.st.stm32cube.ide.mcu.externaltools.gnu-tools-for-stm32.7-2018-q2-update.linux64_1.0.0.201904181610/tools/bin/../lib/gcc/arm-none-eabi/7.3.1/thumb/v7e-m/fpv4-sp/hard/crti.o
                0x0000000008009cf4                _init
 .init          0x0000000008009cf8        0x8 /opt/st/stm32cubeide_1.3.0/plugins/com.st.stm32cube.ide.mcu.externaltools.gnu-tools-for-stm32.7-2018-q2-update.linux64_1.0.0.201904181610/tools/bin/../lib/gcc/arm-none-eabi/7.3.1/thumb/v7e-m/fpv4-sp/hard/crtn.o
 *(.fini)
 .fini          0x0000000008009d00        0x4 /opt/st/stm32cubeide_1.3.0/plugins/com.st.stm32cube.ide.mcu.externaltools.gnu-tools-for-stm32.7-2018-q2-update.linux64_1.0.0.201904181610/tools/bin/../lib/gcc/arm-none-eabi/7.3.1/thumb/v7e-m/fpv4-sp/hard/crti.o
                0x0000000008009d00                _fini
 .fini          0x0000000008009d04        0x8 /opt/st/stm32cubeide_1.3.0/plugins/com.st.stm32cube.ide.mcu.externaltools.gnu-tools-for-stm32.7-2018-q2-update.linux64_1.0.0.201904181610/tools/bin/../lib/gcc/arm-none-eabi/7.3.1/thumb/v7e-m/fpv4-sp/hard/crtn.o
                0x0000000008009d0c                . = ALIGN (0x4)
                0x0000000008009d0c                _etext = .

.vfp11_veneer   0x0000000008009d0c        0x0
 .vfp11_veneer  0x0000000008009d0c        0x0 linker stubs

.v4_bx          0x0000000008009d0c        0x0
 .v4_bx         0x0000000008009d0c        0x0 linker stubs

.iplt           0x0000000008009d0c        0x0
 .iplt          0x0000000008009d0c        0x0 /opt/st/stm32cubeide_1.3.0/plugins/com.st.stm32cube.ide.mcu.externaltools.gnu-tools-for-stm32.7-2018-q2-update.linux64_1.0.0.201904181610/tools/bin/../lib/gcc/arm-none-eabi/7.3.1/thumb/v7e-m/fpv4-sp/hard/crtbegin.o

.rodata         0x0000000008009d0c      0x164
                0x0000000008009d0c                . = ALIGN (0x4)
 *(.rodata)
 .rodata        0x0000000008009d0c       0x2d Core/Src/main.o
 *fill*         0x0000000008009d39        0x3 
 .rodata        0x0000000008009d3c        0x2 Core/Src/sdcard.o
 *fill*         0x0000000008009d3e        0x2 
 .rodata        0x0000000008009d40       0x44 Middlewares/Third_Party/FatFs/src/ff.o
 *(.rodata*)
 .rodata.Rf96_FreqTbl
                0x0000000008009d84        0x9 Core/Src/RF96.o
                0x0000000008009d84                Rf96_FreqTbl
 *fill*         0x0000000008009d8d        0x3 
 .rodata.Rf96_PowerTbl
                0x0000000008009d90        0x4 Core/Src/RF96.o
                0x0000000008009d90                Rf96_PowerTbl
 .rodata.Rf96_OCPTbl
                0x0000000008009d94        0x4 Core/Src/RF96.o
                0x0000000008009d94                Rf96_OCPTbl
 .rodata.Rf96_LNATbl
                0x0000000008009d98        0x2 Core/Src/RF96.o
                0x0000000008009d98                Rf96_LNATbl
 *fill*         0x0000000008009d9a        0x2 
 .rodata.AHBPrescTable
                0x0000000008009d9c       0x10 Core/Src/system_stm32f4xx.o
                0x0000000008009d9c                AHBPrescTable
 .rodata.APBPrescTable
                0x0000000008009dac        0x8 Core/Src/system_stm32f4xx.o
                0x0000000008009dac                APBPrescTable
 .rodata.flagBitshiftOffset.8297
                0x0000000008009db4        0x8 Drivers/STM32F4xx_HAL_Driver/Src/stm32f4xx_hal_dma.o
 .rodata.ExCvt  0x0000000008009dbc       0x80 Middlewares/Third_Party/FatFs/src/ff.o
 .rodata._svfprintf_r.str1.1
                0x0000000008009e3c       0x11 /opt/st/stm32cubeide_1.3.0/plugins/com.st.stm32cube.ide.mcu.externaltools.gnu-tools-for-stm32.7-2018-q2-update.linux64_1.0.0.201904181610/tools/bin/../lib/gcc/arm-none-eabi/7.3.1/../../../../arm-none-eabi/lib/thumb/v7e-m/fpv4-sp/hard/libc_nano.a(lib_a-nano-svfprintf.o)
 .rodata._printf_i.str1.1
                0x0000000008009e4d       0x22 /opt/st/stm32cubeide_1.3.0/plugins/com.st.stm32cube.ide.mcu.externaltools.gnu-tools-for-stm32.7-2018-q2-update.linux64_1.0.0.201904181610/tools/bin/../lib/gcc/arm-none-eabi/7.3.1/../../../../arm-none-eabi/lib/thumb/v7e-m/fpv4-sp/hard/libc_nano.a(lib_a-nano-vfprintf_i.o)
                0x0000000008009e70                . = ALIGN (0x4)
 *fill*         0x0000000008009e6f        0x1 

.ARM.extab      0x0000000008009e70        0x0
                0x0000000008009e70                . = ALIGN (0x4)
 *(.ARM.extab* .gnu.linkonce.armextab.*)
                0x0000000008009e70                . = ALIGN (0x4)

.ARM            0x0000000008009e70        0x8
                0x0000000008009e70                . = ALIGN (0x4)
                0x0000000008009e70                __exidx_start = .
 *(.ARM.exidx*)
 .ARM.exidx     0x0000000008009e70        0x8 /opt/st/stm32cubeide_1.3.0/plugins/com.st.stm32cube.ide.mcu.externaltools.gnu-tools-for-stm32.7-2018-q2-update.linux64_1.0.0.201904181610/tools/bin/../lib/gcc/arm-none-eabi/7.3.1/thumb/v7e-m/fpv4-sp/hard/libgcc.a(_udivmoddi4.o)
                0x0000000008009e78                __exidx_end = .
                0x0000000008009e78                . = ALIGN (0x4)

.rel.dyn        0x0000000008009e78        0x0
 .rel.iplt      0x0000000008009e78        0x0 /opt/st/stm32cubeide_1.3.0/plugins/com.st.stm32cube.ide.mcu.externaltools.gnu-tools-for-stm32.7-2018-q2-update.linux64_1.0.0.201904181610/tools/bin/../lib/gcc/arm-none-eabi/7.3.1/thumb/v7e-m/fpv4-sp/hard/crtbegin.o

.preinit_array  0x0000000008009e78        0x0
                0x0000000008009e78                . = ALIGN (0x4)
                0x0000000008009e78                PROVIDE (__preinit_array_start = .)
 *(.preinit_array*)
                0x0000000008009e78                PROVIDE (__preinit_array_end = .)
                0x0000000008009e78                . = ALIGN (0x4)

.init_array     0x0000000008009e78        0x4
                0x0000000008009e78                . = ALIGN (0x4)
                0x0000000008009e78                PROVIDE (__init_array_start = .)
 *(SORT_BY_NAME(.init_array.*))
 *(.init_array*)
 .init_array    0x0000000008009e78        0x4 /opt/st/stm32cubeide_1.3.0/plugins/com.st.stm32cube.ide.mcu.externaltools.gnu-tools-for-stm32.7-2018-q2-update.linux64_1.0.0.201904181610/tools/bin/../lib/gcc/arm-none-eabi/7.3.1/thumb/v7e-m/fpv4-sp/hard/crtbegin.o
                0x0000000008009e7c                PROVIDE (__init_array_end = .)
                0x0000000008009e7c                . = ALIGN (0x4)

.fini_array     0x0000000008009e7c        0x4
                0x0000000008009e7c                . = ALIGN (0x4)
                [!provide]                        PROVIDE (__fini_array_start = .)
 *(SORT_BY_NAME(.fini_array.*))
 *(.fini_array*)
 .fini_array    0x0000000008009e7c        0x4 /opt/st/stm32cubeide_1.3.0/plugins/com.st.stm32cube.ide.mcu.externaltools.gnu-tools-for-stm32.7-2018-q2-update.linux64_1.0.0.201904181610/tools/bin/../lib/gcc/arm-none-eabi/7.3.1/thumb/v7e-m/fpv4-sp/hard/crtbegin.o
                [!provide]                        PROVIDE (__fini_array_end = .)
                0x0000000008009e80                . = ALIGN (0x4)
                0x0000000008009e80                _sidata = LOADADDR (.data)

.data           0x0000000020000000      0x490 load address 0x0000000008009e80
                0x0000000020000000                . = ALIGN (0x4)
                0x0000000020000000                _sdata = .
 *(.data)
 *(.data*)
 .data.blockAddr
                0x0000000020000000        0x4 Core/Src/main.o
                0x0000000020000000                blockAddr
 .data.block_file
                0x0000000020000004      0x200 Core/Src/main.o
                0x0000000020000004                block_file
 .data.block_file2
                0x0000000020000204      0x200 Core/Src/main.o
                0x0000000020000204                block_file2
 .data.block    0x0000000020000404        0x2 Core/Src/main.o
                0x0000000020000404                block
 *fill*         0x0000000020000406        0x2 
 .data.SystemCoreClock
                0x0000000020000408        0x4 Core/Src/system_stm32f4xx.o
                0x0000000020000408                SystemCoreClock
 .data.Stat     0x000000002000040c        0x1 Core/Src/user_diskio_spi.o
 *fill*         0x000000002000040d        0x3 
 .data.uwTickPrio
                0x0000000020000410        0x4 Drivers/STM32F4xx_HAL_Driver/Src/stm32f4xx_hal.o
                0x0000000020000410                uwTickPrio
 .data.uwTickFreq
                0x0000000020000414        0x1 Drivers/STM32F4xx_HAL_Driver/Src/stm32f4xx_hal.o
                0x0000000020000414                uwTickFreq
 *fill*         0x0000000020000415        0x3 
 .data.USER_Driver
                0x0000000020000418       0x14 FATFS/Target/user_diskio.o
                0x0000000020000418                USER_Driver
 .data._impure_ptr
                0x000000002000042c        0x4 /opt/st/stm32cubeide_1.3.0/plugins/com.st.stm32cube.ide.mcu.externaltools.gnu-tools-for-stm32.7-2018-q2-update.linux64_1.0.0.201904181610/tools/bin/../lib/gcc/arm-none-eabi/7.3.1/../../../../arm-none-eabi/lib/thumb/v7e-m/fpv4-sp/hard/libc_nano.a(lib_a-impure.o)
                0x000000002000042c                _impure_ptr
 .data.impure_data
                0x0000000020000430       0x60 /opt/st/stm32cubeide_1.3.0/plugins/com.st.stm32cube.ide.mcu.externaltools.gnu-tools-for-stm32.7-2018-q2-update.linux64_1.0.0.201904181610/tools/bin/../lib/gcc/arm-none-eabi/7.3.1/../../../../arm-none-eabi/lib/thumb/v7e-m/fpv4-sp/hard/libc_nano.a(lib_a-impure.o)
                0x0000000020000490                . = ALIGN (0x4)
                0x0000000020000490                _edata = .

.igot.plt       0x0000000020000490        0x0 load address 0x000000000800a310
 .igot.plt      0x0000000020000490        0x0 /opt/st/stm32cubeide_1.3.0/plugins/com.st.stm32cube.ide.mcu.externaltools.gnu-tools-for-stm32.7-2018-q2-update.linux64_1.0.0.201904181610/tools/bin/../lib/gcc/arm-none-eabi/7.3.1/thumb/v7e-m/fpv4-sp/hard/crtbegin.o
                0x0000000020000490                . = ALIGN (0x4)

.bss            0x0000000020000490     0x74fc load address 0x000000000800a310
                0x0000000020000490                _sbss = .
                0x0000000020000490                __bss_start__ = _sbss
 *(.bss)
 .bss           0x0000000020000490       0x1c /opt/st/stm32cubeide_1.3.0/plugins/com.st.stm32cube.ide.mcu.externaltools.gnu-tools-for-stm32.7-2018-q2-update.linux64_1.0.0.201904181610/tools/bin/../lib/gcc/arm-none-eabi/7.3.1/thumb/v7e-m/fpv4-sp/hard/crtbegin.o
 *(.bss*)
 .bss.package   0x00000000200004ac       0x2a Core/Src/main.o
                0x00000000200004ac                package
 *fill*         0x00000000200004d6        0x2 
 .bss.packageCut
                0x00000000200004d8       0x1b Core/Src/main.o
                0x00000000200004d8                packageCut
 *fill*         0x00000000200004f3        0x1 
 .bss.NubofByte
                0x00000000200004f4        0x2 Core/Src/main.o
                0x00000000200004f4                NubofByte
 .bss.UsartCount
                0x00000000200004f6        0x1 Core/Src/main.o
                0x00000000200004f6                UsartCount
 .bss.CountOfAccel
                0x00000000200004f7        0x1 Core/Src/main.o
                0x00000000200004f7                CountOfAccel
 .bss.reciveTime
                0x00000000200004f8        0x4 Core/Src/main.o
                0x00000000200004f8                reciveTime
 .bss.reciveTime1
                0x00000000200004fc        0x4 Core/Src/main.o
                0x00000000200004fc                reciveTime1
 .bss.reciveTime2
                0x0000000020000500        0x4 Core/Src/main.o
                0x0000000020000500                reciveTime2
 .bss.reciveTime3
                0x0000000020000504        0x4 Core/Src/main.o
                0x0000000020000504                reciveTime3
 .bss.count_order
                0x0000000020000508        0x1 Core/Src/main.o
                0x0000000020000508                count_order
 .bss.count_order_Point
                0x0000000020000509        0x1 Core/Src/main.o
                0x0000000020000509                count_order_Point
 .bss.count_order_Minus
                0x000000002000050a        0x1 Core/Src/main.o
                0x000000002000050a                count_order_Minus
 .bss.metka     0x000000002000050b        0x1 Core/Src/main.o
                0x000000002000050b                metka
 .bss.z         0x000000002000050c        0x1 Core/Src/main.o
                0x000000002000050c                z
 *fill*         0x000000002000050d        0x1 
 .bss.pac       0x000000002000050e        0x2 Core/Src/main.o
                0x000000002000050e                pac
 .bss.countT    0x0000000020000510        0x4 Core/Src/main.o
                0x0000000020000510                countT
 .bss.heap_end.6424
                0x0000000020000514        0x4 Core/Src/sysmem.o
 .bss.CardType  0x0000000020000518        0x1 Core/Src/user_diskio_spi.o
 *fill*         0x0000000020000519        0x3 
 .bss.FatFs     0x000000002000051c        0x4 Middlewares/Third_Party/FatFs/src/ff.o
 .bss.Fsid      0x0000000020000520        0x2 Middlewares/Third_Party/FatFs/src/ff.o
 *fill*         0x0000000020000522        0x2 
 .bss.Files     0x0000000020000524       0x20 Middlewares/Third_Party/FatFs/src/ff.o
 .bss.disk      0x0000000020000544        0xc Middlewares/Third_Party/FatFs/src/ff_gen_drv.o
                0x0000000020000544                disk
 .bss.__malloc_free_list
                0x0000000020000550        0x4 /opt/st/stm32cubeide_1.3.0/plugins/com.st.stm32cube.ide.mcu.externaltools.gnu-tools-for-stm32.7-2018-q2-update.linux64_1.0.0.201904181610/tools/bin/../lib/gcc/arm-none-eabi/7.3.1/../../../../arm-none-eabi/lib/thumb/v7e-m/fpv4-sp/hard/libc_nano.a(lib_a-nano-mallocr.o)
                0x0000000020000550                __malloc_free_list
 .bss.__malloc_sbrk_start
                0x0000000020000554        0x4 /opt/st/stm32cubeide_1.3.0/plugins/com.st.stm32cube.ide.mcu.externaltools.gnu-tools-for-stm32.7-2018-q2-update.linux64_1.0.0.201904181610/tools/bin/../lib/gcc/arm-none-eabi/7.3.1/../../../../arm-none-eabi/lib/thumb/v7e-m/fpv4-sp/hard/libc_nano.a(lib_a-nano-mallocr.o)
                0x0000000020000554                __malloc_sbrk_start
 *(COMMON)
 COMMON         0x0000000020000558     0x6fbc Core/Src/main.o
                0x0000000020000558                zIntSumSecond
                0x000000002000055c                y95Second
                0x0000000020000560                readFlag3
                0x0000000020000564                xvalSecond
                0x000000002000056c                z125Second
                0x0000000020000570                yvalThird
                0x0000000020000578                y90Third
                0x000000002000057c                z11Third
                0x0000000020000580                hdma_usart3_rx
                0x00000000200005e0                xvalFirst
                0x00000000200005e8                huart3
                0x0000000020000628                FatFs
                0x0000000020000858                htim10
                0x0000000020000898                Buff_Mid
                0x0000000020000994                y95Third
                0x0000000020000998                x60Third
                0x000000002000099c                z125Third
                0x00000000200009a0                y90First
                0x00000000200009a4                yvalFirst
                0x00000000200009ac                x60Second
                0x00000000200009b0                Buff_str2
                0x0000000020000bb0                z120First
                0x0000000020000bb4                z11First
                0x0000000020000bb8                z120Second
                0x0000000020000bbc                zvalSecond
                0x0000000020000bc4                hspi3
                0x0000000020000c1c                y8Third
                0x0000000020000c20                yIntSumSecond
                0x0000000020000c24                huart5
                0x0000000020000c64                y95First
                0x0000000020000c68                hdma_usart1_rx
                0x0000000020000cc8                hdma_usart2_tx
                0x0000000020000d28                x5Third
                0x0000000020000d2c                huart1
                0x0000000020000d6c                x65Second
                0x0000000020000d70                xIntSumSecond
                0x0000000020000d74                yIntSumFirst
                0x0000000020000d78                y8First
                0x0000000020000d7c                Buf_order
                0x0000000020006fec                yvalSecond
                0x0000000020006ff4                x65Third
                0x0000000020006ff8                zvalThird
                0x0000000020007000                x5First
                0x0000000020007004                y8Second
                0x0000000020007008                z125First
                0x000000002000700c                x65First
                0x0000000020007010                htim6
                0x0000000020007050                yIntSumThird
                0x0000000020007054                zIntSumFirst
                0x0000000020007058                readFlag2
                0x000000002000705c                zvalFirst
                0x0000000020007064                RadioBuff
                0x0000000020007080                readFlag
                0x0000000020007084                z120Third
                0x0000000020007088                Buff_Top
                0x0000000020007184                hspi1
                0x00000000200071dc                y90Second
                0x00000000200071e0                xvalThird
                0x00000000200071e8                huart2
                0x0000000020007228                hdma_uart5_rx
                0x0000000020007288                x60First
                0x000000002000728c                x5Second
                0x0000000020007290                zIntSumThird
                0x0000000020007294                fres
                0x0000000020007298                xIntSumFirst
                0x000000002000729c                fil
                0x00000000200074cc                htim7
                0x000000002000750c                xIntSumThird
                0x0000000020007510                z11Second
 COMMON         0x0000000020007514        0x8 Core/Src/user_diskio_spi.o
                0x0000000020007514                spiTimerTickStart
                0x0000000020007518                spiTimerTickDelay
 COMMON         0x000000002000751c        0x4 Drivers/STM32F4xx_HAL_Driver/Src/stm32f4xx_hal.o
                0x000000002000751c                uwTick
 COMMON         0x0000000020007520      0x468 FATFS/App/fatfs.o
                0x0000000020007520                USERPath
                0x0000000020007524                retUSER
                0x0000000020007528                USERFile
                0x0000000020007758                USERFatFS
 COMMON         0x0000000020007988        0x4 /opt/st/stm32cubeide_1.3.0/plugins/com.st.stm32cube.ide.mcu.externaltools.gnu-tools-for-stm32.7-2018-q2-update.linux64_1.0.0.201904181610/tools/bin/../lib/gcc/arm-none-eabi/7.3.1/../../../../arm-none-eabi/lib/thumb/v7e-m/fpv4-sp/hard/libc_nano.a(lib_a-reent.o)
                0x0000000020007988                errno
                0x000000002000798c                . = ALIGN (0x4)
                0x000000002000798c                _ebss = .
                0x000000002000798c                __bss_end__ = _ebss

._user_heap_stack
                0x000000002000798c      0x604 load address 0x000000000800a310
                0x0000000020007990                . = ALIGN (0x8)
 *fill*         0x000000002000798c        0x4 
                0x0000000020007990                PROVIDE (end = .)
                [!provide]                        PROVIDE (_end = .)
                0x0000000020007b90                . = (. + _Min_Heap_Size)
 *fill*         0x0000000020007990      0x200 
                0x0000000020007f90                . = (. + _Min_Stack_Size)
 *fill*         0x0000000020007b90      0x400 
                0x0000000020007f90                . = ALIGN (0x8)

/DISCARD/
 libc.a(*)
 libm.a(*)
 libgcc.a(*)

.ARM.attributes
                0x0000000000000000       0x30
 *(.ARM.attributes)
 .ARM.attributes
                0x0000000000000000       0x22 /opt/st/stm32cubeide_1.3.0/plugins/com.st.stm32cube.ide.mcu.externaltools.gnu-tools-for-stm32.7-2018-q2-update.linux64_1.0.0.201904181610/tools/bin/../lib/gcc/arm-none-eabi/7.3.1/thumb/v7e-m/fpv4-sp/hard/crti.o
 .ARM.attributes
                0x0000000000000022       0x34 /opt/st/stm32cubeide_1.3.0/plugins/com.st.stm32cube.ide.mcu.externaltools.gnu-tools-for-stm32.7-2018-q2-update.linux64_1.0.0.201904181610/tools/bin/../lib/gcc/arm-none-eabi/7.3.1/thumb/v7e-m/fpv4-sp/hard/crtbegin.o
 .ARM.attributes
                0x0000000000000056       0x39 Core/Src/RF96.o
 .ARM.attributes
                0x000000000000008f       0x39 Core/Src/main.o
 .ARM.attributes
                0x00000000000000c8       0x39 Core/Src/sdcard.o
 .ARM.attributes
                0x0000000000000101       0x39 Core/Src/spi.o
 .ARM.attributes
                0x000000000000013a       0x39 Core/Src/stm32f4xx_hal_msp.o
 .ARM.attributes
                0x0000000000000173       0x39 Core/Src/stm32f4xx_it.o
 .ARM.attributes
                0x00000000000001ac       0x39 Core/Src/sysmem.o
 .ARM.attributes
                0x00000000000001e5       0x39 Core/Src/system_stm32f4xx.o
 .ARM.attributes
                0x000000000000021e       0x39 Core/Src/user_diskio_spi.o
 .ARM.attributes
                0x0000000000000257       0x21 Core/Startup/startup_stm32f446retx.o
 .ARM.attributes
                0x0000000000000278       0x39 Drivers/STM32F4xx_HAL_Driver/Src/stm32f4xx_hal.o
 .ARM.attributes
                0x00000000000002b1       0x39 Drivers/STM32F4xx_HAL_Driver/Src/stm32f4xx_hal_cortex.o
 .ARM.attributes
                0x00000000000002ea       0x39 Drivers/STM32F4xx_HAL_Driver/Src/stm32f4xx_hal_dma.o
 .ARM.attributes
                0x0000000000000323       0x39 Drivers/STM32F4xx_HAL_Driver/Src/stm32f4xx_hal_gpio.o
 .ARM.attributes
                0x000000000000035c       0x39 Drivers/STM32F4xx_HAL_Driver/Src/stm32f4xx_hal_pwr_ex.o
 .ARM.attributes
                0x0000000000000395       0x39 Drivers/STM32F4xx_HAL_Driver/Src/stm32f4xx_hal_rcc.o
 .ARM.attributes
                0x00000000000003ce       0x39 Drivers/STM32F4xx_HAL_Driver/Src/stm32f4xx_hal_rcc_ex.o
 .ARM.attributes
                0x0000000000000407       0x39 Drivers/STM32F4xx_HAL_Driver/Src/stm32f4xx_hal_spi.o
 .ARM.attributes
                0x0000000000000440       0x39 Drivers/STM32F4xx_HAL_Driver/Src/stm32f4xx_hal_tim.o
 .ARM.attributes
                0x0000000000000479       0x39 Drivers/STM32F4xx_HAL_Driver/Src/stm32f4xx_hal_tim_ex.o
 .ARM.attributes
                0x00000000000004b2       0x39 Drivers/STM32F4xx_HAL_Driver/Src/stm32f4xx_hal_uart.o
 .ARM.attributes
                0x00000000000004eb       0x39 FATFS/App/fatfs.o
 .ARM.attributes
                0x0000000000000524       0x39 FATFS/Target/user_diskio.o
 .ARM.attributes
                0x000000000000055d       0x39 Middlewares/Third_Party/FatFs/src/diskio.o
 .ARM.attributes
                0x0000000000000596       0x39 Middlewares/Third_Party/FatFs/src/ff.o
 .ARM.attributes
                0x00000000000005cf       0x39 Middlewares/Third_Party/FatFs/src/ff_gen_drv.o
 .ARM.attributes
                0x0000000000000608       0x34 /opt/st/stm32cubeide_1.3.0/plugins/com.st.stm32cube.ide.mcu.externaltools.gnu-tools-for-stm32.7-2018-q2-update.linux64_1.0.0.201904181610/tools/bin/../lib/gcc/arm-none-eabi/7.3.1/../../../../arm-none-eabi/lib/thumb/v7e-m/fpv4-sp/hard/libc_nano.a(lib_a-errno.o)
 .ARM.attributes
                0x000000000000063c       0x34 /opt/st/stm32cubeide_1.3.0/plugins/com.st.stm32cube.ide.mcu.externaltools.gnu-tools-for-stm32.7-2018-q2-update.linux64_1.0.0.201904181610/tools/bin/../lib/gcc/arm-none-eabi/7.3.1/../../../../arm-none-eabi/lib/thumb/v7e-m/fpv4-sp/hard/libc_nano.a(lib_a-impure.o)
 .ARM.attributes
                0x0000000000000670       0x34 /opt/st/stm32cubeide_1.3.0/plugins/com.st.stm32cube.ide.mcu.externaltools.gnu-tools-for-stm32.7-2018-q2-update.linux64_1.0.0.201904181610/tools/bin/../lib/gcc/arm-none-eabi/7.3.1/../../../../arm-none-eabi/lib/thumb/v7e-m/fpv4-sp/hard/libc_nano.a(lib_a-init.o)
 .ARM.attributes
                0x00000000000006a4       0x34 /opt/st/stm32cubeide_1.3.0/plugins/com.st.stm32cube.ide.mcu.externaltools.gnu-tools-for-stm32.7-2018-q2-update.linux64_1.0.0.201904181610/tools/bin/../lib/gcc/arm-none-eabi/7.3.1/../../../../arm-none-eabi/lib/thumb/v7e-m/fpv4-sp/hard/libc_nano.a(lib_a-memset.o)
 .ARM.attributes
                0x00000000000006d8       0x34 /opt/st/stm32cubeide_1.3.0/plugins/com.st.stm32cube.ide.mcu.externaltools.gnu-tools-for-stm32.7-2018-q2-update.linux64_1.0.0.201904181610/tools/bin/../lib/gcc/arm-none-eabi/7.3.1/../../../../arm-none-eabi/lib/thumb/v7e-m/fpv4-sp/hard/libc_nano.a(lib_a-sprintf.o)
 .ARM.attributes
                0x000000000000070c       0x34 /opt/st/stm32cubeide_1.3.0/plugins/com.st.stm32cube.ide.mcu.externaltools.gnu-tools-for-stm32.7-2018-q2-update.linux64_1.0.0.201904181610/tools/bin/../lib/gcc/arm-none-eabi/7.3.1/../../../../arm-none-eabi/lib/thumb/v7e-m/fpv4-sp/hard/libc_nano.a(lib_a-nano-svfprintf.o)
 .ARM.attributes
                0x0000000000000740       0x34 /opt/st/stm32cubeide_1.3.0/plugins/com.st.stm32cube.ide.mcu.externaltools.gnu-tools-for-stm32.7-2018-q2-update.linux64_1.0.0.201904181610/tools/bin/../lib/gcc/arm-none-eabi/7.3.1/../../../../arm-none-eabi/lib/thumb/v7e-m/fpv4-sp/hard/libc_nano.a(lib_a-nano-vfprintf_i.o)
 .ARM.attributes
                0x0000000000000774       0x20 /opt/st/stm32cubeide_1.3.0/plugins/com.st.stm32cube.ide.mcu.externaltools.gnu-tools-for-stm32.7-2018-q2-update.linux64_1.0.0.201904181610/tools/bin/../lib/gcc/arm-none-eabi/7.3.1/../../../../arm-none-eabi/lib/thumb/v7e-m/fpv4-sp/hard/libc_nano.a(lib_a-memchr.o)
 .ARM.attributes
                0x0000000000000794       0x34 /opt/st/stm32cubeide_1.3.0/plugins/com.st.stm32cube.ide.mcu.externaltools.gnu-tools-for-stm32.7-2018-q2-update.linux64_1.0.0.201904181610/tools/bin/../lib/gcc/arm-none-eabi/7.3.1/../../../../arm-none-eabi/lib/thumb/v7e-m/fpv4-sp/hard/libc_nano.a(lib_a-memcpy-stub.o)
 .ARM.attributes
                0x00000000000007c8       0x34 /opt/st/stm32cubeide_1.3.0/plugins/com.st.stm32cube.ide.mcu.externaltools.gnu-tools-for-stm32.7-2018-q2-update.linux64_1.0.0.201904181610/tools/bin/../lib/gcc/arm-none-eabi/7.3.1/../../../../arm-none-eabi/lib/thumb/v7e-m/fpv4-sp/hard/libc_nano.a(lib_a-memmove.o)
 .ARM.attributes
                0x00000000000007fc       0x34 /opt/st/stm32cubeide_1.3.0/plugins/com.st.stm32cube.ide.mcu.externaltools.gnu-tools-for-stm32.7-2018-q2-update.linux64_1.0.0.201904181610/tools/bin/../lib/gcc/arm-none-eabi/7.3.1/../../../../arm-none-eabi/lib/thumb/v7e-m/fpv4-sp/hard/libc_nano.a(lib_a-nano-freer.o)
 .ARM.attributes
                0x0000000000000830       0x34 /opt/st/stm32cubeide_1.3.0/plugins/com.st.stm32cube.ide.mcu.externaltools.gnu-tools-for-stm32.7-2018-q2-update.linux64_1.0.0.201904181610/tools/bin/../lib/gcc/arm-none-eabi/7.3.1/../../../../arm-none-eabi/lib/thumb/v7e-m/fpv4-sp/hard/libc_nano.a(lib_a-nano-mallocr.o)
 .ARM.attributes
                0x0000000000000864       0x34 /opt/st/stm32cubeide_1.3.0/plugins/com.st.stm32cube.ide.mcu.externaltools.gnu-tools-for-stm32.7-2018-q2-update.linux64_1.0.0.201904181610/tools/bin/../lib/gcc/arm-none-eabi/7.3.1/../../../../arm-none-eabi/lib/thumb/v7e-m/fpv4-sp/hard/libc_nano.a(lib_a-nano-reallocr.o)
 .ARM.attributes
                0x0000000000000898       0x34 /opt/st/stm32cubeide_1.3.0/plugins/com.st.stm32cube.ide.mcu.externaltools.gnu-tools-for-stm32.7-2018-q2-update.linux64_1.0.0.201904181610/tools/bin/../lib/gcc/arm-none-eabi/7.3.1/../../../../arm-none-eabi/lib/thumb/v7e-m/fpv4-sp/hard/libc_nano.a(lib_a-sbrkr.o)
 .ARM.attributes
                0x00000000000008cc       0x34 /opt/st/stm32cubeide_1.3.0/plugins/com.st.stm32cube.ide.mcu.externaltools.gnu-tools-for-stm32.7-2018-q2-update.linux64_1.0.0.201904181610/tools/bin/../lib/gcc/arm-none-eabi/7.3.1/../../../../arm-none-eabi/lib/thumb/v7e-m/fpv4-sp/hard/libc_nano.a(lib_a-mlock.o)
 .ARM.attributes
                0x0000000000000900       0x34 /opt/st/stm32cubeide_1.3.0/plugins/com.st.stm32cube.ide.mcu.externaltools.gnu-tools-for-stm32.7-2018-q2-update.linux64_1.0.0.201904181610/tools/bin/../lib/gcc/arm-none-eabi/7.3.1/../../../../arm-none-eabi/lib/thumb/v7e-m/fpv4-sp/hard/libc_nano.a(lib_a-nano-msizer.o)
 .ARM.attributes
                0x0000000000000934       0x34 /opt/st/stm32cubeide_1.3.0/plugins/com.st.stm32cube.ide.mcu.externaltools.gnu-tools-for-stm32.7-2018-q2-update.linux64_1.0.0.201904181610/tools/bin/../lib/gcc/arm-none-eabi/7.3.1/../../../../arm-none-eabi/lib/thumb/v7e-m/fpv4-sp/hard/libc_nano.a(lib_a-reent.o)
 .ARM.attributes
                0x0000000000000968       0x22 /opt/st/stm32cubeide_1.3.0/plugins/com.st.stm32cube.ide.mcu.externaltools.gnu-tools-for-stm32.7-2018-q2-update.linux64_1.0.0.201904181610/tools/bin/../lib/gcc/arm-none-eabi/7.3.1/thumb/v7e-m/fpv4-sp/hard/libgcc.a(_aeabi_uldivmod.o)
 .ARM.attributes
                0x000000000000098a       0x34 /opt/st/stm32cubeide_1.3.0/plugins/com.st.stm32cube.ide.mcu.externaltools.gnu-tools-for-stm32.7-2018-q2-update.linux64_1.0.0.201904181610/tools/bin/../lib/gcc/arm-none-eabi/7.3.1/thumb/v7e-m/fpv4-sp/hard/libgcc.a(_udivmoddi4.o)
 .ARM.attributes
                0x00000000000009be       0x22 /opt/st/stm32cubeide_1.3.0/plugins/com.st.stm32cube.ide.mcu.externaltools.gnu-tools-for-stm32.7-2018-q2-update.linux64_1.0.0.201904181610/tools/bin/../lib/gcc/arm-none-eabi/7.3.1/thumb/v7e-m/fpv4-sp/hard/libgcc.a(_dvmd_tls.o)
 .ARM.attributes
                0x00000000000009e0       0x22 /opt/st/stm32cubeide_1.3.0/plugins/com.st.stm32cube.ide.mcu.externaltools.gnu-tools-for-stm32.7-2018-q2-update.linux64_1.0.0.201904181610/tools/bin/../lib/gcc/arm-none-eabi/7.3.1/thumb/v7e-m/fpv4-sp/hard/crtn.o
OUTPUT(Stm32f446re-accelerator.elf elf32-littlearm)

.debug_info     0x0000000000000000    0x1c5e0
 .debug_info    0x0000000000000000     0x13ef Core/Src/RF96.o
 .debug_info    0x00000000000013ef     0x2a07 Core/Src/main.o
 .debug_info    0x0000000000003df6      0xc55 Core/Src/sdcard.o
 .debug_info    0x0000000000004a4b     0x1060 Core/Src/spi.o
 .debug_info    0x0000000000005aab     0x1b82 Core/Src/stm32f4xx_hal_msp.o
 .debug_info    0x000000000000762d     0x14a7 Core/Src/stm32f4xx_it.o
 .debug_info    0x0000000000008ad4      0x91c Core/Src/sysmem.o
 .debug_info    0x00000000000093f0      0x588 Core/Src/system_stm32f4xx.o
 .debug_info    0x0000000000009978     0x144a Core/Src/user_diskio_spi.o
 .debug_info    0x000000000000adc2       0x22 Core/Startup/startup_stm32f446retx.o
 .debug_info    0x000000000000ade4      0x997 Drivers/STM32F4xx_HAL_Driver/Src/stm32f4xx_hal.o
 .debug_info    0x000000000000b77b      0xe46 Drivers/STM32F4xx_HAL_Driver/Src/stm32f4xx_hal_cortex.o
 .debug_info    0x000000000000c5c1      0x968 Drivers/STM32F4xx_HAL_Driver/Src/stm32f4xx_hal_dma.o
 .debug_info    0x000000000000cf29      0x803 Drivers/STM32F4xx_HAL_Driver/Src/stm32f4xx_hal_gpio.o
 .debug_info    0x000000000000d72c      0x761 Drivers/STM32F4xx_HAL_Driver/Src/stm32f4xx_hal_pwr_ex.o
 .debug_info    0x000000000000de8d      0x944 Drivers/STM32F4xx_HAL_Driver/Src/stm32f4xx_hal_rcc.o
 .debug_info    0x000000000000e7d1      0x9d5 Drivers/STM32F4xx_HAL_Driver/Src/stm32f4xx_hal_rcc_ex.o
 .debug_info    0x000000000000f1a6     0x163a Drivers/STM32F4xx_HAL_Driver/Src/stm32f4xx_hal_spi.o
 .debug_info    0x00000000000107e0     0x24a9 Drivers/STM32F4xx_HAL_Driver/Src/stm32f4xx_hal_tim.o
 .debug_info    0x0000000000012c89     0x1157 Drivers/STM32F4xx_HAL_Driver/Src/stm32f4xx_hal_tim_ex.o
 .debug_info    0x0000000000013de0     0x124c Drivers/STM32F4xx_HAL_Driver/Src/stm32f4xx_hal_uart.o
 .debug_info    0x000000000001502c     0x1256 FATFS/App/fatfs.o
 .debug_info    0x0000000000016282     0x1138 FATFS/Target/user_diskio.o
 .debug_info    0x00000000000173ba     0x11b1 Middlewares/Third_Party/FatFs/src/diskio.o
 .debug_info    0x000000000001856b     0x2f2c Middlewares/Third_Party/FatFs/src/ff.o
 .debug_info    0x000000000001b497     0x1149 Middlewares/Third_Party/FatFs/src/ff_gen_drv.o

.debug_abbrev   0x0000000000000000     0x3707
 .debug_abbrev  0x0000000000000000      0x296 Core/Src/RF96.o
 .debug_abbrev  0x0000000000000296      0x392 Core/Src/main.o
 .debug_abbrev  0x0000000000000628      0x26d Core/Src/sdcard.o
 .debug_abbrev  0x0000000000000895      0x214 Core/Src/spi.o
 .debug_abbrev  0x0000000000000aa9      0x240 Core/Src/stm32f4xx_hal_msp.o
 .debug_abbrev  0x0000000000000ce9      0x1e3 Core/Src/stm32f4xx_it.o
 .debug_abbrev  0x0000000000000ecc      0x1bb Core/Src/sysmem.o
 .debug_abbrev  0x0000000000001087      0x12b Core/Src/system_stm32f4xx.o
 .debug_abbrev  0x00000000000011b2      0x2fe Core/Src/user_diskio_spi.o
 .debug_abbrev  0x00000000000014b0       0x12 Core/Startup/startup_stm32f446retx.o
 .debug_abbrev  0x00000000000014c2      0x1c7 Drivers/STM32F4xx_HAL_Driver/Src/stm32f4xx_hal.o
 .debug_abbrev  0x0000000000001689      0x2fa Drivers/STM32F4xx_HAL_Driver/Src/stm32f4xx_hal_cortex.o
 .debug_abbrev  0x0000000000001983      0x229 Drivers/STM32F4xx_HAL_Driver/Src/stm32f4xx_hal_dma.o
 .debug_abbrev  0x0000000000001bac      0x1c9 Drivers/STM32F4xx_HAL_Driver/Src/stm32f4xx_hal_gpio.o
 .debug_abbrev  0x0000000000001d75      0x1b8 Drivers/STM32F4xx_HAL_Driver/Src/stm32f4xx_hal_pwr_ex.o
 .debug_abbrev  0x0000000000001f2d      0x245 Drivers/STM32F4xx_HAL_Driver/Src/stm32f4xx_hal_rcc.o
 .debug_abbrev  0x0000000000002172      0x1bc Drivers/STM32F4xx_HAL_Driver/Src/stm32f4xx_hal_rcc_ex.o
 .debug_abbrev  0x000000000000232e      0x240 Drivers/STM32F4xx_HAL_Driver/Src/stm32f4xx_hal_spi.o
 .debug_abbrev  0x000000000000256e      0x230 Drivers/STM32F4xx_HAL_Driver/Src/stm32f4xx_hal_tim.o
 .debug_abbrev  0x000000000000279e      0x21e Drivers/STM32F4xx_HAL_Driver/Src/stm32f4xx_hal_tim_ex.o
 .debug_abbrev  0x00000000000029bc      0x242 Drivers/STM32F4xx_HAL_Driver/Src/stm32f4xx_hal_uart.o
 .debug_abbrev  0x0000000000002bfe      0x1ec FATFS/App/fatfs.o
 .debug_abbrev  0x0000000000002dea      0x21f FATFS/Target/user_diskio.o
 .debug_abbrev  0x0000000000003009      0x216 Middlewares/Third_Party/FatFs/src/diskio.o
 .debug_abbrev  0x000000000000321f      0x2a5 Middlewares/Third_Party/FatFs/src/ff.o
 .debug_abbrev  0x00000000000034c4      0x243 Middlewares/Third_Party/FatFs/src/ff_gen_drv.o

.debug_aranges  0x0000000000000000     0x14a8
 .debug_aranges
                0x0000000000000000      0x108 Core/Src/RF96.o
 .debug_aranges
                0x0000000000000108       0xc8 Core/Src/main.o
 .debug_aranges
                0x00000000000001d0       0x98 Core/Src/sdcard.o
 .debug_aranges
                0x0000000000000268       0x48 Core/Src/spi.o
 .debug_aranges
                0x00000000000002b0       0x50 Core/Src/stm32f4xx_hal_msp.o
 .debug_aranges
                0x0000000000000300       0xc0 Core/Src/stm32f4xx_it.o
 .debug_aranges
                0x00000000000003c0       0x20 Core/Src/sysmem.o
 .debug_aranges
                0x00000000000003e0       0x28 Core/Src/system_stm32f4xx.o
 .debug_aranges
                0x0000000000000408       0x98 Core/Src/user_diskio_spi.o
 .debug_aranges
                0x00000000000004a0       0x28 Core/Startup/startup_stm32f446retx.o
 .debug_aranges
                0x00000000000004c8       0xf0 Drivers/STM32F4xx_HAL_Driver/Src/stm32f4xx_hal.o
 .debug_aranges
                0x00000000000005b8      0x118 Drivers/STM32F4xx_HAL_Driver/Src/stm32f4xx_hal_cortex.o
 .debug_aranges
                0x00000000000006d0       0x90 Drivers/STM32F4xx_HAL_Driver/Src/stm32f4xx_hal_dma.o
 .debug_aranges
                0x0000000000000760       0x58 Drivers/STM32F4xx_HAL_Driver/Src/stm32f4xx_hal_gpio.o
 .debug_aranges
                0x00000000000007b8       0x60 Drivers/STM32F4xx_HAL_Driver/Src/stm32f4xx_hal_pwr_ex.o
 .debug_aranges
                0x0000000000000818       0x88 Drivers/STM32F4xx_HAL_Driver/Src/stm32f4xx_hal_rcc.o
 .debug_aranges
                0x00000000000008a0       0x78 Drivers/STM32F4xx_HAL_Driver/Src/stm32f4xx_hal_rcc_ex.o
 .debug_aranges
                0x0000000000000918      0x1d0 Drivers/STM32F4xx_HAL_Driver/Src/stm32f4xx_hal_spi.o
 .debug_aranges
                0x0000000000000ae8      0x3a8 Drivers/STM32F4xx_HAL_Driver/Src/stm32f4xx_hal_tim.o
 .debug_aranges
                0x0000000000000e90      0x150 Drivers/STM32F4xx_HAL_Driver/Src/stm32f4xx_hal_tim_ex.o
 .debug_aranges
                0x0000000000000fe0      0x1d0 Drivers/STM32F4xx_HAL_Driver/Src/stm32f4xx_hal_uart.o
 .debug_aranges
                0x00000000000011b0       0x28 FATFS/App/fatfs.o
 .debug_aranges
                0x00000000000011d8       0x40 FATFS/Target/user_diskio.o
 .debug_aranges
                0x0000000000001218       0x48 Middlewares/Third_Party/FatFs/src/diskio.o
 .debug_aranges
                0x0000000000001260      0x208 Middlewares/Third_Party/FatFs/src/ff.o
 .debug_aranges
                0x0000000000001468       0x40 Middlewares/Third_Party/FatFs/src/ff_gen_drv.o

.debug_ranges   0x0000000000000000     0x1310
 .debug_ranges  0x0000000000000000       0xf8 Core/Src/RF96.o
 .debug_ranges  0x00000000000000f8       0xb8 Core/Src/main.o
 .debug_ranges  0x00000000000001b0       0x88 Core/Src/sdcard.o
 .debug_ranges  0x0000000000000238       0x38 Core/Src/spi.o
 .debug_ranges  0x0000000000000270       0x40 Core/Src/stm32f4xx_hal_msp.o
 .debug_ranges  0x00000000000002b0       0xb0 Core/Src/stm32f4xx_it.o
 .debug_ranges  0x0000000000000360       0x10 Core/Src/sysmem.o
 .debug_ranges  0x0000000000000370       0x18 Core/Src/system_stm32f4xx.o
 .debug_ranges  0x0000000000000388       0x88 Core/Src/user_diskio_spi.o
 .debug_ranges  0x0000000000000410       0x20 Core/Startup/startup_stm32f446retx.o
 .debug_ranges  0x0000000000000430       0xe0 Drivers/STM32F4xx_HAL_Driver/Src/stm32f4xx_hal.o
 .debug_ranges  0x0000000000000510      0x108 Drivers/STM32F4xx_HAL_Driver/Src/stm32f4xx_hal_cortex.o
 .debug_ranges  0x0000000000000618       0x80 Drivers/STM32F4xx_HAL_Driver/Src/stm32f4xx_hal_dma.o
 .debug_ranges  0x0000000000000698       0x48 Drivers/STM32F4xx_HAL_Driver/Src/stm32f4xx_hal_gpio.o
 .debug_ranges  0x00000000000006e0       0x50 Drivers/STM32F4xx_HAL_Driver/Src/stm32f4xx_hal_pwr_ex.o
 .debug_ranges  0x0000000000000730       0x78 Drivers/STM32F4xx_HAL_Driver/Src/stm32f4xx_hal_rcc.o
 .debug_ranges  0x00000000000007a8       0x68 Drivers/STM32F4xx_HAL_Driver/Src/stm32f4xx_hal_rcc_ex.o
 .debug_ranges  0x0000000000000810      0x1c0 Drivers/STM32F4xx_HAL_Driver/Src/stm32f4xx_hal_spi.o
 .debug_ranges  0x00000000000009d0      0x398 Drivers/STM32F4xx_HAL_Driver/Src/stm32f4xx_hal_tim.o
 .debug_ranges  0x0000000000000d68      0x140 Drivers/STM32F4xx_HAL_Driver/Src/stm32f4xx_hal_tim_ex.o
 .debug_ranges  0x0000000000000ea8      0x1c0 Drivers/STM32F4xx_HAL_Driver/Src/stm32f4xx_hal_uart.o
 .debug_ranges  0x0000000000001068       0x18 FATFS/App/fatfs.o
 .debug_ranges  0x0000000000001080       0x30 FATFS/Target/user_diskio.o
 .debug_ranges  0x00000000000010b0       0x38 Middlewares/Third_Party/FatFs/src/diskio.o
 .debug_ranges  0x00000000000010e8      0x1f8 Middlewares/Third_Party/FatFs/src/ff.o
 .debug_ranges  0x00000000000012e0       0x30 Middlewares/Third_Party/FatFs/src/ff_gen_drv.o

.debug_macro    0x0000000000000000    0x24be1
 .debug_macro   0x0000000000000000      0x2ce Core/Src/RF96.o
 .debug_macro   0x00000000000002ce      0xa5a Core/Src/RF96.o
 .debug_macro   0x0000000000000d28      0x190 Core/Src/RF96.o
 .debug_macro   0x0000000000000eb8       0x2e Core/Src/RF96.o
 .debug_macro   0x0000000000000ee6       0x28 Core/Src/RF96.o
 .debug_macro   0x0000000000000f0e       0x22 Core/Src/RF96.o
 .debug_macro   0x0000000000000f30       0x8e Core/Src/RF96.o
 .debug_macro   0x0000000000000fbe       0x51 Core/Src/RF96.o
 .debug_macro   0x000000000000100f       0xef Core/Src/RF96.o
 .debug_macro   0x00000000000010fe       0x6a Core/Src/RF96.o
 .debug_macro   0x0000000000001168      0x1df Core/Src/RF96.o
 .debug_macro   0x0000000000001347       0x1c Core/Src/RF96.o
 .debug_macro   0x0000000000001363       0x22 Core/Src/RF96.o
 .debug_macro   0x0000000000001385       0xdf Core/Src/RF96.o
 .debug_macro   0x0000000000001464     0x102d Core/Src/RF96.o
 .debug_macro   0x0000000000002491      0x11f Core/Src/RF96.o
 .debug_macro   0x00000000000025b0    0x1672d Core/Src/RF96.o
 .debug_macro   0x0000000000018cdd       0x43 Core/Src/RF96.o
 .debug_macro   0x0000000000018d20     0x3659 Core/Src/RF96.o
 .debug_macro   0x000000000001c379      0x174 Core/Src/RF96.o
 .debug_macro   0x000000000001c4ed       0x5a Core/Src/RF96.o
 .debug_macro   0x000000000001c547      0xc90 Core/Src/RF96.o
 .debug_macro   0x000000000001d1d7      0x9fe Core/Src/RF96.o
 .debug_macro   0x000000000001dbd5      0x16d Core/Src/RF96.o
 .debug_macro   0x000000000001dd42      0x117 Core/Src/RF96.o
 .debug_macro   0x000000000001de59      0x1a0 Core/Src/RF96.o
 .debug_macro   0x000000000001dff9       0x27 Core/Src/RF96.o
 .debug_macro   0x000000000001e020      0x287 Core/Src/RF96.o
 .debug_macro   0x000000000001e2a7       0x5f Core/Src/RF96.o
 .debug_macro   0x000000000001e306      0x236 Core/Src/RF96.o
 .debug_macro   0x000000000001e53c      0x132 Core/Src/RF96.o
 .debug_macro   0x000000000001e66e      0x29c Core/Src/RF96.o
 .debug_macro   0x000000000001e90a       0x2e Core/Src/RF96.o
 .debug_macro   0x000000000001e938      0x11a Core/Src/RF96.o
 .debug_macro   0x000000000001ea52       0xe8 Core/Src/RF96.o
 .debug_macro   0x000000000001eb3a       0x89 Core/Src/RF96.o
 .debug_macro   0x000000000001ebc3      0x225 Core/Src/RF96.o
 .debug_macro   0x000000000001ede8      0x8a0 Core/Src/RF96.o
 .debug_macro   0x000000000001f688       0x4d Core/Src/RF96.o