Archive member included to satisfy reference by file (symbol)

/opt/st/stm32cubeide_1.3.0/plugins/com.st.stm32cube.ide.mcu.externaltools.gnu-tools-for-stm32.7-2018-q2-update.linux64_1.0.0.201904181610/tools/bin/../lib/gcc/arm-none-eabi/7.3.1/../../../../arm-none-eabi/lib/thumb/v7e-m/fpv4-sp/hard/libc_nano.a(lib_a-errno.o)
                              Core/Src/syscalls.o (__errno)
/opt/st/stm32cubeide_1.3.0/plugins/com.st.stm32cube.ide.mcu.externaltools.gnu-tools-for-stm32.7-2018-q2-update.linux64_1.0.0.201904181610/tools/bin/../lib/gcc/arm-none-eabi/7.3.1/../../../../arm-none-eabi/lib/thumb/v7e-m/fpv4-sp/hard/libc_nano.a(lib_a-exit.o)
                              /opt/st/stm32cubeide_1.3.0/plugins/com.st.stm32cube.ide.mcu.externaltools.gnu-tools-for-stm32.7-2018-q2-update.linux64_1.0.0.201904181610/tools/bin/../lib/gcc/arm-none-eabi/7.3.1/../../../../arm-none-eabi/lib/thumb/v7e-m/fpv4-sp/hard/crt0.o (exit)
/opt/st/stm32cubeide_1.3.0/plugins/com.st.stm32cube.ide.mcu.externaltools.gnu-tools-for-stm32.7-2018-q2-update.linux64_1.0.0.201904181610/tools/bin/../lib/gcc/arm-none-eabi/7.3.1/../../../../arm-none-eabi/lib/thumb/v7e-m/fpv4-sp/hard/libc_nano.a(lib_a-impure.o)
                              /opt/st/stm32cubeide_1.3.0/plugins/com.st.stm32cube.ide.mcu.externaltools.gnu-tools-for-stm32.7-2018-q2-update.linux64_1.0.0.201904181610/tools/bin/../lib/gcc/arm-none-eabi/7.3.1/../../../../arm-none-eabi/lib/thumb/v7e-m/fpv4-sp/hard/libc_nano.a(lib_a-exit.o) (_global_impure_ptr)
/opt/st/stm32cubeide_1.3.0/plugins/com.st.stm32cube.ide.mcu.externaltools.gnu-tools-for-stm32.7-2018-q2-update.linux64_1.0.0.201904181610/tools/bin/../lib/gcc/arm-none-eabi/7.3.1/../../../../arm-none-eabi/lib/thumb/v7e-m/fpv4-sp/hard/libc_nano.a(lib_a-init.o)
                              /opt/st/stm32cubeide_1.3.0/plugins/com.st.stm32cube.ide.mcu.externaltools.gnu-tools-for-stm32.7-2018-q2-update.linux64_1.0.0.201904181610/tools/bin/../lib/gcc/arm-none-eabi/7.3.1/../../../../arm-none-eabi/lib/thumb/v7e-m/fpv4-sp/hard/crt0.o (__libc_init_array)
/opt/st/stm32cubeide_1.3.0/plugins/com.st.stm32cube.ide.mcu.externaltools.gnu-tools-for-stm32.7-2018-q2-update.linux64_1.0.0.201904181610/tools/bin/../lib/gcc/arm-none-eabi/7.3.1/../../../../arm-none-eabi/lib/thumb/v7e-m/fpv4-sp/hard/libc_nano.a(lib_a-memset.o)
                              /opt/st/stm32cubeide_1.3.0/plugins/com.st.stm32cube.ide.mcu.externaltools.gnu-tools-for-stm32.7-2018-q2-update.linux64_1.0.0.201904181610/tools/bin/../lib/gcc/arm-none-eabi/7.3.1/../../../../arm-none-eabi/lib/thumb/v7e-m/fpv4-sp/hard/crt0.o (memset)
/opt/st/stm32cubeide_1.3.0/plugins/com.st.stm32cube.ide.mcu.externaltools.gnu-tools-for-stm32.7-2018-q2-update.linux64_1.0.0.201904181610/tools/bin/../lib/gcc/arm-none-eabi/7.3.1/thumb/v7e-m/fpv4-sp/hard/libgcc.a(_aeabi_uldivmod.o)
                              Drivers/STM32F4xx_HAL_Driver/Src/stm32f4xx_hal_rcc.o (__aeabi_uldivmod)
/opt/st/stm32cubeide_1.3.0/plugins/com.st.stm32cube.ide.mcu.externaltools.gnu-tools-for-stm32.7-2018-q2-update.linux64_1.0.0.201904181610/tools/bin/../lib/gcc/arm-none-eabi/7.3.1/thumb/v7e-m/fpv4-sp/hard/libgcc.a(_udivmoddi4.o)
                              /opt/st/stm32cubeide_1.3.0/plugins/com.st.stm32cube.ide.mcu.externaltools.gnu-tools-for-stm32.7-2018-q2-update.linux64_1.0.0.201904181610/tools/bin/../lib/gcc/arm-none-eabi/7.3.1/thumb/v7e-m/fpv4-sp/hard/libgcc.a(_aeabi_uldivmod.o) (__udivmoddi4)
/opt/st/stm32cubeide_1.3.0/plugins/com.st.stm32cube.ide.mcu.externaltools.gnu-tools-for-stm32.7-2018-q2-update.linux64_1.0.0.201904181610/tools/bin/../lib/gcc/arm-none-eabi/7.3.1/thumb/v7e-m/fpv4-sp/hard/libgcc.a(_dvmd_tls.o)
                              /opt/st/stm32cubeide_1.3.0/plugins/com.st.stm32cube.ide.mcu.externaltools.gnu-tools-for-stm32.7-2018-q2-update.linux64_1.0.0.201904181610/tools/bin/../lib/gcc/arm-none-eabi/7.3.1/thumb/v7e-m/fpv4-sp/hard/libgcc.a(_aeabi_uldivmod.o) (__aeabi_ldiv0)

Allocating common symbols
Common symbol       size              file

USERPath            0x4               FATFS/App/fatfs.o
hdma_usart3_rx      0x60              Core/Src/main.o
bytesRead           0x4               Core/Src/main.o
huart3              0x40              Core/Src/main.o
FatFs               0x230             Core/Src/main.o
htim10              0x40              Core/Src/main.o
spiTimerTickStart   0x4               Core/Src/user_diskio_spi.o
BufFileInfoWr       0x1e              Core/Src/main.o
bytesWrote          0x4               Core/Src/main.o
uwTick              0x4               Drivers/STM32F4xx_HAL_Driver/Src/stm32f4xx_hal.o
TX_RX_Radio         0x2a              Core/Src/main.o
pFlash              0x20              Drivers/STM32F4xx_HAL_Driver/Src/stm32f4xx_hal_flash.o
BuffCkt             0x2b              Core/Src/main.o
hspi3               0x58              Core/Src/main.o
huart5              0x40              Core/Src/main.o
hdma_usart1_rx      0x60              Core/Src/main.o
[...]
Memory Configuration

Name             Origin             Length             Attributes
RAM              0x0000000020000000 0x0000000000020000 xrw
FLASH            0x0000000008000000 0x0000000000080000 xr
*default*        0x0000000000000000 0xffffffffffffffff

Linker script and memory map

LOAD /opt/st/stm32cubeide_1.3.0/plugins/com.st.stm32cube.ide.mcu.externaltools.gnu-tools-for-stm32.7-2018-q2-update.linux64_1.0.0.201904181610/tools/bin/../lib/gcc/arm-none-eabi/7.3.1/thumb/v7e-m/fpv4-sp/hard/crti.o
LOAD /opt/st/stm32cubeide_1.3.0/plugins/com.st.stm32cube.ide.mcu.externaltools.gnu-tools-for-stm32.7-2018-q2-update.linux64_1.0.0.201904181610/tools/bin/../lib/gcc/arm-none-eabi/7.3.1/thumb/v7e-m/fpv4-sp/hard/crtbegin.o
LOAD /opt/st/stm32cubeide_1.3.0/plugins/com.st.stm32cube.ide.mcu.externaltools.gnu-tools-for-stm32.7-2018-q2-update.linux64_1.0.0.201904181610/tools/bin/../lib/gcc/arm-none-eabi/7.3.1/../../../../arm-none-eabi/lib/thumb/v7e-m/fpv4-sp/hard/crt0.o
LOAD Core/Src/RF96.o
LOAD Core/Src/main.o
LOAD Core/Src/sdcard.o
LOAD Core/Src/spi.o
LOAD Core/Src/stm32f4xx_hal_msp.o
LOAD Core/Src/stm32f4xx_it.o
LOAD Core/Src/syscalls.o
LOAD Core/Src/sysmem.o
LOAD Core/Src/system_stm32f4xx.o
LOAD Core/Src/user_diskio_spi.o
LOAD Core/Startup/startup_stm32f446retx.o
LOAD Drivers/STM32F4xx_HAL_Driver/Src/stm32f4xx_hal.o
LOAD Drivers/STM32F4xx_HAL_Driver/Src/stm32f4xx_hal_cortex.o
LOAD Drivers/STM32F4xx_HAL_Driver/Src/stm32f4xx_hal_dma.o
LOAD Drivers/STM32F4xx_HAL_Driver/Src/stm32f4xx_hal_dma_ex.o
LOAD Drivers/STM32F4xx_HAL_Driver/Src/stm32f4xx_hal_exti.o
LOAD Drivers/STM32F4xx_HAL_Driver/Src/stm32f4xx_hal_flash.o
LOAD Drivers/STM32F4xx_HAL_Driver/Src/stm32f4xx_hal_flash_ex.o
LOAD Drivers/STM32F4xx_HAL_Driver/Src/stm32f4xx_hal_flash_ramfunc.o
LOAD Drivers/STM32F4xx_HAL_Driver/Src/stm32f4xx_hal_gpio.o
LOAD Drivers/STM32F4xx_HAL_Driver/Src/stm32f4xx_hal_pwr.o
LOAD Drivers/STM32F4xx_HAL_Driver/Src/stm32f4xx_hal_pwr_ex.o
LOAD Drivers/STM32F4xx_HAL_Driver/Src/stm32f4xx_hal_rcc.o
LOAD Drivers/STM32F4xx_HAL_Driver/Src/stm32f4xx_hal_rcc_ex.o
LOAD Drivers/STM32F4xx_HAL_Driver/Src/stm32f4xx_hal_spi.o
LOAD Drivers/STM32F4xx_HAL_Driver/Src/stm32f4xx_hal_tim.o
LOAD Drivers/STM32F4xx_HAL_Driver/Src/stm32f4xx_hal_tim_ex.o
LOAD Drivers/STM32F4xx_HAL_Driver/Src/stm32f4xx_hal_uart.o
LOAD FATFS/App/fatfs.o
LOAD FATFS/Target/user_diskio.o
LOAD Middlewares/Third_Party/FatFs/src/diskio.o
LOAD Middlewares/Third_Party/FatFs/src/ff.o
LOAD Middlewares/Third_Party/FatFs/src/ff_gen_drv.o
LOAD Middlewares/Third_Party/FatFs/src/option/syscall.o
START GROUP
LOAD /opt/st/stm32cubeide_1.3.0/plugins/com.st.stm32cube.ide.mcu.externaltools.gnu-tools-for-stm32.7-2018-q2-update.linux64_1.0.0.201904181610/tools/bin/../lib/gcc/arm-none-eabi/7.3.1/../../../../arm-none-eabi/lib/thumb/v7e-m/fpv4-sp/hard/libstdc++_nano.a
LOAD /opt/st/stm32cubeide_1.3.0/plugins/com.st.stm32cube.ide.mcu.externaltools.gnu-tools-for-stm32.7-2018-q2-update.linux64_1.0.0.201904181610/tools/bin/../lib/gcc/arm-none-eabi/7.3.1/../../../../arm-none-eabi/lib/thumb/v7e-m/fpv4-sp/hard/libsupc++_nano.a
END GROUP
LOAD /opt/st/stm32cubeide_1.3.0/plugins/com.st.stm32cube.ide.mcu.externaltools.gnu-tools-for-stm32.7-2018-q2-update.linux64_1.0.0.201904181610/tools/bin/../lib/gcc/arm-none-eabi/7.3.1/../../../../arm-none-eabi/lib/thumb/v7e-m/fpv4-sp/hard/libstdc++_nano.a
LOAD /opt/st/stm32cubeide_1.3.0/plugins/com.st.stm32cube.ide.mcu.externaltools.gnu-tools-for-stm32.7-2018-q2-update.linux64_1.0.0.201904181610/tools/bin/../lib/gcc/arm-none-eabi/7.3.1/../../../../arm-none-eabi/lib/thumb/v7e-m/fpv4-sp/hard/libm.a
LOAD /opt/st/stm32cubeide_1.3.0/plugins/com.st.stm32cube.ide.mcu.externaltools.gnu-tools-for-stm32.7-2018-q2-update.linux64_1.0.0.201904181610/tools/bin/../lib/gcc/arm-none-eabi/7.3.1/../../../../arm-none-eabi/lib/thumb/v7e-m/fpv4-sp/hard/libc_nano.a
START GROUP
LOAD /opt/st/stm32cubeide_1.3.0/plugins/com.st.stm32cube.ide.mcu.externaltools.gnu-tools-for-stm32.7-2018-q2-update.linux64_1.0.0.201904181610/tools/bin/../lib/gcc/arm-none-eabi/7.3.1/thumb/v7e-m/fpv4-sp/hard/libgcc.a
LOAD /opt/st/stm32cubeide_1.3.0/plugins/com.st.stm32cube.ide.mcu.externaltools.gnu-tools-for-stm32.7-2018-q2-update.linux64_1.0.0.201904181610/tools/bin/../lib/gcc/arm-none-eabi/7.3.1/../../../../arm-none-eabi/lib/thumb/v7e-m/fpv4-sp/hard/libc_nano.a
END GROUP
START GROUP
LOAD /opt/st/stm32cubeide_1.3.0/plugins/com.st.stm32cube.ide.mcu.externaltools.gnu-tools-for-stm32.7-2018-q2-update.linux64_1.0.0.201904181610/tools/bin/../lib/gcc/arm-none-eabi/7.3.1/thumb/v7e-m/fpv4-sp/hard/libgcc.a
LOAD /opt/st/stm32cubeide_1.3.0/plugins/com.st.stm32cube.ide.mcu.externaltools.gnu-tools-for-stm32.7-2018-q2-update.linux64_1.0.0.201904181610/tools/bin/../lib/gcc/arm-none-eabi/7.3.1/../../../../arm-none-eabi/lib/thumb/v7e-m/fpv4-sp/hard/libc_nano.a
END GROUP
LOAD /opt/st/stm32cubeide_1.3.0/plugins/com.st.stm32cube.ide.mcu.externaltools.gnu-tools-for-stm32.7-2018-q2-update.linux64_1.0.0.201904181610/tools/bin/../lib/gcc/arm-none-eabi/7.3.1/thumb/v7e-m/fpv4-sp/hard/crtend.o
LOAD /opt/st/stm32cubeide_1.3.0/plugins/com.st.stm32cube.ide.mcu.externaltools.gnu-tools-for-stm32.7-2018-q2-update.linux64_1.0.0.201904181610/tools/bin/../lib/gcc/arm-none-eabi/7.3.1/thumb/v7e-m/fpv4-sp/hard/crtn.o
                0x0000000020020000                _estack = (ORIGIN (RAM) + LENGTH (RAM))
                0x0000000000000200                _Min_Heap_Size = 0x200
                0x0000000000000400                _Min_Stack_Size = 0x400

.isr_vector     0x0000000008000000      0x1c4
                0x0000000008000000                . = ALIGN (0x4)
 *(.isr_vector)
 .isr_vector    0x0000000008000000      0x1c4 Core/Startup/startup_stm32f446retx.o
                0x0000000008000000                g_pfnVectors
                0x00000000080001c4                . = ALIGN (0x4)

.text           0x00000000080001c4     0x8f08
                0x00000000080001c4                . = ALIGN (0x4)
 *(.text)
 .text          0x00000000080001c4       0x40 /opt/st/stm32cubeide_1.3.0/plugins/com.st.stm32cube.ide.mcu.externaltools.gnu-tools-for-stm32.7-2018-q2-update.linux64_1.0.0.201904181610/tools/bin/../lib/gcc/arm-none-eabi/7.3.1/thumb/v7e-m/fpv4-sp/hard/crtbegin.o
 .text          0x0000000008000204       0x30 /opt/st/stm32cubeide_1.3.0/plugins/com.st.stm32cube.ide.mcu.externaltools.gnu-tools-for-stm32.7-2018-q2-update.linux64_1.0.0.201904181610/tools/bin/../lib/gcc/arm-none-eabi/7.3.1/thumb/v7e-m/fpv4-sp/hard/libgcc.a(_aeabi_uldivmod.o)
                0x0000000008000204                __aeabi_uldivmod
 .text          0x0000000008000234      0x2cc /opt/st/stm32cubeide_1.3.0/plugins/com.st.stm32cube.ide.mcu.externaltools.gnu-tools-for-stm32.7-2018-q2-update.linux64_1.0.0.201904181610/tools/bin/../lib/gcc/arm-none-eabi/7.3.1/thumb/v7e-m/fpv4-sp/hard/libgcc.a(_udivmoddi4.o)
                0x0000000008000234                __udivmoddi4
 .text          0x0000000008000500        0x4 /opt/st/stm32cubeide_1.3.0/plugins/com.st.stm32cube.ide.mcu.externaltools.gnu-tools-for-stm32.7-2018-q2-update.linux64_1.0.0.201904181610/tools/bin/../lib/gcc/arm-none-eabi/7.3.1/thumb/v7e-m/fpv4-sp/hard/libgcc.a(_dvmd_tls.o)
                0x0000000008000500                __aeabi_ldiv0
                0x0000000008000500                __aeabi_idiv0
 *(.text*)
 .text.Rf96_LoRaClearIrq
                0x0000000008000504       0x10 Core/Src/RF96.o
                0x0000000008000504                Rf96_LoRaClearIrq
 .text.Rf96_Standby
                0x0000000008000514       0x10 Core/Src/RF96.o
                0x0000000008000514                Rf96_Standby
 .text.Rf96_Sleep
                0x0000000008000524       0x10 Core/Src/RF96.o
                0x0000000008000524                Rf96_Sleep
 .text.Rf96_EntryLoRa
                0x0000000008000534       0x10 Core/Src/RF96.o
                0x0000000008000534                Rf96_EntryLoRa
 .text.Rf96_FreqChoose
                0x0000000008000544       0x2c Core/Src/RF96.o
                0x0000000008000544                Rf96_FreqChoose
 .text.Rf96_OutPower
                0x0000000008000570       0x22 Core/Src/RF96.o
                0x0000000008000570                Rf96_OutPower
 *fill*         0x0000000008000592        0x2 
 .text.Rf96_OCP
                0x0000000008000594       0x24 Core/Src/RF96.o
                0x0000000008000594                Rf96_OCP
 .text.Rf96_LNA
                0x00000000080005b8       0x24 Core/Src/RF96.o
                0x00000000080005b8                Rf96_LNA
 .text.Rf96_bandwide_CR_HeadreMod
                0x00000000080005dc       0x22 Core/Src/RF96.o
                0x00000000080005dc                Rf96_bandwide_CR_HeadreMod
 .text.Rf96_SF_LoadCRC_SymbTimeout
                0x00000000080005fe       0x2e Core/Src/RF96.o
                0x00000000080005fe                Rf96_SF_LoadCRC_SymbTimeout
 .text.Rf96_Preamble
                0x000000000800062c       0x2e Core/Src/RF96.o
                0x000000000800062c                Rf96_Preamble
 .text.Rf96_PinOut_Di0_Di1_Di2_Di3
                0x000000000800065a       0x4e Core/Src/RF96.o
                0x000000000800065a                Rf96_PinOut_Di0_Di1_Di2_Di3
 .text.Rf96_irqMaskTX
                0x00000000080006a8       0x10 Core/Src/RF96.o
                0x00000000080006a8                Rf96_irqMaskTX
 .text.Rf96_irqMaskRX
                0x00000000080006b8       0x10 Core/Src/RF96.o
                0x00000000080006b8                Rf96_irqMaskRX
 .text.Rf96_PayloadLength
                0x00000000080006c8       0x1c Core/Src/RF96.o
                0x00000000080006c8                Rf96_PayloadLength
 .text.Rf96_TX_FifoAdr
                0x00000000080006e4       0x1c Core/Src/RF96.o
                0x00000000080006e4                Rf96_TX_FifoAdr
 .text.Rf96_RX_FifoAdr
                0x0000000008000700       0x1c Core/Src/RF96.o
                0x0000000008000700                Rf96_RX_FifoAdr
 .text.Rf96_FIFO_point
                0x000000000800071c       0x1c Core/Src/RF96.o
                0x000000000800071c                Rf96_FIFO_point
 .text.Rf96_RX_Continuous_mode
                0x0000000008000738       0x10 Core/Src/RF96.o
                0x0000000008000738                Rf96_RX_Continuous_mode
 .text.Rf96_TX_mode
                0x0000000008000748       0x10 Core/Src/RF96.o
                0x0000000008000748                Rf96_TX_mode
 .text.Rf96_DataTX_to_FiFO
                0x0000000008000758       0x20 Core/Src/RF96.o
                0x0000000008000758                Rf96_DataTX_to_FiFO
 .text.Rf96_DataRX_From_FiFO
                0x0000000008000778       0x3a Core/Src/RF96.o
                0x0000000008000778                Rf96_DataRX_From_FiFO
 .text.Rf96_Lora_init
                0x00000000080007b2       0x58 Core/Src/RF96.o
                0x00000000080007b2                Rf96_Lora_init
 .text.Rf96_Lora_TX_mode
                0x000000000800080a       0x36 Core/Src/RF96.o
                0x000000000800080a                Rf96_Lora_TX_mode
 .text.Rf96_Lora_RX_mode
                0x0000000008000840       0x3a Core/Src/RF96.o
                0x0000000008000840                Rf96_Lora_RX_mode
 .text.Rf96_LoRaTxPacket
                0x000000000800087a       0x22 Core/Src/RF96.o
                0x000000000800087a                Rf96_LoRaTxPacket
 .text.Crc16    0x000000000800089c       0x58 Core/Src/main.o
                0x000000000800089c                Crc16
 .text.UserDelayStart
                0x00000000080008f4       0x28 Core/Src/main.o
                0x00000000080008f4                UserDelayStart
 .text.uint32_TO_charmass
                0x000000000800091c       0x74 Core/Src/main.o
                0x000000000800091c                uint32_TO_charmass
 .text.ReadNumofFileSD
                0x0000000008000990      0x144 Core/Src/main.o
                0x0000000008000990                ReadNumofFileSD
 .text.WriteNumofFileSD
                0x0000000008000ad4       0xa8 Core/Src/main.o
                0x0000000008000ad4                WriteNumofFileSD
 .text.CommandHistoryWrite
                0x0000000008000b7c       0xbc Core/Src/main.o
                0x0000000008000b7c                CommandHistoryWrite
 .text.HistoryOnOffUSI
                0x0000000008000c38       0x94 Core/Src/main.o
                0x0000000008000c38                HistoryOnOffUSI
 .text.SyncCKT  0x0000000008000ccc       0x38 Core/Src/main.o
                0x0000000008000ccc                SyncCKT
 .text.CommandToRadio
                0x0000000008000d04       0xb4 Core/Src/main.o
                0x0000000008000d04                CommandToRadio
 .text.RXCommande1
                0x0000000008000db8       0x58 Core/Src/main.o
                0x0000000008000db8                RXCommande1
 .text.RXCommande2
                0x0000000008000e10       0x24 Core/Src/main.o
                0x0000000008000e10                RXCommande2
 .text.RXCommande3
                0x0000000008000e34       0x50 Core/Src/main.o
                0x0000000008000e34                RXCommande3
 .text.RXCommande4
                0x0000000008000e84        0xe Core/Src/main.o
                0x0000000008000e84                RXCommande4
 *fill*         0x0000000008000e92        0x2 
 .text.RXCommande5
                0x0000000008000e94       0x20 Core/Src/main.o
                0x0000000008000e94                RXCommande5
 .text.RXCommande6
                0x0000000008000eb4       0x24 Core/Src/main.o
                0x0000000008000eb4                RXCommande6
 .text.DataConv
                0x0000000008000ed8       0x6c Core/Src/main.o
                0x0000000008000ed8                DataConv
 .text.main     0x0000000008000f44      0x298 Core/Src/main.o
                0x0000000008000f44                main
 .text.SystemClock_Config
                0x00000000080011dc       0xe4 Core/Src/main.o
                0x00000000080011dc                SystemClock_Config
 .text.MX_SPI1_Init
                0x00000000080012c0       0x6c Core/Src/main.o
 .text.MX_SPI3_Init
                0x000000000800132c       0x6c Core/Src/main.o
 .text.MX_TIM6_Init
                0x0000000008001398       0x6c Core/Src/main.o
 .text.MX_TIM7_Init
                0x0000000008001404       0x6c Core/Src/main.o
 .text.MX_TIM10_Init
                0x0000000008001470       0x48 Core/Src/main.o
 .text.MX_UART5_Init
                0x00000000080014b8       0x58 Core/Src/main.o
 .text.MX_USART1_UART_Init
                0x0000000008001510       0x54 Core/Src/main.o
 .text.MX_USART2_UART_Init
                0x0000000008001564       0x54 Core/Src/main.o
 .text.MX_USART3_UART_Init
                0x00000000080015b8       0x54 Core/Src/main.o
 .text.MX_DMA_Init
                0x000000000800160c       0x8c Core/Src/main.o
 .text.MX_GPIO_Init
                0x0000000008001698      0x1cc Core/Src/main.o
 .text.HAL_UART_RxCpltCallback
                0x0000000008001864       0xd0 Core/Src/main.o
                0x0000000008001864                HAL_UART_RxCpltCallback
 .text.HAL_TIM_PeriodElapsedCallback
                0x0000000008001934       0x54 Core/Src/main.o
                0x0000000008001934                HAL_TIM_PeriodElapsedCallback
 .text.SysTick_Handler
                0x0000000008001988       0x50 Core/Src/main.o
                0x0000000008001988                SysTick_Handler
 .text.Error_Handler
                0x00000000080019d8        0xe Core/Src/main.o
                0x00000000080019d8                Error_Handler
 *fill*         0x00000000080019e6        0x2 
 .text.SPICmd8bit
                0x00000000080019e8       0x24 Core/Src/spi.o
                0x00000000080019e8                SPICmd8bit
 .text.SPIRead8bit
                0x0000000008001a0c       0x24 Core/Src/spi.o
                0x0000000008001a0c                SPIRead8bit
 .text.SPIRead  0x0000000008001a30       0x3c Core/Src/spi.o
                0x0000000008001a30                SPIRead
 .text.SPIWrite
                0x0000000008001a6c       0x48 Core/Src/spi.o
                0x0000000008001a6c                SPIWrite
 .text.SPIBurstRead
                0x0000000008001ab4       0x64 Core/Src/spi.o
                0x0000000008001ab4                SPIBurstRead
 .text.BurstWrite
                0x0000000008001b18       0x68 Core/Src/spi.o
                0x0000000008001b18                BurstWrite
 .text.HAL_MspInit
                0x0000000008001b80       0x50 Core/Src/stm32f4xx_hal_msp.o
                0x0000000008001b80                HAL_MspInit
 .text.HAL_SPI_MspInit
                0x0000000008001bd0      0x170 Core/Src/stm32f4xx_hal_msp.o
                0x0000000008001bd0                HAL_SPI_MspInit
 .text.HAL_TIM_Base_MspInit
                0x0000000008001d40       0xc8 Core/Src/stm32f4xx_hal_msp.o
                0x0000000008001d40                HAL_TIM_Base_MspInit
 .text.HAL_UART_MspInit
                0x0000000008001e08      0x478 Core/Src/stm32f4xx_hal_msp.o
                0x0000000008001e08                HAL_UART_MspInit
 .text.NMI_Handler
                0x0000000008002280        0xe Core/Src/stm32f4xx_it.o
                0x0000000008002280                NMI_Handler
 .text.HardFault_Handler
                0x000000000800228e        0x6 Core/Src/stm32f4xx_it.o
                0x000000000800228e                HardFault_Handler
 .text.MemManage_Handler
                0x0000000008002294        0x6 Core/Src/stm32f4xx_it.o
                0x0000000008002294                MemManage_Handler
 .text.BusFault_Handler
                0x000000000800229a        0x6 Core/Src/stm32f4xx_it.o
                0x000000000800229a                BusFault_Handler
 .text.UsageFault_Handler
                0x00000000080022a0        0x6 Core/Src/stm32f4xx_it.o
                0x00000000080022a0                UsageFault_Handler
 .text.SVC_Handler
                0x00000000080022a6        0xe Core/Src/stm32f4xx_it.o
                0x00000000080022a6                SVC_Handler
 .text.DebugMon_Handler
                0x00000000080022b4        0xe Core/Src/stm32f4xx_it.o
                0x00000000080022b4                DebugMon_Handler
 .text.PendSV_Handler
                0x00000000080022c2        0xe Core/Src/stm32f4xx_it.o
                0x00000000080022c2                PendSV_Handler
 .text.DMA1_Stream0_IRQHandler
                0x00000000080022d0       0x14 Core/Src/stm32f4xx_it.o
                0x00000000080022d0                DMA1_Stream0_IRQHandler
 .text.DMA1_Stream1_IRQHandler
                0x00000000080022e4       0x14 Core/Src/stm32f4xx_it.o
                0x00000000080022e4                DMA1_Stream1_IRQHandler
 .text.DMA1_Stream6_IRQHandler
                0x00000000080022f8       0x14 Core/Src/stm32f4xx_it.o
                0x00000000080022f8                DMA1_Stream6_IRQHandler
 .text.TIM1_UP_TIM10_IRQHandler
                0x000000000800230c       0x14 Core/Src/stm32f4xx_it.o
                0x000000000800230c                TIM1_UP_TIM10_IRQHandler
 .text.USART1_IRQHandler
                0x0000000008002320       0x14 Core/Src/stm32f4xx_it.o
                0x0000000008002320                USART1_IRQHandler
 .text.USART2_IRQHandler
                0x0000000008002334       0x14 Core/Src/stm32f4xx_it.o
                0x0000000008002334                USART2_IRQHandler
 .text.USART3_IRQHandler
                0x0000000008002348       0x14 Core/Src/stm32f4xx_it.o
                0x0000000008002348                USART3_IRQHandler
 .text.SPI3_IRQHandler
                0x000000000800235c       0x14 Core/Src/stm32f4xx_it.o
                0x000000000800235c                SPI3_IRQHandler
 .text.UART5_IRQHandler
                0x0000000008002370       0x14 Core/Src/stm32f4xx_it.o
                0x0000000008002370                UART5_IRQHandler
 .text.TIM6_DAC_IRQHandler
                0x0000000008002384       0x14 Core/Src/stm32f4xx_it.o
                0x0000000008002384                TIM6_DAC_IRQHandler
 .text.TIM7_IRQHandler
                0x0000000008002398       0x14 Core/Src/stm32f4xx_it.o
                0x0000000008002398                TIM7_IRQHandler
 .text.DMA2_Stream2_IRQHandler
                0x00000000080023ac       0x14 Core/Src/stm32f4xx_it.o
                0x00000000080023ac                DMA2_Stream2_IRQHandler
 .text.SystemInit
                0x00000000080023c0       0x2c Core/Src/system_stm32f4xx.o
                0x00000000080023c0                SystemInit
 .text.SPI_Timer_On
                0x00000000080023ec       0x28 Core/Src/user_diskio_spi.o
                0x00000000080023ec                SPI_Timer_On
 .text.SPI_Timer_Status
                0x0000000008002414       0x2c Core/Src/user_diskio_spi.o
                0x0000000008002414                SPI_Timer_Status
 .text.xchg_spi
                0x0000000008002440       0x2c Core/Src/user_diskio_spi.o
 .text.rcvr_spi_multi
                0x000000000800246c       0x36 Core/Src/user_diskio_spi.o
 .text.xmit_spi_multi
                0x00000000080024a2       0x34 Core/Src/user_diskio_spi.o
 .text.wait_ready
                0x00000000080024d6       0x46 Core/Src/user_diskio_spi.o
 .text.despiselect
                0x000000000800251c       0x20 Core/Src/user_diskio_spi.o
 .text.spiselect
                0x000000000800253c       0x38 Core/Src/user_diskio_spi.o
 .text.rcvr_datablock
                0x0000000008002574       0x52 Core/Src/user_diskio_spi.o
 .text.xmit_datablock
                0x00000000080025c6       0x64 Core/Src/user_diskio_spi.o
 .text.send_cmd
                0x000000000800262a       0xde Core/Src/user_diskio_spi.o
 .text.USER_SPI_initialize
                0x0000000008002708      0x1c0 Core/Src/user_diskio_spi.o
                0x0000000008002708                USER_SPI_initialize
 .text.USER_SPI_status
                0x00000000080028c8       0x2c Core/Src/user_diskio_spi.o
                0x00000000080028c8                USER_SPI_status
 .text.USER_SPI_read
                0x00000000080028f4       0xcc Core/Src/user_diskio_spi.o
                0x00000000080028f4                USER_SPI_read
 .text.USER_SPI_write
                0x00000000080029c0       0xf8 Core/Src/user_diskio_spi.o
                0x00000000080029c0                USER_SPI_write
 .text.USER_SPI_ioctl
                0x0000000008002ab8      0x2e0 Core/Src/user_diskio_spi.o
                0x0000000008002ab8                USER_SPI_ioctl
 .text.Reset_Handler
                0x0000000008002d98       0x50 Core/Startup/startup_stm32f446retx.o
                0x0000000008002d98                Reset_Handler
 .text.Default_Handler
                0x0000000008002de8        0x2 Core/Startup/startup_stm32f446retx.o
                0x0000000008002de8                RTC_Alarm_IRQHandler
                0x0000000008002de8                EXTI2_IRQHandler
                0x0000000008002de8                TIM8_CC_IRQHandler
                0x0000000008002de8                FMPI2C1_EV_IRQHandler
                0x0000000008002de8                SPI4_IRQHandler
                0x0000000008002de8                TIM1_CC_IRQHandler
                0x0000000008002de8                DMA2_Stream5_IRQHandler
                0x0000000008002de8                DMA1_Stream5_IRQHandler
                0x0000000008002de8                PVD_IRQHandler
                0x0000000008002de8                SDIO_IRQHandler
                0x0000000008002de8                TAMP_STAMP_IRQHandler
                0x0000000008002de8                CAN2_RX1_IRQHandler
                0x0000000008002de8                EXTI3_IRQHandler
                0x0000000008002de8                TIM8_TRG_COM_TIM14_IRQHandler
                0x0000000008002de8                TIM8_UP_TIM13_IRQHandler
                0x0000000008002de8                I2C3_ER_IRQHandler
                0x0000000008002de8                EXTI0_IRQHandler
                0x0000000008002de8                I2C2_EV_IRQHandler
                0x0000000008002de8                DMA1_Stream2_IRQHandler
                0x0000000008002de8                CAN1_RX0_IRQHandler
                0x0000000008002de8                FPU_IRQHandler
                0x0000000008002de8                OTG_HS_WKUP_IRQHandler
                0x0000000008002de8                CAN2_SCE_IRQHandler
                0x0000000008002de8                SPI1_IRQHandler
                0x0000000008002de8                TIM1_BRK_TIM9_IRQHandler
                0x0000000008002de8                DCMI_IRQHandler
                0x0000000008002de8                CAN2_RX0_IRQHandler
                0x0000000008002de8                DMA2_Stream3_IRQHandler
                0x0000000008002de8                SAI2_IRQHandler
                0x0000000008002de8                USART6_IRQHandler
                0x0000000008002de8                CAN1_RX1_IRQHandler
                0x0000000008002de8                DMA2_Stream0_IRQHandler
                0x0000000008002de8                TIM4_IRQHandler
                0x0000000008002de8                QUADSPI_IRQHandler
                0x0000000008002de8                I2C1_EV_IRQHandler
                0x0000000008002de8                UART4_IRQHandler
                0x0000000008002de8                TIM3_IRQHandler
                0x0000000008002de8                RCC_IRQHandler
                0x0000000008002de8                TIM8_BRK_TIM12_IRQHandler
                0x0000000008002de8                Default_Handler
                0x0000000008002de8                CEC_IRQHandler
                0x0000000008002de8                EXTI15_10_IRQHandler
                0x0000000008002de8                ADC_IRQHandler
                0x0000000008002de8                DMA1_Stream7_IRQHandler
                0x0000000008002de8                CAN2_TX_IRQHandler
                0x0000000008002de8                TIM5_IRQHandler
                0x0000000008002de8                DMA2_Stream7_IRQHandler
                0x0000000008002de8                I2C3_EV_IRQHandler
                0x0000000008002de8                EXTI9_5_IRQHandler
                0x0000000008002de8                RTC_WKUP_IRQHandler
                0x0000000008002de8                SPDIF_RX_IRQHandler
                0x0000000008002de8                SPI2_IRQHandler
                0x0000000008002de8                OTG_HS_EP1_IN_IRQHandler
                0x0000000008002de8                CAN1_TX_IRQHandler
                0x0000000008002de8                FMPI2C1_ER_IRQHandler
                0x0000000008002de8                EXTI4_IRQHandler
                0x0000000008002de8                OTG_HS_EP1_OUT_IRQHandler
                0x0000000008002de8                WWDG_IRQHandler
                0x0000000008002de8                TIM2_IRQHandler
                0x0000000008002de8                OTG_FS_WKUP_IRQHandler
                0x0000000008002de8                TIM1_TRG_COM_TIM11_IRQHandler
                0x0000000008002de8                OTG_HS_IRQHandler
                0x0000000008002de8                EXTI1_IRQHandler
                0x0000000008002de8                I2C2_ER_IRQHandler
                0x0000000008002de8                DMA2_Stream1_IRQHandler
                0x0000000008002de8                CAN1_SCE_IRQHandler
                0x0000000008002de8                FLASH_IRQHandler
                0x0000000008002de8                DMA2_Stream4_IRQHandler
                0x0000000008002de8                OTG_FS_IRQHandler
                0x0000000008002de8                DMA1_Stream4_IRQHandler
                0x0000000008002de8                I2C1_ER_IRQHandler
                0x0000000008002de8                FMC_IRQHandler
                0x0000000008002de8                DMA2_Stream6_IRQHandler
                0x0000000008002de8                SAI1_IRQHandler
                0x0000000008002de8                DMA1_Stream3_IRQHandler
 *fill*         0x0000000008002dea        0x2 
 .text.HAL_Init
                0x0000000008002dec       0x44 Drivers/STM32F4xx_HAL_Driver/Src/stm32f4xx_hal.o
                0x0000000008002dec                HAL_Init
 .text.HAL_InitTick
                0x0000000008002e30       0x60 Drivers/STM32F4xx_HAL_Driver/Src/stm32f4xx_hal.o
                0x0000000008002e30                HAL_InitTick
 .text.HAL_IncTick
                0x0000000008002e90       0x28 Drivers/STM32F4xx_HAL_Driver/Src/stm32f4xx_hal.o
                0x0000000008002e90                HAL_IncTick
 .text.HAL_GetTick
                0x0000000008002eb8       0x18 Drivers/STM32F4xx_HAL_Driver/Src/stm32f4xx_hal.o
                0x0000000008002eb8                HAL_GetTick
 .text.HAL_Delay
                0x0000000008002ed0       0x44 Drivers/STM32F4xx_HAL_Driver/Src/stm32f4xx_hal.o
                0x0000000008002ed0                HAL_Delay
 .text.__NVIC_SetPriorityGrouping
                0x0000000008002f14       0x48 Drivers/STM32F4xx_HAL_Driver/Src/stm32f4xx_hal_cortex.o
 .text.__NVIC_GetPriorityGrouping
                0x0000000008002f5c       0x1c Drivers/STM32F4xx_HAL_Driver/Src/stm32f4xx_hal_cortex.o
 .text.__NVIC_EnableIRQ
                0x0000000008002f78       0x3c Drivers/STM32F4xx_HAL_Driver/Src/stm32f4xx_hal_cortex.o
 .text.__NVIC_SetPriority
                0x0000000008002fb4       0x54 Drivers/STM32F4xx_HAL_Driver/Src/stm32f4xx_hal_cortex.o
 .text.NVIC_EncodePriority
                0x0000000008003008       0x66 Drivers/STM32F4xx_HAL_Driver/Src/stm32f4xx_hal_cortex.o
 *fill*         0x000000000800306e        0x2 
 .text.SysTick_Config
                0x0000000008003070       0x44 Drivers/STM32F4xx_HAL_Driver/Src/stm32f4xx_hal_cortex.o
 .text.HAL_NVIC_SetPriorityGrouping
                0x00000000080030b4       0x16 Drivers/STM32F4xx_HAL_Driver/Src/stm32f4xx_hal_cortex.o
                0x00000000080030b4                HAL_NVIC_SetPriorityGrouping
 .text.HAL_NVIC_SetPriority
                0x00000000080030ca       0x38 Drivers/STM32F4xx_HAL_Driver/Src/stm32f4xx_hal_cortex.o
                0x00000000080030ca                HAL_NVIC_SetPriority
 .text.HAL_NVIC_EnableIRQ
                0x0000000008003102       0x1c Drivers/STM32F4xx_HAL_Driver/Src/stm32f4xx_hal_cortex.o
                0x0000000008003102                HAL_NVIC_EnableIRQ
 .text.HAL_SYSTICK_Config
                0x000000000800311e       0x18 Drivers/STM32F4xx_HAL_Driver/Src/stm32f4xx_hal_cortex.o
                0x000000000800311e                HAL_SYSTICK_Config
 *fill*         0x0000000008003136        0x2 
 .text.HAL_DMA_Init
                0x0000000008003138      0x15c Drivers/STM32F4xx_HAL_Driver/Src/stm32f4xx_hal_dma.o
                0x0000000008003138                HAL_DMA_Init
 .text.HAL_DMA_Start_IT
                0x0000000008003294       0xb0 Drivers/STM32F4xx_HAL_Driver/Src/stm32f4xx_hal_dma.o
                0x0000000008003294                HAL_DMA_Start_IT
 .text.HAL_DMA_Abort
                0x0000000008003344       0xe0 Drivers/STM32F4xx_HAL_Driver/Src/stm32f4xx_hal_dma.o
                0x0000000008003344                HAL_DMA_Abort
 .text.HAL_DMA_Abort_IT
                0x0000000008003424       0x44 Drivers/STM32F4xx_HAL_Driver/Src/stm32f4xx_hal_dma.o
                0x0000000008003424                HAL_DMA_Abort_IT
 .text.HAL_DMA_IRQHandler
                0x0000000008003468      0x314 Drivers/STM32F4xx_HAL_Driver/Src/stm32f4xx_hal_dma.o
                0x0000000008003468                HAL_DMA_IRQHandler
 .text.HAL_DMA_GetError
                0x000000000800377c       0x18 Drivers/STM32F4xx_HAL_Driver/Src/stm32f4xx_hal_dma.o
                0x000000000800377c                HAL_DMA_GetError
 .text.DMA_SetConfig
                0x0000000008003794       0x5c Drivers/STM32F4xx_HAL_Driver/Src/stm32f4xx_hal_dma.o
 .text.DMA_CalcBaseAndBitshift
                0x00000000080037f0       0x6c Drivers/STM32F4xx_HAL_Driver/Src/stm32f4xx_hal_dma.o
 .text.DMA_CheckFifoParam
                0x000000000800385c       0xf4 Drivers/STM32F4xx_HAL_Driver/Src/stm32f4xx_hal_dma.o
 .text.HAL_GPIO_Init
                0x0000000008003950      0x324 Drivers/STM32F4xx_HAL_Driver/Src/stm32f4xx_hal_gpio.o
                0x0000000008003950                HAL_GPIO_Init
 .text.HAL_GPIO_ReadPin
                0x0000000008003c74       0x30 Drivers/STM32F4xx_HAL_Driver/Src/stm32f4xx_hal_gpio.o
                0x0000000008003c74                HAL_GPIO_ReadPin
 .text.HAL_GPIO_WritePin
                0x0000000008003ca4       0x32 Drivers/STM32F4xx_HAL_Driver/Src/stm32f4xx_hal_gpio.o
                0x0000000008003ca4                HAL_GPIO_WritePin
 *fill*         0x0000000008003cd6        0x2 
 .text.HAL_PWREx_EnableOverDrive
                0x0000000008003cd8       0xa0 Drivers/STM32F4xx_HAL_Driver/Src/stm32f4xx_hal_pwr_ex.o
                0x0000000008003cd8                HAL_PWREx_EnableOverDrive
 .text.HAL_RCC_ClockConfig
                0x0000000008003d78      0x1cc Drivers/STM32F4xx_HAL_Driver/Src/stm32f4xx_hal_rcc.o
                0x0000000008003d78                HAL_RCC_ClockConfig
 .text.HAL_RCC_GetHCLKFreq
                0x0000000008003f44       0x18 Drivers/STM32F4xx_HAL_Driver/Src/stm32f4xx_hal_rcc.o
                0x0000000008003f44                HAL_RCC_GetHCLKFreq
 .text.HAL_RCC_GetPCLK1Freq
                0x0000000008003f5c       0x28 Drivers/STM32F4xx_HAL_Driver/Src/stm32f4xx_hal_rcc.o
                0x0000000008003f5c                HAL_RCC_GetPCLK1Freq
 .text.HAL_RCC_GetPCLK2Freq
                0x0000000008003f84       0x28 Drivers/STM32F4xx_HAL_Driver/Src/stm32f4xx_hal_rcc.o
                0x0000000008003f84                HAL_RCC_GetPCLK2Freq
 .text.HAL_RCC_GetSysClockFreq
                0x0000000008003fac      0x340 Drivers/STM32F4xx_HAL_Driver/Src/stm32f4xx_hal_rcc_ex.o
                0x0000000008003fac                HAL_RCC_GetSysClockFreq
 .text.HAL_RCC_OscConfig
                0x00000000080042ec      0x4b4 Drivers/STM32F4xx_HAL_Driver/Src/stm32f4xx_hal_rcc_ex.o
                0x00000000080042ec                HAL_RCC_OscConfig
 .text.HAL_SPI_Init
                0x00000000080047a0       0xc8 Drivers/STM32F4xx_HAL_Driver/Src/stm32f4xx_hal_spi.o
                0x00000000080047a0                HAL_SPI_Init
 .text.HAL_SPI_Transmit
                0x0000000008004868      0x268 Drivers/STM32F4xx_HAL_Driver/Src/stm32f4xx_hal_spi.o
                0x0000000008004868                HAL_SPI_Transmit
 .text.HAL_SPI_Receive
                0x0000000008004ad0      0x212 Drivers/STM32F4xx_HAL_Driver/Src/stm32f4xx_hal_spi.o
                0x0000000008004ad0                HAL_SPI_Receive
 .text.HAL_SPI_TransmitReceive
                0x0000000008004ce2      0x344 Drivers/STM32F4xx_HAL_Driver/Src/stm32f4xx_hal_spi.o
                0x0000000008004ce2                HAL_SPI_TransmitReceive
 *fill*         0x0000000008005026        0x2 
 .text.HAL_SPI_IRQHandler
                0x0000000008005028      0x200 Drivers/STM32F4xx_HAL_Driver/Src/stm32f4xx_hal_spi.o
                0x0000000008005028                HAL_SPI_IRQHandler
 .text.HAL_SPI_ErrorCallback
                0x0000000008005228       0x14 Drivers/STM32F4xx_HAL_Driver/Src/stm32f4xx_hal_spi.o
                0x0000000008005228                HAL_SPI_ErrorCallback
 .text.SPI_DMAAbortOnError
                0x000000000800523c       0x28 Drivers/STM32F4xx_HAL_Driver/Src/stm32f4xx_hal_spi.o
 .text.SPI_WaitFlagStateUntilTimeout
                0x0000000008005264       0xd4 Drivers/STM32F4xx_HAL_Driver/Src/stm32f4xx_hal_spi.o
 .text.SPI_EndRxTransaction
                0x0000000008005338       0xca Drivers/STM32F4xx_HAL_Driver/Src/stm32f4xx_hal_spi.o
 *fill*         0x0000000008005402        0x2 
 .text.SPI_EndRxTxTransaction
                0x0000000008005404       0x84 Drivers/STM32F4xx_HAL_Driver/Src/stm32f4xx_hal_spi.o
 .text.HAL_TIM_Base_Init
                0x0000000008005488       0x56 Drivers/STM32F4xx_HAL_Driver/Src/stm32f4xx_hal_tim.o
                0x0000000008005488                HAL_TIM_Base_Init
 .text.HAL_TIM_Base_Start_IT
                0x00000000080054de       0x48 Drivers/STM32F4xx_HAL_Driver/Src/stm32f4xx_hal_tim.o
                0x00000000080054de                HAL_TIM_Base_Start_IT
 .text.HAL_TIM_Base_Stop_IT
                0x0000000008005526       0x56 Drivers/STM32F4xx_HAL_Driver/Src/stm32f4xx_hal_tim.o
                0x0000000008005526                HAL_TIM_Base_Stop_IT
 .text.HAL_TIM_IRQHandler
                0x000000000800557c      0x210 Drivers/STM32F4xx_HAL_Driver/Src/stm32f4xx_hal_tim.o
                0x000000000800557c                HAL_TIM_IRQHandler
 .text.HAL_TIM_OC_DelayElapsedCallback
                0x000000000800578c       0x14 Drivers/STM32F4xx_HAL_Driver/Src/stm32f4xx_hal_tim.o
                0x000000000800578c                HAL_TIM_OC_DelayElapsedCallback
 .text.HAL_TIM_IC_CaptureCallback
                0x00000000080057a0       0x14 Drivers/STM32F4xx_HAL_Driver/Src/stm32f4xx_hal_tim.o
                0x00000000080057a0                HAL_TIM_IC_CaptureCallback
 .text.HAL_TIM_PWM_PulseFinishedCallback
                0x00000000080057b4       0x14 Drivers/STM32F4xx_HAL_Driver/Src/stm32f4xx_hal_tim.o
                0x00000000080057b4                HAL_TIM_PWM_PulseFinishedCallback
 .text.HAL_TIM_TriggerCallback
                0x00000000080057c8       0x14 Drivers/STM32F4xx_HAL_Driver/Src/stm32f4xx_hal_tim.o
                0x00000000080057c8                HAL_TIM_TriggerCallback
 .text.TIM_Base_SetConfig
                0x00000000080057dc      0x140 Drivers/STM32F4xx_HAL_Driver/Src/stm32f4xx_hal_tim.o
                0x00000000080057dc                TIM_Base_SetConfig
 .text.HAL_TIMEx_MasterConfigSynchronization
                0x000000000800591c       0xf8 Drivers/STM32F4xx_HAL_Driver/Src/stm32f4xx_hal_tim_ex.o
                0x000000000800591c                HAL_TIMEx_MasterConfigSynchronization
 .text.HAL_TIMEx_CommutCallback
                0x0000000008005a14       0x14 Drivers/STM32F4xx_HAL_Driver/Src/stm32f4xx_hal_tim_ex.o
                0x0000000008005a14                HAL_TIMEx_CommutCallback
 .text.HAL_TIMEx_BreakCallback
                0x0000000008005a28       0x14 Drivers/STM32F4xx_HAL_Driver/Src/stm32f4xx_hal_tim_ex.o
                0x0000000008005a28                HAL_TIMEx_BreakCallback
 .text.HAL_UART_Init
                0x0000000008005a3c       0x9a Drivers/STM32F4xx_HAL_Driver/Src/stm32f4xx_hal_uart.o
                0x0000000008005a3c                HAL_UART_Init
 *fill*         0x0000000008005ad6        0x2 
 .text.HAL_UART_Receive_DMA
                0x0000000008005ad8      0x100 Drivers/STM32F4xx_HAL_Driver/Src/stm32f4xx_hal_uart.o
                0x0000000008005ad8                HAL_UART_Receive_DMA
 .text.HAL_UART_Abort
                0x0000000008005bd8      0x104 Drivers/STM32F4xx_HAL_Driver/Src/stm32f4xx_hal_uart.o
                0x0000000008005bd8                HAL_UART_Abort
 .text.HAL_UART_IRQHandler
                0x0000000008005cdc      0x200 Drivers/STM32F4xx_HAL_Driver/Src/stm32f4xx_hal_uart.o
                0x0000000008005cdc                HAL_UART_IRQHandler
 .text.HAL_UART_TxCpltCallback
                0x0000000008005edc       0x14 Drivers/STM32F4xx_HAL_Driver/Src/stm32f4xx_hal_uart.o
                0x0000000008005edc                HAL_UART_TxCpltCallback
 .text.HAL_UART_RxHalfCpltCallback
                0x0000000008005ef0       0x14 Drivers/STM32F4xx_HAL_Driver/Src/stm32f4xx_hal_uart.o
                0x0000000008005ef0                HAL_UART_RxHalfCpltCallback
 .text.HAL_UART_ErrorCallback
                0x0000000008005f04       0x14 Drivers/STM32F4xx_HAL_Driver/Src/stm32f4xx_hal_uart.o
                0x0000000008005f04                HAL_UART_ErrorCallback
 .text.UART_DMAReceiveCplt
                0x0000000008005f18       0x68 Drivers/STM32F4xx_HAL_Driver/Src/stm32f4xx_hal_uart.o
 .text.UART_DMARxHalfCplt
                0x0000000008005f80       0x1c Drivers/STM32F4xx_HAL_Driver/Src/stm32f4xx_hal_uart.o
 .text.UART_DMAError
                0x0000000008005f9c       0x94 Drivers/STM32F4xx_HAL_Driver/Src/stm32f4xx_hal_uart.o
 .text.UART_EndTxTransfer
                0x0000000008006030       0x2c Drivers/STM32F4xx_HAL_Driver/Src/stm32f4xx_hal_uart.o
 .text.UART_EndRxTransfer
                0x000000000800605c       0x3c Drivers/STM32F4xx_HAL_Driver/Src/stm32f4xx_hal_uart.o
 .text.UART_DMAAbortOnError
                0x0000000008006098       0x28 Drivers/STM32F4xx_HAL_Driver/Src/stm32f4xx_hal_uart.o
 .text.UART_Transmit_IT
                0x00000000080060c0       0xac Drivers/STM32F4xx_HAL_Driver/Src/stm32f4xx_hal_uart.o
 .text.UART_EndTransmit_IT
                0x000000000800616c       0x30 Drivers/STM32F4xx_HAL_Driver/Src/stm32f4xx_hal_uart.o
 .text.UART_Receive_IT
                0x000000000800619c      0x102 Drivers/STM32F4xx_HAL_Driver/Src/stm32f4xx_hal_uart.o
 *fill*         0x000000000800629e        0x2 
 .text.UART_SetConfig
                0x00000000080062a0      0x6f8 Drivers/STM32F4xx_HAL_Driver/Src/stm32f4xx_hal_uart.o
 .text.MX_FATFS_Init
                0x0000000008006998       0x24 FATFS/App/fatfs.o
                0x0000000008006998                MX_FATFS_Init
 .text.get_fattime
                0x00000000080069bc       0x10 FATFS/App/fatfs.o
                0x00000000080069bc                get_fattime
 .text.USER_initialize
                0x00000000080069cc       0x1c FATFS/Target/user_diskio.o
                0x00000000080069cc                USER_initialize
 .text.USER_status
                0x00000000080069e8       0x1c FATFS/Target/user_diskio.o
                0x00000000080069e8                USER_status
 .text.USER_read
                0x0000000008006a04       0x26 FATFS/Target/user_diskio.o
                0x0000000008006a04                USER_read
 .text.USER_write
                0x0000000008006a2a       0x26 FATFS/Target/user_diskio.o
                0x0000000008006a2a                USER_write
 .text.USER_ioctl
                0x0000000008006a50       0x26 FATFS/Target/user_diskio.o
                0x0000000008006a50                USER_ioctl
 *fill*         0x0000000008006a76        0x2 
 .text.disk_status
                0x0000000008006a78       0x34 Middlewares/Third_Party/FatFs/src/diskio.o
                0x0000000008006a78                disk_status
 .text.disk_initialize
                0x0000000008006aac       0x4c Middlewares/Third_Party/FatFs/src/diskio.o
                0x0000000008006aac                disk_initialize
 .text.disk_read
                0x0000000008006af8       0x40 Middlewares/Third_Party/FatFs/src/diskio.o
                0x0000000008006af8                disk_read
 .text.disk_write
                0x0000000008006b38       0x40 Middlewares/Third_Party/FatFs/src/diskio.o
                0x0000000008006b38                disk_write
 .text.disk_ioctl
                0x0000000008006b78       0x3c Middlewares/Third_Party/FatFs/src/diskio.o
                0x0000000008006b78                disk_ioctl
 .text.ld_word  0x0000000008006bb4       0x30 Middlewares/Third_Party/FatFs/src/ff.o
 .text.ld_dword
                0x0000000008006be4       0x46 Middlewares/Third_Party/FatFs/src/ff.o
 .text.st_word  0x0000000008006c2a       0x36 Middlewares/Third_Party/FatFs/src/ff.o
 .text.st_dword
                0x0000000008006c60       0x58 Middlewares/Third_Party/FatFs/src/ff.o
 .text.mem_cpy  0x0000000008006cb8       0x42 Middlewares/Third_Party/FatFs/src/ff.o
 .text.mem_set  0x0000000008006cfa       0x34 Middlewares/Third_Party/FatFs/src/ff.o
 .text.mem_cmp  0x0000000008006d2e       0x4e Middlewares/Third_Party/FatFs/src/ff.o
 .text.chk_chr  0x0000000008006d7c       0x36 Middlewares/Third_Party/FatFs/src/ff.o
 *fill*         0x0000000008006db2        0x2 
 .text.chk_lock
                0x0000000008006db4       0xb8 Middlewares/Third_Party/FatFs/src/ff.o
 .text.enq_lock
                0x0000000008006e6c       0x44 Middlewares/Third_Party/FatFs/src/ff.o
 .text.inc_lock
                0x0000000008006eb0      0x11c Middlewares/Third_Party/FatFs/src/ff.o
 .text.dec_lock
                0x0000000008006fcc       0x78 Middlewares/Third_Party/FatFs/src/ff.o
 .text.clear_lock
                0x0000000008007044       0x48 Middlewares/Third_Party/FatFs/src/ff.o
 .text.sync_window
                0x000000000800708c       0x88 Middlewares/Third_Party/FatFs/src/ff.o
 .text.move_window
                0x0000000008007114       0x5a Middlewares/Third_Party/FatFs/src/ff.o
 *fill*         0x000000000800716e        0x2 
 .text.sync_fs  0x0000000008007170       0xdc Middlewares/Third_Party/FatFs/src/ff.o
 .text.clust2sect
                0x000000000800724c       0x3e Middlewares/Third_Party/FatFs/src/ff.o
 .text.get_fat  0x000000000800728a      0x14a Middlewares/Third_Party/FatFs/src/ff.o
 .text.put_fat  0x00000000080073d4      0x1ce Middlewares/Third_Party/FatFs/src/ff.o
 .text.remove_chain
                0x00000000080075a2       0xca Middlewares/Third_Party/FatFs/src/ff.o
 .text.create_chain
                0x000000000800766c      0x130 Middlewares/Third_Party/FatFs/src/ff.o
 .text.clmt_clust
                0x000000000800779c       0x68 Middlewares/Third_Party/FatFs/src/ff.o
 .text.dir_sdi  0x0000000008007804       0xf6 Middlewares/Third_Party/FatFs/src/ff.o
 .text.dir_next
                0x00000000080078fa      0x18a Middlewares/Third_Party/FatFs/src/ff.o
 .text.dir_alloc
                0x0000000008007a84       0x8e Middlewares/Third_Party/FatFs/src/ff.o
 .text.ld_clust
                0x0000000008007b12       0x3e Middlewares/Third_Party/FatFs/src/ff.o
 .text.st_clust
                0x0000000008007b50       0x40 Middlewares/Third_Party/FatFs/src/ff.o
 .text.dir_find
                0x0000000008007b90       0xaa Middlewares/Third_Party/FatFs/src/ff.o
 .text.dir_register
                0x0000000008007c3a       0x64 Middlewares/Third_Party/FatFs/src/ff.o
 *fill*         0x0000000008007c9e        0x2 
 .text.create_name
                0x0000000008007ca0      0x128 Middlewares/Third_Party/FatFs/src/ff.o
 .text.follow_path
                0x0000000008007dc8       0xe2 Middlewares/Third_Party/FatFs/src/ff.o
 .text.get_ldnumber
                0x0000000008007eaa       0x88 Middlewares/Third_Party/FatFs/src/ff.o
 *fill*         0x0000000008007f32        0x2 
 .text.check_fs
                0x0000000008007f34       0xac Middlewares/Third_Party/FatFs/src/ff.o
 .text.find_volume
                0x0000000008007fe0      0x498 Middlewares/Third_Party/FatFs/src/ff.o
 .text.validate
                0x0000000008008478       0x6a Middlewares/Third_Party/FatFs/src/ff.o
 *fill*         0x00000000080084e2        0x2 
 .text.f_mount  0x00000000080084e4       0x8c Middlewares/Third_Party/FatFs/src/ff.o
                0x00000000080084e4                f_mount
 .text.f_open   0x0000000008008570      0x37c Middlewares/Third_Party/FatFs/src/ff.o
                0x0000000008008570                f_open
 .text.f_read   0x00000000080088ec      0x27e Middlewares/Third_Party/FatFs/src/ff.o
                0x00000000080088ec                f_read
 .text.f_write  0x0000000008008b6a      0x2ea Middlewares/Third_Party/FatFs/src/ff.o
                0x0000000008008b6a                f_write
 .text.f_sync   0x0000000008008e54       0xfc Middlewares/Third_Party/FatFs/src/ff.o
                0x0000000008008e54                f_sync
 .text.f_close  0x0000000008008f50       0x54 Middlewares/Third_Party/FatFs/src/ff.o
                0x0000000008008f50                f_close
 .text.FATFS_LinkDriverEx
                0x0000000008008fa4       0x98 Middlewares/Third_Party/FatFs/src/ff_gen_drv.o
                0x0000000008008fa4                FATFS_LinkDriverEx
 .text.FATFS_LinkDriver
                0x000000000800903c       0x1e Middlewares/Third_Party/FatFs/src/ff_gen_drv.o
                0x000000000800903c                FATFS_LinkDriver
 *fill*         0x000000000800905a        0x2 
 .text.__libc_init_array
                0x000000000800905c       0x48 /opt/st/stm32cubeide_1.3.0/plugins/com.st.stm32cube.ide.mcu.externaltools.gnu-tools-for-stm32.7-2018-q2-update.linux64_1.0.0.201904181610/tools/bin/../lib/gcc/arm-none-eabi/7.3.1/../../../../arm-none-eabi/lib/thumb/v7e-m/fpv4-sp/hard/libc_nano.a(lib_a-init.o)
                0x000000000800905c                __libc_init_array
 .text.memset   0x00000000080090a4       0x10 /opt/st/stm32cubeide_1.3.0/plugins/com.st.stm32cube.ide.mcu.externaltools.gnu-tools-for-stm32.7-2018-q2-update.linux64_1.0.0.201904181610/tools/bin/../lib/gcc/arm-none-eabi/7.3.1/../../../../arm-none-eabi/lib/thumb/v7e-m/fpv4-sp/hard/libc_nano.a(lib_a-memset.o)
                0x00000000080090a4                memset
 *(.glue_7)
 .glue_7        0x00000000080090b4        0x0 linker stubs
 *(.glue_7t)
 .glue_7t       0x00000000080090b4        0x0 linker stubs
 *(.eh_frame)
 .eh_frame      0x00000000080090b4        0x0 /opt/st/stm32cubeide_1.3.0/plugins/com.st.stm32cube.ide.mcu.externaltools.gnu-tools-for-stm32.7-2018-q2-update.linux64_1.0.0.201904181610/tools/bin/../lib/gcc/arm-none-eabi/7.3.1/thumb/v7e-m/fpv4-sp/hard/crtbegin.o
 *(.init)
 .init          0x00000000080090b4        0x4 /opt/st/stm32cubeide_1.3.0/plugins/com.st.stm32cube.ide.mcu.externaltools.gnu-tools-for-stm32.7-2018-q2-update.linux64_1.0.0.201904181610/tools/bin/../lib/gcc/arm-none-eabi/7.3.1/thumb/v7e-m/fpv4-sp/hard/crti.o
                0x00000000080090b4                _init
 .init          0x00000000080090b8        0x8 /opt/st/stm32cubeide_1.3.0/plugins/com.st.stm32cube.ide.mcu.externaltools.gnu-tools-for-stm32.7-2018-q2-update.linux64_1.0.0.201904181610/tools/bin/../lib/gcc/arm-none-eabi/7.3.1/thumb/v7e-m/fpv4-sp/hard/crtn.o
 *(.fini)
 .fini          0x00000000080090c0        0x4 /opt/st/stm32cubeide_1.3.0/plugins/com.st.stm32cube.ide.mcu.externaltools.gnu-tools-for-stm32.7-2018-q2-update.linux64_1.0.0.201904181610/tools/bin/../lib/gcc/arm-none-eabi/7.3.1/thumb/v7e-m/fpv4-sp/hard/crti.o
                0x00000000080090c0                _fini
 .fini          0x00000000080090c4        0x8 /opt/st/stm32cubeide_1.3.0/plugins/com.st.stm32cube.ide.mcu.externaltools.gnu-tools-for-stm32.7-2018-q2-update.linux64_1.0.0.201904181610/tools/bin/../lib/gcc/arm-none-eabi/7.3.1/thumb/v7e-m/fpv4-sp/hard/crtn.o
                0x00000000080090cc                . = ALIGN (0x4)
                0x00000000080090cc                _etext = .

.vfp11_veneer   0x00000000080090cc        0x0
 .vfp11_veneer  0x00000000080090cc        0x0 linker stubs

.v4_bx          0x00000000080090cc        0x0
 .v4_bx         0x00000000080090cc        0x0 linker stubs

.iplt           0x00000000080090cc        0x0
 .iplt          0x00000000080090cc        0x0 /opt/st/stm32cubeide_1.3.0/plugins/com.st.stm32cube.ide.mcu.externaltools.gnu-tools-for-stm32.7-2018-q2-update.linux64_1.0.0.201904181610/tools/bin/../lib/gcc/arm-none-eabi/7.3.1/thumb/v7e-m/fpv4-sp/hard/crtbegin.o

.rodata         0x00000000080090cc      0x3b8
                0x00000000080090cc                . = ALIGN (0x4)
 *(.rodata)
 .rodata        0x00000000080090cc       0x59 Core/Src/main.o
 *fill*         0x0000000008009125        0x3 
 .rodata        0x0000000008009128       0x44 Middlewares/Third_Party/FatFs/src/ff.o
 *(.rodata*)
 .rodata.Rf96_FreqTbl
                0x000000000800916c        0x9 Core/Src/RF96.o
                0x000000000800916c                Rf96_FreqTbl
 *fill*         0x0000000008009175        0x3 
 .rodata.Rf96_OCPTbl
                0x0000000008009178        0x4 Core/Src/RF96.o
                0x0000000008009178                Rf96_OCPTbl
 .rodata.Rf96_LNATbl
                0x000000000800917c        0x2 Core/Src/RF96.o
                0x000000000800917c                Rf96_LNATbl
 *fill*         0x000000000800917e        0x2 
 .rodata.MassFileName
                0x0000000008009180       0x64 Core/Src/main.o
                0x0000000008009180                MassFileName
 .rodata.Crc16Table
                0x00000000080091e4      0x200 Core/Src/main.o
                0x00000000080091e4                Crc16Table
 .rodata.AHBPrescTable
                0x00000000080093e4       0x10 Core/Src/system_stm32f4xx.o
                0x00000000080093e4                AHBPrescTable
 .rodata.APBPrescTable
                0x00000000080093f4        0x8 Core/Src/system_stm32f4xx.o
                0x00000000080093f4                APBPrescTable
 .rodata.flagBitshiftOffset.8297
                0x00000000080093fc        0x8 Drivers/STM32F4xx_HAL_Driver/Src/stm32f4xx_hal_dma.o
 .rodata.ExCvt  0x0000000008009404       0x80 Middlewares/Third_Party/FatFs/src/ff.o
                0x0000000008009484                . = ALIGN (0x4)

.ARM.extab      0x0000000008009484        0x0
                0x0000000008009484                . = ALIGN (0x4)
 *(.ARM.extab* .gnu.linkonce.armextab.*)
                0x0000000008009484                . = ALIGN (0x4)

.ARM            0x0000000008009484        0x8
                0x0000000008009484                . = ALIGN (0x4)
                0x0000000008009484                __exidx_start = .
 *(.ARM.exidx*)
 .ARM.exidx     0x0000000008009484        0x8 /opt/st/stm32cubeide_1.3.0/plugins/com.st.stm32cube.ide.mcu.externaltools.gnu-tools-for-stm32.7-2018-q2-update.linux64_1.0.0.201904181610/tools/bin/../lib/gcc/arm-none-eabi/7.3.1/thumb/v7e-m/fpv4-sp/hard/libgcc.a(_udivmoddi4.o)
                0x000000000800948c                __exidx_end = .
                0x000000000800948c                . = ALIGN (0x4)

.rel.dyn        0x000000000800948c        0x0
 .rel.iplt      0x000000000800948c        0x0 /opt/st/stm32cubeide_1.3.0/plugins/com.st.stm32cube.ide.mcu.externaltools.gnu-tools-for-stm32.7-2018-q2-update.linux64_1.0.0.201904181610/tools/bin/../lib/gcc/arm-none-eabi/7.3.1/thumb/v7e-m/fpv4-sp/hard/crtbegin.o

.preinit_array  0x000000000800948c        0x0
                0x000000000800948c                . = ALIGN (0x4)
                0x000000000800948c                PROVIDE (__preinit_array_start = .)
 *(.preinit_array*)
                0x000000000800948c                PROVIDE (__preinit_array_end = .)
                0x000000000800948c                . = ALIGN (0x4)

.init_array     0x000000000800948c        0x4
                0x000000000800948c                . = ALIGN (0x4)
                0x000000000800948c                PROVIDE (__init_array_start = .)
 *(SORT_BY_NAME(.init_array.*))
 *(.init_array*)
 .init_array    0x000000000800948c        0x4 /opt/st/stm32cubeide_1.3.0/plugins/com.st.stm32cube.ide.mcu.externaltools.gnu-tools-for-stm32.7-2018-q2-update.linux64_1.0.0.201904181610/tools/bin/../lib/gcc/arm-none-eabi/7.3.1/thumb/v7e-m/fpv4-sp/hard/crtbegin.o
                0x0000000008009490                PROVIDE (__init_array_end = .)
                0x0000000008009490                . = ALIGN (0x4)

.fini_array     0x0000000008009490        0x4
                0x0000000008009490                . = ALIGN (0x4)
                [!provide]                        PROVIDE (__fini_array_start = .)
 *(SORT_BY_NAME(.fini_array.*))
 *(.fini_array*)
 .fini_array    0x0000000008009490        0x4 /opt/st/stm32cubeide_1.3.0/plugins/com.st.stm32cube.ide.mcu.externaltools.gnu-tools-for-stm32.7-2018-q2-update.linux64_1.0.0.201904181610/tools/bin/../lib/gcc/arm-none-eabi/7.3.1/thumb/v7e-m/fpv4-sp/hard/crtbegin.o
                [!provide]                        PROVIDE (__fini_array_end = .)
                0x0000000008009494                . = ALIGN (0x4)
                0x0000000008009494                _sidata = LOADADDR (.data)

.data           0x0000000020000000       0x48 load address 0x0000000008009494
                0x0000000020000000                . = ALIGN (0x4)
                0x0000000020000000                _sdata = .
 *(.data)
 *(.data*)
 .data.BuffSDfileinfo
                0x0000000020000000       0x1e Core/Src/main.o
                0x0000000020000000                BuffSDfileinfo
 *fill*         0x000000002000001e        0x2 
 .data.TimeDelay
                0x0000000020000020        0x4 Core/Src/main.o
                0x0000000020000020                TimeDelay
 .data.SystemCoreClock
                0x0000000020000024        0x4 Core/Src/system_stm32f4xx.o
                0x0000000020000024                SystemCoreClock
 .data.Stat     0x0000000020000028        0x1 Core/Src/user_diskio_spi.o
 *fill*         0x0000000020000029        0x3 
 .data.uwTickPrio
                0x000000002000002c        0x4 Drivers/STM32F4xx_HAL_Driver/Src/stm32f4xx_hal.o
                0x000000002000002c                uwTickPrio
 .data.uwTickFreq
                0x0000000020000030        0x1 Drivers/STM32F4xx_HAL_Driver/Src/stm32f4xx_hal.o
                0x0000000020000030                uwTickFreq
 *fill*         0x0000000020000031        0x3 
 .data.USER_Driver
                0x0000000020000034       0x14 FATFS/Target/user_diskio.o
                0x0000000020000034                USER_Driver
                0x0000000020000048                . = ALIGN (0x4)
                0x0000000020000048                _edata = .

.igot.plt       0x0000000020000048        0x0 load address 0x00000000080094dc
 .igot.plt      0x0000000020000048        0x0 /opt/st/stm32cubeide_1.3.0/plugins/com.st.stm32cube.ide.mcu.externaltools.gnu-tools-for-stm32.7-2018-q2-update.linux64_1.0.0.201904181610/tools/bin/../lib/gcc/arm-none-eabi/7.3.1/thumb/v7e-m/fpv4-sp/hard/crtbegin.o
                0x0000000020000048                . = ALIGN (0x4)

.bss            0x0000000020000048      0xeb0 load address 0x00000000080094dc
                0x0000000020000048                _sbss = .
                0x0000000020000048                __bss_start__ = _sbss
 *(.bss)
 .bss           0x0000000020000048       0x1c /opt/st/stm32cubeide_1.3.0/plugins/com.st.stm32cube.ide.mcu.externaltools.gnu-tools-for-stm32.7-2018-q2-update.linux64_1.0.0.201904181610/tools/bin/../lib/gcc/arm-none-eabi/7.3.1/thumb/v7e-m/fpv4-sp/hard/crtbegin.o
 *(.bss*)
 .bss.reciveTime
                0x0000000020000064        0x4 Core/Src/main.o
                0x0000000020000064                reciveTime
 .bss.CRC_c     0x0000000020000068        0x2 Core/Src/main.o
                0x0000000020000068                CRC_c
 .bss.ResolveSDWrite
                0x000000002000006a        0x1 Core/Src/main.o
                0x000000002000006a                ResolveSDWrite
 .bss.ReadyToWrite
                0x000000002000006b        0x1 Core/Src/main.o
                0x000000002000006b                ReadyToWrite
 .bss.CountFileNow
                0x000000002000006c        0x1 Core/Src/main.o
                0x000000002000006c                CountFileNow
 .bss.ModeRadio
                0x000000002000006d        0x1 Core/Src/main.o
                0x000000002000006d                ModeRadio
 *fill*         0x000000002000006e        0x2 
 .bss.Ms_Delay  0x0000000020000070        0x4 Core/Src/main.o
                0x0000000020000070                Ms_Delay
 .bss.Delay_start
                0x0000000020000074        0x1 Core/Src/main.o
                0x0000000020000074                Delay_start
 .bss.Timeout   0x0000000020000075        0x1 Core/Src/main.o
                0x0000000020000075                Timeout
 .bss.CountCKT  0x0000000020000076        0x1 Core/Src/main.o
                0x0000000020000076                CountCKT
 .bss.CardType  0x0000000020000077        0x1 Core/Src/user_diskio_spi.o
 .bss.FatFs     0x0000000020000078        0x4 Middlewares/Third_Party/FatFs/src/ff.o
 .bss.Fsid      0x000000002000007c        0x2 Middlewares/Third_Party/FatFs/src/ff.o
 *fill*         0x000000002000007e        0x2 
 .bss.Files     0x0000000020000080       0x20 Middlewares/Third_Party/FatFs/src/ff.o
 .bss.disk      0x00000000200000a0        0xc Middlewares/Third_Party/FatFs/src/ff_gen_drv.o
                0x00000000200000a0                disk
 *(COMMON)
 COMMON         0x00000000200000ac      0x9d8 Core/Src/main.o
                0x00000000200000ac                hdma_usart3_rx
                0x000000002000010c                bytesRead
                0x0000000020000110                huart3
                0x0000000020000150                FatFs
                0x0000000020000380                htim10
                0x00000000200003c0                BufFileInfoWr
                0x00000000200003e0                bytesWrote
                0x00000000200003e4                TX_RX_Radio
                0x0000000020000410                BuffCkt
                0x000000002000043c                hspi3
                0x0000000020000494                huart5
                0x00000000200004d4                hdma_usart1_rx
                0x0000000020000534                hdma_usart2_tx
                0x0000000020000594                huart1
                0x00000000200005d4                SDbufWrite
                0x0000000020000678                BuffMidW
                0x00000000200006a4                htim6
                0x00000000200006e4                BuffSDRead
                0x0000000020000716                readFlag
                0x0000000020000718                hspi1
                0x0000000020000770                huart2
                0x00000000200007b0                hdma_uart5_rx
                0x0000000020000810                fres
                0x0000000020000814                fil
                0x0000000020000a44                htim7
 COMMON         0x0000000020000a84        0x8 Core/Src/user_diskio_spi.o
                0x0000000020000a84                spiTimerTickStart
                0x0000000020000a88                spiTimerTickDelay
 COMMON         0x0000000020000a8c        0x4 Drivers/STM32F4xx_HAL_Driver/Src/stm32f4xx_hal.o
                0x0000000020000a8c                uwTick
 COMMON         0x0000000020000a90      0x468 FATFS/App/fatfs.o
                0x0000000020000a90                USERPath
                0x0000000020000a94                retUSER
                0x0000000020000a98                USERFile
                0x0000000020000cc8                USERFatFS
                0x0000000020000ef8                . = ALIGN (0x4)
                0x0000000020000ef8                _ebss = .
                0x0000000020000ef8                __bss_end__ = _ebss

._user_heap_stack
                0x0000000020000ef8      0x600 load address 0x00000000080094dc
                0x0000000020000ef8                . = ALIGN (0x8)
                0x0000000020000ef8                PROVIDE (end = .)
                [!provide]                        PROVIDE (_end = .)
                0x00000000200010f8                . = (. + _Min_Heap_Size)
 *fill*         0x0000000020000ef8      0x200 
                0x00000000200014f8                . = (. + _Min_Stack_Size)
 *fill*         0x00000000200010f8      0x400 
                0x00000000200014f8                . = ALIGN (0x8)

/DISCARD/
 libc.a(*)
 libm.a(*)
 libgcc.a(*)

.ARM.attributes
                0x0000000000000000       0x30
 *(.ARM.attributes)
 .ARM.attributes
                0x0000000000000000       0x22 /opt/st/stm32cubeide_1.3.0/plugins/com.st.stm32cube.ide.mcu.externaltools.gnu-tools-for-stm32.7-2018-q2-update.linux64_1.0.0.201904181610/tools/bin/../lib/gcc/arm-none-eabi/7.3.1/thumb/v7e-m/fpv4-sp/hard/crti.o
 .ARM.attributes
                0x0000000000000022       0x34 /opt/st/stm32cubeide_1.3.0/plugins/com.st.stm32cube.ide.mcu.externaltools.gnu-tools-for-stm32.7-2018-q2-update.linux64_1.0.0.201904181610/tools/bin/../lib/gcc/arm-none-eabi/7.3.1/thumb/v7e-m/fpv4-sp/hard/crtbegin.o
 .ARM.attributes
                0x0000000000000056       0x39 Core/Src/RF96.o
 .ARM.attributes
                0x000000000000008f       0x39 Core/Src/main.o
 .ARM.attributes
                0x00000000000000c8       0x39 Core/Src/spi.o
 .ARM.attributes
                0x0000000000000101       0x39 Core/Src/stm32f4xx_hal_msp.o
 .ARM.attributes
                0x000000000000013a       0x39 Core/Src/stm32f4xx_it.o
 .ARM.attributes
                0x0000000000000173       0x39 Core/Src/system_stm32f4xx.o
 .ARM.attributes
                0x00000000000001ac       0x39 Core/Src/user_diskio_spi.o
 .ARM.attributes
                0x00000000000001e5       0x21 Core/Startup/startup_stm32f446retx.o
 .ARM.attributes
                0x0000000000000206       0x39 Drivers/STM32F4xx_HAL_Driver/Src/stm32f4xx_hal.o
 .ARM.attributes
                0x000000000000023f       0x39 Drivers/STM32F4xx_HAL_Driver/Src/stm32f4xx_hal_cortex.o
 .ARM.attributes
                0x0000000000000278       0x39 Drivers/STM32F4xx_HAL_Driver/Src/stm32f4xx_hal_dma.o
 .ARM.attributes
                0x00000000000002b1       0x39 Drivers/STM32F4xx_HAL_Driver/Src/stm32f4xx_hal_gpio.o
 .ARM.attributes
                0x00000000000002ea       0x39 Drivers/STM32F4xx_HAL_Driver/Src/stm32f4xx_hal_pwr_ex.o
 .ARM.attributes
                0x0000000000000323       0x39 Drivers/STM32F4xx_HAL_Driver/Src/stm32f4xx_hal_rcc.o
 .ARM.attributes
                0x000000000000035c       0x39 Drivers/STM32F4xx_HAL_Driver/Src/stm32f4xx_hal_rcc_ex.o
 .ARM.attributes
                0x0000000000000395       0x39 Drivers/STM32F4xx_HAL_Driver/Src/stm32f4xx_hal_spi.o
 .ARM.attributes
                0x00000000000003ce       0x39 Drivers/STM32F4xx_HAL_Driver/Src/stm32f4xx_hal_tim.o
 .ARM.attributes
                0x0000000000000407       0x39 Drivers/STM32F4xx_HAL_Driver/Src/stm32f4xx_hal_tim_ex.o
 .ARM.attributes
                0x0000000000000440       0x39 Drivers/STM32F4xx_HAL_Driver/Src/stm32f4xx_hal_uart.o
 .ARM.attributes
                0x0000000000000479       0x39 FATFS/App/fatfs.o
 .ARM.attributes
                0x00000000000004b2       0x39 FATFS/Target/user_diskio.o
 .ARM.attributes
                0x00000000000004eb       0x39 Middlewares/Third_Party/FatFs/src/diskio.o
 .ARM.attributes
                0x0000000000000524       0x39 Middlewares/Third_Party/FatFs/src/ff.o
 .ARM.attributes
                0x000000000000055d       0x39 Middlewares/Third_Party/FatFs/src/ff_gen_drv.o
 .ARM.attributes
                0x0000000000000596       0x34 /opt/st/stm32cubeide_1.3.0/plugins/com.st.stm32cube.ide.mcu.externaltools.gnu-tools-for-stm32.7-2018-q2-update.linux64_1.0.0.201904181610/tools/bin/../lib/gcc/arm-none-eabi/7.3.1/../../../../arm-none-eabi/lib/thumb/v7e-m/fpv4-sp/hard/libc_nano.a(lib_a-init.o)
 .ARM.attributes
                0x00000000000005ca       0x34 /opt/st/stm32cubeide_1.3.0/plugins/com.st.stm32cube.ide.mcu.externaltools.gnu-tools-for-stm32.7-2018-q2-update.linux64_1.0.0.201904181610/tools/bin/../lib/gcc/arm-none-eabi/7.3.1/../../../../arm-none-eabi/lib/thumb/v7e-m/fpv4-sp/hard/libc_nano.a(lib_a-memset.o)
 .ARM.attributes
                0x00000000000005fe       0x22 /opt/st/stm32cubeide_1.3.0/plugins/com.st.stm32cube.ide.mcu.externaltools.gnu-tools-for-stm32.7-2018-q2-update.linux64_1.0.0.201904181610/tools/bin/../lib/gcc/arm-none-eabi/7.3.1/thumb/v7e-m/fpv4-sp/hard/libgcc.a(_aeabi_uldivmod.o)
 .ARM.attributes
                0x0000000000000620       0x34 /opt/st/stm32cubeide_1.3.0/plugins/com.st.stm32cube.ide.mcu.externaltools.gnu-tools-for-stm32.7-2018-q2-update.linux64_1.0.0.201904181610/tools/bin/../lib/gcc/arm-none-eabi/7.3.1/thumb/v7e-m/fpv4-sp/hard/libgcc.a(_udivmoddi4.o)
 .ARM.attributes
                0x0000000000000654       0x22 /opt/st/stm32cubeide_1.3.0/plugins/com.st.stm32cube.ide.mcu.externaltools.gnu-tools-for-stm32.7-2018-q2-update.linux64_1.0.0.201904181610/tools/bin/../lib/gcc/arm-none-eabi/7.3.1/thumb/v7e-m/fpv4-sp/hard/libgcc.a(_dvmd_tls.o)
 .ARM.attributes
                0x0000000000000676       0x22 /opt/st/stm32cubeide_1.3.0/plugins/com.st.stm32cube.ide.mcu.externaltools.gnu-tools-for-stm32.7-2018-q2-update.linux64_1.0.0.201904181610/tools/bin/../lib/gcc/arm-none-eabi/7.3.1/thumb/v7e-m/fpv4-sp/hard/crtn.o
OUTPUT(Stm32f446re-accelerator.elf elf32-littlearm)

.debug_info     0x0000000000000000    0x1ac9a
 .debug_info    0x0000000000000000     0x13dc Core/Src/RF96.o
 .debug_info    0x00000000000013dc     0x2691 Core/Src/main.o
 .debug_info    0x0000000000003a6d     0x1060 Core/Src/spi.o
 .debug_info    0x0000000000004acd     0x1b82 Core/Src/stm32f4xx_hal_msp.o
 .debug_info    0x000000000000664f     0x1495 Core/Src/stm32f4xx_it.o
 .debug_info    0x0000000000007ae4      0x588 Core/Src/system_stm32f4xx.o
 .debug_info    0x000000000000806c     0x144a Core/Src/user_diskio_spi.o
 .debug_info    0x00000000000094b6       0x22 Core/Startup/startup_stm32f446retx.o
 .debug_info    0x00000000000094d8      0x997 Drivers/STM32F4xx_HAL_Driver/Src/stm32f4xx_hal.o
 .debug_info    0x0000000000009e6f      0xe46 Drivers/STM32F4xx_HAL_Driver/Src/stm32f4xx_hal_cortex.o
 .debug_info    0x000000000000acb5      0x968 Drivers/STM32F4xx_HAL_Driver/Src/stm32f4xx_hal_dma.o
 .debug_info    0x000000000000b61d      0x803 Drivers/STM32F4xx_HAL_Driver/Src/stm32f4xx_hal_gpio.o
 .debug_info    0x000000000000be20      0x761 Drivers/STM32F4xx_HAL_Driver/Src/stm32f4xx_hal_pwr_ex.o
 .debug_info    0x000000000000c581      0x944 Drivers/STM32F4xx_HAL_Driver/Src/stm32f4xx_hal_rcc.o
 .debug_info    0x000000000000cec5      0x9d5 Drivers/STM32F4xx_HAL_Driver/Src/stm32f4xx_hal_rcc_ex.o
 .debug_info    0x000000000000d89a     0x163a Drivers/STM32F4xx_HAL_Driver/Src/stm32f4xx_hal_spi.o
 .debug_info    0x000000000000eed4     0x24a9 Drivers/STM32F4xx_HAL_Driver/Src/stm32f4xx_hal_tim.o
 .debug_info    0x000000000001137d     0x1157 Drivers/STM32F4xx_HAL_Driver/Src/stm32f4xx_hal_tim_ex.o
 .debug_info    0x00000000000124d4     0x124c Drivers/STM32F4xx_HAL_Driver/Src/stm32f4xx_hal_uart.o
 .debug_info    0x0000000000013720     0x1256 FATFS/App/fatfs.o
 .debug_info    0x0000000000014976     0x10fe FATFS/Target/user_diskio.o
 .debug_info    0x0000000000015a74     0x11b1 Middlewares/Third_Party/FatFs/src/diskio.o
 .debug_info    0x0000000000016c25     0x2f2c Middlewares/Third_Party/FatFs/src/ff.o
 .debug_info    0x0000000000019b51     0x1149 Middlewares/Third_Party/FatFs/src/ff_gen_drv.o

.debug_abbrev   0x0000000000000000     0x327a
 .debug_abbrev  0x0000000000000000      0x280 Core/Src/RF96.o
 .debug_abbrev  0x0000000000000280      0x364 Core/Src/main.o
 .debug_abbrev  0x00000000000005e4      0x214 Core/Src/spi.o
 .debug_abbrev  0x00000000000007f8      0x240 Core/Src/stm32f4xx_hal_msp.o
 .debug_abbrev  0x0000000000000a38      0x1e3 Core/Src/stm32f4xx_it.o
 .debug_abbrev  0x0000000000000c1b      0x12b Core/Src/system_stm32f4xx.o
 .debug_abbrev  0x0000000000000d46      0x2fe Core/Src/user_diskio_spi.o
 .debug_abbrev  0x0000000000001044       0x12 Core/Startup/startup_stm32f446retx.o
 .debug_abbrev  0x0000000000001056      0x1c7 Drivers/STM32F4xx_HAL_Driver/Src/stm32f4xx_hal.o
 .debug_abbrev  0x000000000000121d      0x2fa Drivers/STM32F4xx_HAL_Driver/Src/stm32f4xx_hal_cortex.o
 .debug_abbrev  0x0000000000001517      0x229 Drivers/STM32F4xx_HAL_Driver/Src/stm32f4xx_hal_dma.o
 .debug_abbrev  0x0000000000001740      0x1c9 Drivers/STM32F4xx_HAL_Driver/Src/stm32f4xx_hal_gpio.o
 .debug_abbrev  0x0000000000001909      0x1b8 Drivers/STM32F4xx_HAL_Driver/Src/stm32f4xx_hal_pwr_ex.o
 .debug_abbrev  0x0000000000001ac1      0x245 Drivers/STM32F4xx_HAL_Driver/Src/stm32f4xx_hal_rcc.o
 .debug_abbrev  0x0000000000001d06      0x1bc Drivers/STM32F4xx_HAL_Driver/Src/stm32f4xx_hal_rcc_ex.o
 .debug_abbrev  0x0000000000001ec2      0x240 Drivers/STM32F4xx_HAL_Driver/Src/stm32f4xx_hal_spi.o
 .debug_abbrev  0x0000000000002102      0x230 Drivers/STM32F4xx_HAL_Driver/Src/stm32f4xx_hal_tim.o
 .debug_abbrev  0x0000000000002332      0x21e Drivers/STM32F4xx_HAL_Driver/Src/stm32f4xx_hal_tim_ex.o
 .debug_abbrev  0x0000000000002550      0x242 Drivers/STM32F4xx_HAL_Driver/Src/stm32f4xx_hal_uart.o
 .debug_abbrev  0x0000000000002792      0x1ec FATFS/App/fatfs.o
 .debug_abbrev  0x000000000000297e      0x1fe FATFS/Target/user_diskio.o
 .debug_abbrev  0x0000000000002b7c      0x216 Middlewares/Third_Party/FatFs/src/diskio.o
 .debug_abbrev  0x0000000000002d92      0x2a5 Middlewares/Third_Party/FatFs/src/ff.o
 .debug_abbrev  0x0000000000003037      0x243 Middlewares/Third_Party/FatFs/src/ff_gen_drv.o

.debug_aranges  0x0000000000000000     0x1448
 .debug_aranges
                0x0000000000000000      0x108 Core/Src/RF96.o
 .debug_aranges
                0x0000000000000108      0x128 Core/Src/main.o
 .debug_aranges
                0x0000000000000230       0x48 Core/Src/spi.o
 .debug_aranges
                0x0000000000000278       0x50 Core/Src/stm32f4xx_hal_msp.o
 .debug_aranges
                0x00000000000002c8       0xb8 Core/Src/stm32f4xx_it.o
 .debug_aranges
                0x0000000000000380       0x28 Core/Src/system_stm32f4xx.o
 .debug_aranges
                0x00000000000003a8       0x98 Core/Src/user_diskio_spi.o
 .debug_aranges
                0x0000000000000440       0x28 Core/Startup/startup_stm32f446retx.o
 .debug_aranges
                0x0000000000000468       0xf0 Drivers/STM32F4xx_HAL_Driver/Src/stm32f4xx_hal.o
 .debug_aranges
                0x0000000000000558      0x118 Drivers/STM32F4xx_HAL_Driver/Src/stm32f4xx_hal_cortex.o
 .debug_aranges
                0x0000000000000670       0x90 Drivers/STM32F4xx_HAL_Driver/Src/stm32f4xx_hal_dma.o
 .debug_aranges
                0x0000000000000700       0x58 Drivers/STM32F4xx_HAL_Driver/Src/stm32f4xx_hal_gpio.o
 .debug_aranges
                0x0000000000000758       0x60 Drivers/STM32F4xx_HAL_Driver/Src/stm32f4xx_hal_pwr_ex.o
 .debug_aranges
                0x00000000000007b8       0x88 Drivers/STM32F4xx_HAL_Driver/Src/stm32f4xx_hal_rcc.o
 .debug_aranges
                0x0000000000000840       0x78 Drivers/STM32F4xx_HAL_Driver/Src/stm32f4xx_hal_rcc_ex.o
 .debug_aranges
                0x00000000000008b8      0x1d0 Drivers/STM32F4xx_HAL_Driver/Src/stm32f4xx_hal_spi.o
 .debug_aranges
                0x0000000000000a88      0x3a8 Drivers/STM32F4xx_HAL_Driver/Src/stm32f4xx_hal_tim.o
 .debug_aranges
                0x0000000000000e30      0x150 Drivers/STM32F4xx_HAL_Driver/Src/stm32f4xx_hal_tim_ex.o
 .debug_aranges
                0x0000000000000f80      0x1d0 Drivers/STM32F4xx_HAL_Driver/Src/stm32f4xx_hal_uart.o
 .debug_aranges
                0x0000000000001150       0x28 FATFS/App/fatfs.o
 .debug_aranges
                0x0000000000001178       0x40 FATFS/Target/user_diskio.o
 .debug_aranges
                0x00000000000011b8       0x48 Middlewares/Third_Party/FatFs/src/diskio.o
 .debug_aranges
                0x0000000000001200      0x208 Middlewares/Third_Party/FatFs/src/ff.o
 .debug_aranges
                0x0000000000001408       0x40 Middlewares/Third_Party/FatFs/src/ff_gen_drv.o

.debug_ranges   0x0000000000000000     0x12d0
 .debug_ranges  0x0000000000000000       0xf8 Core/Src/RF96.o
 .debug_ranges  0x00000000000000f8      0x118 Core/Src/main.o
 .debug_ranges  0x0000000000000210       0x38 Core/Src/spi.o
 .debug_ranges  0x0000000000000248       0x40 Core/Src/stm32f4xx_hal_msp.o
 .debug_ranges  0x0000000000000288       0xa8 Core/Src/stm32f4xx_it.o
 .debug_ranges  0x0000000000000330       0x18 Core/Src/system_stm32f4xx.o
 .debug_ranges  0x0000000000000348       0x88 Core/Src/user_diskio_spi.o
 .debug_ranges  0x00000000000003d0       0x20 Core/Startup/startup_stm32f446retx.o
 .debug_ranges  0x00000000000003f0       0xe0 Drivers/STM32F4xx_HAL_Driver/Src/stm32f4xx_hal.o
 .debug_ranges  0x00000000000004d0      0x108 Drivers/STM32F4xx_HAL_Driver/Src/stm32f4xx_hal_cortex.o
 .debug_ranges  0x00000000000005d8       0x80 Drivers/STM32F4xx_HAL_Driver/Src/stm32f4xx_hal_dma.o
 .debug_ranges  0x0000000000000658       0x48 Drivers/STM32F4xx_HAL_Driver/Src/stm32f4xx_hal_gpio.o
 .debug_ranges  0x00000000000006a0       0x50 Drivers/STM32F4xx_HAL_Driver/Src/stm32f4xx_hal_pwr_ex.o
 .debug_ranges  0x00000000000006f0       0x78 Drivers/STM32F4xx_HAL_Driver/Src/stm32f4xx_hal_rcc.o
 .debug_ranges  0x0000000000000768       0x68 Drivers/STM32F4xx_HAL_Driver/Src/stm32f4xx_hal_rcc_ex.o
 .debug_ranges  0x00000000000007d0      0x1c0 Drivers/STM32F4xx_HAL_Driver/Src/stm32f4xx_hal_spi.o
 .debug_ranges  0x0000000000000990      0x398 Drivers/STM32F4xx_HAL_Driver/Src/stm32f4xx_hal_tim.o
 .debug_ranges  0x0000000000000d28      0x140 Drivers/STM32F4xx_HAL_Driver/Src/stm32f4xx_hal_tim_ex.o
 .debug_ranges  0x0000000000000e68      0x1c0 Drivers/STM32F4xx_HAL_Driver/Src/stm32f4xx_hal_uart.o
 .debug_ranges  0x0000000000001028       0x18 FATFS/App/fatfs.o
 .debug_ranges  0x0000000000001040       0x30 FATFS/Target/user_diskio.o
 .debug_ranges  0x0000000000001070       0x38 Middlewares/Third_Party/FatFs/src/diskio.o
 .debug_ranges  0x00000000000010a8      0x1f8 Middlewares/Third_Party/FatFs/src/ff.o
 .debug_ranges  0x00000000000012a0       0x30 Middlewares/Third_Party/FatFs/src/ff_gen_drv.o

.debug_macro    0x0000000000000000    0x245de
 .debug_macro   0x0000000000000000      0x2ce Core/Src/RF96.o
 .debug_macro   0x00000000000002ce      0xa5a Core/Src/RF96.o
 .debug_macro   0x0000000000000d28      0x190 Core/Src/RF96.o
 .debug_macro   0x0000000000000eb8       0x2e Core/Src/RF96.o
 .debug_macro   0x0000000000000ee6       0x28 Core/Src/RF96.o
 .debug_macro   0x0000000000000f0e       0x22 Core/Src/RF96.o
 .debug_macro   0x0000000000000f30       0x8e Core/Src/RF96.o
 .debug_macro   0x0000000000000fbe       0x51 Core/Src/RF96.o
 .debug_macro   0x000000000000100f       0xef Core/Src/RF96.o
 .debug_macro   0x00000000000010fe       0x6a Core/Src/RF96.o
 .debug_macro   0x0000000000001168      0x1df Core/Src/RF96.o
 .debug_macro   0x0000000000001347       0x1c Core/Src/RF96.o
 .debug_macro   0x0000000000001363       0x22 Core/Src/RF96.o
 .debug_macro   0x0000000000001385       0xdf Core/Src/RF96.o
 .debug_macro   0x0000000000001464     0x102d Core/Src/RF96.o
 .debug_macro   0x0000000000002491      0x11f Core/Src/RF96.o
 .debug_macro   0x00000000000025b0    0x1672d Core/Src/RF96.o
 .debug_macro   0x0000000000018cdd       0x43 Core/Src/RF96.o
 .debug_macro   0x0000000000018d20     0x3659 Core/Src/RF96.o
 .debug_macro   0x000000000001c379      0x174 Core/Src/RF96.o
 .debug_macro   0x000000000001c4ed       0x5a Core/Src/RF96.o
 .debug_macro   0x000000000001c547      0xc90 Core/Src/RF96.o
 .debug_macro   0x000000000001d1d7      0x9fe Core/Src/RF96.o
 .debug_macro   0x000000000001dbd5      0x16d Core/Src/RF96.o
 .debug_macro   0x000000000001dd42      0x117 Core/Src/RF96.o
 .debug_macro   0x000000000001de59      0x1a0 Core/Src/RF96.o
 .debug_macro   0x000000000001dff9       0x27 Core/Src/RF96.o
 .debug_macro   0x000000000001e020      0x287 Core/Src/RF96.o
 .debug_macro   0x000000000001e2a7       0x5f Core/Src/RF96.o
 .debug_macro   0x000000000001e306      0x236 Core/Src/RF96.o
 .debug_macro   0x000000000001e53c      0x132 Core/Src/RF96.o
 .debug_macro   0x000000000001e66e      0x29c Core/Src/RF96.o
 .debug_macro   0x000000000001e90a       0x2e Core/Src/RF96.o
 .debug_macro   0x000000000001e938      0x11a Core/Src/RF96.o
 .debug_macro   0x000000000001ea52       0xe8 Core/Src/RF96.o
 .debug_macro   0x000000000001eb3a       0x89 Core/Src/RF96.o
 .debug_macro   0x000000000001ebc3      0x225 Core/Src/RF96.o
 .debug_macro   0x000000000001ede8      0x8a0 Core/Src/RF96.o
 .debug_macro   0x000000000001f688       0x4d Core/Src/RF96.o
 .debug_macro   0x000000000001f6d5      0x287 Core/Src/RF96.o
 .debug_macro   0x000000000001f95c      0x126 Core/Src/RF96.o
 .debug_macro   0x000000000001fa82       0x16 Core/Src/RF96.o
 .debug_macro   0x000000000001fa98       0xac Core/Src/RF96.o
 .debug_macro   0x000000000001fb44       0x46 Core/Src/RF96.o
 .debug_macro   0x000000000001fb8a       0x18 Core/Src/RF96.o
 .debug_macro   0x000000000001fba2       0x3c Core/Src/RF96.o
 .debug_macro   0x000000000001fbde       0x34 Core/Src/RF96.o
 .debug_macro   0x000000000001fc12       0x52 Core/Src/RF96.o
 .debug_macro   0x000000000001fc64       0x1f Core/Src/RF96.o
 .debug_macro   0x000000000001fc83       0x43 Core/Src/RF96.o
 .debug_macro   0x000000000001fcc6       0x20 Core/Src/RF96.o
 .debug_macro   0x000000000001fce6      0x1a3 Core/Src/RF96.o
 .debug_macro   0x000000000001fe89      0x32a Core/Src/RF96.o
 .debug_macro   0x00000000000201b3       0x10 Core/Src/RF96.o
 .debug_macro   0x00000000000201c3       0x35 Core/Src/RF96.o
 .debug_macro   0x00000000000201f8       0x20 Core/Src/RF96.o
 .debug_macro   0x0000000000020218      0x136 Core/Src/RF96.o
 .debug_macro   0x000000000002034e      0x37b Core/Src/main.o
 .debug_macro   0x00000000000206c9       0xeb Core/Src/main.o
 .debug_macro   0x00000000000207b4       0x16 Core/Src/main.o
 .debug_macro   0x00000000000207ca       0x16 Core/Src/main.o
 .debug_macro   0x00000000000207e0       0x29 Core/Src/main.o
 .debug_macro   0x0000000000020809       0x12 Core/Src/main.o
 .debug_macro   0x000000000002081b       0xe2 Core/Src/main.o
 .debug_macro   0x00000000000208fd       0x8e Core/Src/main.o
 .debug_macro   0x000000000002098b       0x58 Core/Src/main.o
 .debug_macro   0x00000000000209e3       0x1c Core/Src/main.o
 .debug_macro   0x00000000000209ff      0x2ce Core/Src/spi.o
 .debug_macro   0x0000000000020ccd      0x2ca Core/Src/stm32f4xx_hal_msp.o
 .debug_macro   0x0000000000020f97      0x2d4 Core/Src/stm32f4xx_it.o
 .debug_macro   0x000000000002126b      0x1de Core/Src/system_stm32f4xx.o
 .debug_macro   0x0000000000021449      0x410 Core/Src/user_diskio_spi.o
 .debug_macro   0x0000000000021859       0x16 Core/Src/user_diskio_spi.o
 .debug_macro   0x000000000002186f       0x7c Core/Src/user_diskio_spi.o
 .debug_macro   0x00000000000218eb       0xe5 Core/Src/user_diskio_spi.o
 .debug_macro   0x00000000000219d0      0x238 Drivers/STM32F4xx_HAL_Driver/Src/stm32f4xx_hal.o
 .debug_macro   0x0000000000021c08      0x1d8 Drivers/STM32F4xx_HAL_Driver/Src/stm32f4xx_hal_cortex.o
 .debug_macro   0x0000000000021de0      0x1de Drivers/STM32F4xx_HAL_Driver/Src/stm32f4xx_hal_dma.o
 .debug_macro   0x0000000000021fbe      0x20e Drivers/STM32F4xx_HAL_Driver/Src/stm32f4xx_hal_gpio.o
 .debug_macro   0x00000000000221cc      0x1f0 Drivers/STM32F4xx_HAL_Driver/Src/stm32f4xx_hal_pwr_ex.o
 .debug_macro   0x00000000000223bc      0x1fc Drivers/STM32F4xx_HAL_Driver/Src/stm32f4xx_hal_rcc.o
 .debug_macro   0x00000000000225b8      0x1d8 Drivers/STM32F4xx_HAL_Driver/Src/stm32f4xx_hal_rcc_ex.o
 .debug_macro   0x0000000000022790      0x1e7 Drivers/STM32F4xx_HAL_Driver/Src/stm32f4xx_hal_spi.o
 .debug_macro   0x0000000000022977      0x1d9 Drivers/STM32F4xx_HAL_Driver/Src/stm32f4xx_hal_tim.o
 .debug_macro   0x0000000000022b50      0x1d8 Drivers/STM32F4xx_HAL_Driver/Src/stm32f4xx_hal_tim_ex.o
 .debug_macro   0x0000000000022d28      0x1d9 Drivers/STM32F4xx_HAL_Driver/Src/stm32f4xx_hal_uart.o
 .debug_macro   0x0000000000022f01      0x357 FATFS/App/fatfs.o
 .debug_macro   0x0000000000023258      0x34a FATFS/Target/user_diskio.o
 .debug_macro   0x00000000000235a2       0xd9 FATFS/Target/user_diskio.o
 .debug_macro   0x000000000002367b       0x54 FATFS/Target/user_diskio.o
 .debug_macro   0x00000000000236cf      0x13c FATFS/Target/user_diskio.o
 .debug_macro   0x000000000002380b      0x344 Middlewares/Third_Party/FatFs/src/diskio.o
 .debug_macro   0x0000000000023b4f      0x74b Middlewares/Third_Party/FatFs/src/ff.o
 .debug_macro   0x000000000002429a      0x344 Middlewares/Third_Party/FatFs/src/ff_gen_drv.o

.debug_line     0x0000000000000000    0x10ce5
 .debug_line    0x0000000000000000      0xa36 Core/Src/RF96.o
 .debug_line    0x0000000000000a36      0xd8c Core/Src/main.o
 .debug_line    0x00000000000017c2      0x896 Core/Src/spi.o
 .debug_line    0x0000000000002058      0x985 Core/Src/stm32f4xx_hal_msp.o
 .debug_line    0x00000000000029dd      0x97c Core/Src/stm32f4xx_it.o
 .debug_line    0x0000000000003359      0x6cf Core/Src/system_stm32f4xx.o
 .debug_line    0x0000000000003a28      0xc0b Core/Src/user_diskio_spi.o
 .debug_line    0x0000000000004633       0x85 Core/Startup/startup_stm32f446retx.o
 .debug_line    0x00000000000046b8      0x8b9 Drivers/STM32F4xx_HAL_Driver/Src/stm32f4xx_hal.o
 .debug_line    0x0000000000004f71      0x9dd Drivers/STM32F4xx_HAL_Driver/Src/stm32f4xx_hal_cortex.o
 .debug_line    0x000000000000594e      0x987 Drivers/STM32F4xx_HAL_Driver/Src/stm32f4xx_hal_dma.o
 .debug_line    0x00000000000062d5      0x884 Drivers/STM32F4xx_HAL_Driver/Src/stm32f4xx_hal_gpio.o
 .debug_line    0x0000000000006b59      0x7ab Drivers/STM32F4xx_HAL_Driver/Src/stm32f4xx_hal_pwr_ex.o
 .debug_line    0x0000000000007304      0x911 Drivers/STM32F4xx_HAL_Driver/Src/stm32f4xx_hal_rcc.o
 .debug_line    0x0000000000007c15      0xaa2 Drivers/STM32F4xx_HAL_Driver/Src/stm32f4xx_hal_rcc_ex.o
 .debug_line    0x00000000000086b7     0x1075 Drivers/STM32F4xx_HAL_Driver/Src/stm32f4xx_hal_spi.o
 .debug_line    0x000000000000972c     0x1932 Drivers/STM32F4xx_HAL_Driver/Src/stm32f4xx_hal_tim.o
 .debug_line    0x000000000000b05e      0xccf Drivers/STM32F4xx_HAL_Driver/Src/stm32f4xx_hal_tim_ex.o
 .debug_line    0x000000000000bd2d      0xfc7 Drivers/STM32F4xx_HAL_Driver/Src/stm32f4xx_hal_uart.o
 .debug_line    0x000000000000ccf4      0x8c8 FATFS/App/fatfs.o
 .debug_line    0x000000000000d5bc      0x8f2 FATFS/Target/user_diskio.o
 .debug_line    0x000000000000deae      0x8f0 Middlewares/Third_Party/FatFs/src/diskio.o
 .debug_line    0x000000000000e79e     0x1c57 Middlewares/Third_Party/FatFs/src/ff.o
 .debug_line    0x00000000000103f5      0x8f0 Middlewares/Third_Party/FatFs/src/ff_gen_drv.o

.debug_str      0x0000000000000000    0xd2bee
 .debug_str     0x0000000000000000    0xcc828 Core/Src/RF96.o
                                      0xccbc4 (size before relaxing)
 .debug_str     0x00000000000cc828     0x19e4 Core/Src/main.o
                                      0xce30a (size before relaxing)
 .debug_str     0x00000000000ce20c       0x67 Core/Src/spi.o
                                      0xcc8a6 (size before relaxing)
 .debug_str     0x00000000000ce273       0xad Core/Src/stm32f4xx_hal_msp.o
                                      0xcd2f5 (size before relaxing)
 .debug_str     0x00000000000ce320      0x1a1 Core/Src/stm32f4xx_it.o
                                      0xccd33 (size before relaxing)
 .debug_str     0x00000000000ce4c1       0xc4 Core/Src/system_stm32f4xx.o
                                      0xc8e11 (size before relaxing)
 .debug_str     0x00000000000ce585      0x3cc Core/Src/user_diskio_spi.o
                                      0xcd36c (size before relaxing)
 .debug_str     0x00000000000ce951       0x80 Core/Startup/startup_stm32f446retx.o
 .debug_str     0x00000000000ce9d1      0x58d Drivers/STM32F4xx_HAL_Driver/Src/stm32f4xx_hal.o
                                      0xc991f (size before relaxing)
 .debug_str     0x00000000000cef5e      0x392 Drivers/STM32F4xx_HAL_Driver/Src/stm32f4xx_hal_cortex.o
                                      0xc96e9 (size before relaxing)
 .debug_str     0x00000000000cf2f0      0x31d Drivers/STM32F4xx_HAL_Driver/Src/stm32f4xx_hal_dma.o
                                      0xc9201 (size before relaxing)
 .debug_str     0x00000000000cf60d      0x207 Drivers/STM32F4xx_HAL_Driver/Src/stm32f4xx_hal_gpio.o
                                      0xc9050 (size before relaxing)
 .debug_str     0x00000000000cf814      0x135 Drivers/STM32F4xx_HAL_Driver/Src/stm32f4xx_hal_pwr_ex.o
                                      0xc8ff4 (size before relaxing)
 .debug_str     0x00000000000cf949      0x259 Drivers/STM32F4xx_HAL_Driver/Src/stm32f4xx_hal_rcc.o
                                      0xc9203 (size before relaxing)
 .debug_str     0x00000000000cfba2      0x31c Drivers/STM32F4xx_HAL_Driver/Src/stm32f4xx_hal_rcc_ex.o
                                      0xc9255 (size before relaxing)
 .debug_str     0x00000000000cfebe      0x55b Drivers/STM32F4xx_HAL_Driver/Src/stm32f4xx_hal_spi.o
                                      0xc965a (size before relaxing)
 .debug_str     0x00000000000d0419      0xd3d Drivers/STM32F4xx_HAL_Driver/Src/stm32f4xx_hal_tim.o
                                      0xc9ef8 (size before relaxing)
 .debug_str     0x00000000000d1156      0x4a2 Drivers/STM32F4xx_HAL_Driver/Src/stm32f4xx_hal_tim_ex.o
                                      0xc96f8 (size before relaxing)
 .debug_str     0x00000000000d15f8      0x4ef Drivers/STM32F4xx_HAL_Driver/Src/stm32f4xx_hal_uart.o
                                      0xc9638 (size before relaxing)
 .debug_str     0x00000000000d1ae7       0x2f FATFS/App/fatfs.o
                                      0xcd0d4 (size before relaxing)
 .debug_str     0x00000000000d1b16       0x72 FATFS/Target/user_diskio.o
                                      0xcd00e (size before relaxing)
 .debug_str     0x00000000000d1b88       0x52 Middlewares/Third_Party/FatFs/src/diskio.o
                                      0xccff4 (size before relaxing)
 .debug_str     0x00000000000d1bda      0xf72 Middlewares/Third_Party/FatFs/src/ff.o
                                      0xce219 (size before relaxing)
 .debug_str     0x00000000000d2b4c       0xa2 Middlewares/Third_Party/FatFs/src/ff_gen_drv.o
                                      0xcd045 (size before relaxing)

.comment        0x0000000000000000       0x7b
 .comment       0x0000000000000000       0x7b Core/Src/RF96.o
                                         0x7c (size before relaxing)
 .comment       0x000000000000007b       0x7c Core/Src/main.o
 .comment       0x000000000000007b       0x7c Core/Src/spi.o
 .comment       0x000000000000007b       0x7c Core/Src/stm32f4xx_hal_msp.o
 .comment       0x000000000000007b       0x7c Core/Src/stm32f4xx_it.o
 .comment       0x000000000000007b       0x7c Core/Src/system_stm32f4xx.o
 .comment       0x000000000000007b       0x7c Core/Src/user_diskio_spi.o
 .comment       0x000000000000007b       0x7c Drivers/STM32F4xx_HAL_Driver/Src/stm32f4xx_hal.o
 .comment       0x000000000000007b       0x7c Drivers/STM32F4xx_HAL_Driver/Src/stm32f4xx_hal_cortex.o
 .comment       0x000000000000007b       0x7c Drivers/STM32F4xx_HAL_Driver/Src/stm32f4xx_hal_dma.o
 .comment       0x000000000000007b       0x7c Drivers/STM32F4xx_HAL_Driver/Src/stm32f4xx_hal_gpio.o
 .comment       0x000000000000007b       0x7c Drivers/STM32F4xx_HAL_Driver/Src/stm32f4xx_hal_pwr_ex.o
 .comment       0x000000000000007b       0x7c Drivers/STM32F4xx_HAL_Driver/Src/stm32f4xx_hal_rcc.o
 .comment       0x000000000000007b       0x7c Drivers/STM32F4xx_HAL_Driver/Src/stm32f4xx_hal_rcc_ex.o
 .comment       0x000000000000007b       0x7c Drivers/STM32F4xx_HAL_Driver/Src/stm32f4xx_hal_spi.o
 .comment       0x000000000000007b       0x7c Drivers/STM32F4xx_HAL_Driver/Src/stm32f4xx_hal_tim.o
 .comment       0x000000000000007b       0x7c Drivers/STM32F4xx_HAL_Driver/Src/stm32f4xx_hal_tim_ex.o
 .comment       0x000000000000007b       0x7c Drivers/STM32F4xx_HAL_Driver/Src/stm32f4xx_hal_uart.o
 .comment       0x000000000000007b       0x7c FATFS/App/fatfs.o
 .comment       0x000000000000007b       0x7c FATFS/Target/user_diskio.o
 .comment       0x000000000000007b       0x7c Middlewares/Third_Party/FatFs/src/diskio.o
 .comment       0x000000000000007b       0x7c Middlewares/Third_Party/FatFs/src/ff.o
 .comment       0x000000000000007b       0x7c Middlewares/Third_Party/FatFs/src/ff_gen_drv.o

.debug_frame    0x0000000000000000     0x53c8
 .debug_frame   0x0000000000000000      0x3ec Core/Src/RF96.o
 .debug_frame   0x00000000000003ec      0x464 Core/Src/main.o
 .debug_frame   0x0000000000000850       0xec Core/Src/spi.o
 .debug_frame   0x000000000000093c      0x114 Core/Src/stm32f4xx_hal_msp.o
 .debug_frame   0x0000000000000a50      0x240 Core/Src/stm32f4xx_it.o
 .debug_frame   0x0000000000000c90       0x58 Core/Src/system_stm32f4xx.o
 .debug_frame   0x0000000000000ce8      0x248 Core/Src/user_diskio_spi.o
 .debug_frame   0x0000000000000f30      0x374 Drivers/STM32F4xx_HAL_Driver/Src/stm32f4xx_hal.o
 .debug_frame   0x00000000000012a4      0x498 Drivers/STM32F4xx_HAL_Driver/Src/stm32f4xx_hal_cortex.o
 .debug_frame   0x000000000000173c      0x250 Drivers/STM32F4xx_HAL_Driver/Src/stm32f4xx_hal_dma.o
 .debug_frame   0x000000000000198c      0x14c Drivers/STM32F4xx_HAL_Driver/Src/stm32f4xx_hal_gpio.o
 .debug_frame   0x0000000000001ad8      0x14c Drivers/STM32F4xx_HAL_Driver/Src/stm32f4xx_hal_pwr_ex.o
 .debug_frame   0x0000000000001c24      0x1f0 Drivers/STM32F4xx_HAL_Driver/Src/stm32f4xx_hal_rcc.o
 .debug_frame   0x0000000000001e14      0x1e0 Drivers/STM32F4xx_HAL_Driver/Src/stm32f4xx_hal_rcc_ex.o
 .debug_frame   0x0000000000001ff4      0x824 Drivers/STM32F4xx_HAL_Driver/Src/stm32f4xx_hal_spi.o
 .debug_frame   0x0000000000002818     0x10f0 Drivers/STM32F4xx_HAL_Driver/Src/stm32f4xx_hal_tim.o
 .debug_frame   0x0000000000003908      0x5c0 Drivers/STM32F4xx_HAL_Driver/Src/stm32f4xx_hal_tim_ex.o
 .debug_frame   0x0000000000003ec8      0x844 Drivers/STM32F4xx_HAL_Driver/Src/stm32f4xx_hal_uart.o
 .debug_frame   0x000000000000470c       0x4c FATFS/App/fatfs.o
 .debug_frame   0x0000000000004758       0xc4 FATFS/Target/user_diskio.o
 .debug_frame   0x000000000000481c       0xec Middlewares/Third_Party/FatFs/src/diskio.o
 .debug_frame   0x0000000000004908      0x94c Middlewares/Third_Party/FatFs/src/ff.o
 .debug_frame   0x0000000000005254       0xc8 Middlewares/Third_Party/FatFs/src/ff_gen_drv.o
 .debug_frame   0x000000000000531c       0x2c /opt/st/stm32cubeide_1.3.0/plugins/com.st.stm32cube.ide.mcu.externaltools.gnu-tools-for-stm32.7-2018-q2-update.linux64_1.0.0.201904181610/tools/bin/../lib/gcc/arm-none-eabi/7.3.1/../../../../arm-none-eabi/lib/thumb/v7e-m/fpv4-sp/hard/libc_nano.a(lib_a-init.o)
 .debug_frame   0x0000000000005348       0x20 /opt/st/stm32cubeide_1.3.0/plugins/com.st.stm32cube.ide.mcu.externaltools.gnu-tools-for-stm32.7-2018-q2-update.linux64_1.0.0.201904181610/tools/bin/../lib/gcc/arm-none-eabi/7.3.1/../../../../arm-none-eabi/lib/thumb/v7e-m/fpv4-sp/hard/libc_nano.a(lib_a-memset.o)
 .debug_frame   0x0000000000005368       0x2c /opt/st/stm32cubeide_1.3.0/plugins/com.st.stm32cube.ide.mcu.externaltools.gnu-tools-for-stm32.7-2018-q2-update.linux64_1.0.0.201904181610/tools/bin/../lib/gcc/arm-none-eabi/7.3.1/thumb/v7e-m/fpv4-sp/hard/libgcc.a(_aeabi_uldivmod.o)
 .debug_frame   0x0000000000005394       0x34 /opt/st/stm32cubeide_1.3.0/plugins/com.st.stm32cube.ide.mcu.externaltools.gnu-tools-for-stm32.7-2018-q2-update.linux64_1.0.0.201904181610/tools/bin/../lib/gcc/arm-none-eabi/7.3.1/thumb/v7e-m/fpv4-sp/hard/libgcc.a(_udivmoddi4.o)