main.c:93:6:WMSM42InitTX	8	static
main.c:132:6:WMSM42InitRX	8	static
main.c:183:6:transmit	48	static
main.c:285:6:Data8_toMassHex	32	static
main.c:303:5:powx	24	static
main.c:314:6:Mass_toData8	40	static
main.c:373:16:Crc16	24	static
main.c:396:5:main	8	static
main.c:462:6:SystemClock_Config	88	static
main.c:512:13:MX_USART2_UART_Init	8	static
main.c:545:13:MX_USART6_UART_Init	8	static
main.c:576:13:MX_DMA_Init	16	static
main.c:598:13:MX_GPIO_Init	40	static
main.c:626:6:HAL_UART_RxCpltCallback	16	static
main.c:665:6:Error_Handler	4	static
