main.c:93:6:WMSM42InitTX	8	static
main.c:133:6:WMSM42InitRX	8	static
main.c:184:6:transmit	48	static
main.c:281:6:Data8_toMassHex	32	static
main.c:299:5:powx	24	static
main.c:310:6:Mass_toData8	40	static
main.c:369:16:Crc16	24	static
main.c:392:5:main	8	static
main.c:458:6:SystemClock_Config	88	static
main.c:508:13:MX_USART2_UART_Init	8	static
main.c:541:13:MX_USART6_UART_Init	8	static
main.c:572:13:MX_DMA_Init	16	static
main.c:594:13:MX_GPIO_Init	40	static
main.c:622:6:HAL_UART_RxCpltCallback	16	static
main.c:661:6:Error_Handler	4	static
