stm32f4xx_it.c:74:6:NMI_Handler	4	static
stm32f4xx_it.c:87:6:HardFault_Handler	4	static
stm32f4xx_it.c:102:6:MemManage_Handler	4	static
stm32f4xx_it.c:117:6:BusFault_Handler	4	static
stm32f4xx_it.c:132:6:UsageFault_Handler	4	static
stm32f4xx_it.c:147:6:SVC_Handler	4	static
stm32f4xx_it.c:160:6:DebugMon_Handler	4	static
stm32f4xx_it.c:173:6:PendSV_Handler	4	static
stm32f4xx_it.c:197:6:DMA1_Stream6_IRQHandler	8	static
stm32f4xx_it.c:211:6:USART2_IRQHandler	8	static
stm32f4xx_it.c:225:6:TIM6_DAC_IRQHandler	8	static
stm32f4xx_it.c:239:6:DMA2_Stream1_IRQHandler	8	static
stm32f4xx_it.c:253:6:USART6_IRQHandler	8	static
