main.c:150:16:Crc16	24	static
main.c:195:15:Crc8	24	static
main.c:205:6:CommandToRadio	24	static
main.c:235:6:Command_to_Linux	24	static
main.c:250:6:Command4_send	8	static
main.c:275:5:main	8	static
main.c:583:6:SystemClock_Config	88	static
main.c:628:13:MX_SPI1_Init	8	static
main.c:666:13:MX_TIM6_Init	16	static
main.c:704:13:MX_USART2_UART_Init	8	static
main.c:735:13:MX_DMA_Init	16	static
main.c:756:13:MX_GPIO_Init	48	static
main.c:818:6:HAL_UART_RxCpltCallback	16	static
main.c:838:6:HAL_TIM_PeriodElapsedCallback	16	static
main.c:849:6:SysTick_Handler	8	static
main.c:877:6:Error_Handler	4	static
