main.c:150:16:Crc16	24	static
main.c:195:15:Crc8	24	static
main.c:205:6:CommandToRadio	24	static
main.c:235:6:Command_to_Linux	24	static
main.c:250:6:Command4_send	8	static
main.c:275:5:main	8	static
main.c:547:6:SystemClock_Config	88	static
main.c:592:13:MX_SPI1_Init	8	static
main.c:630:13:MX_TIM6_Init	16	static
main.c:668:13:MX_USART2_UART_Init	8	static
main.c:699:13:MX_DMA_Init	16	static
main.c:720:13:MX_GPIO_Init	48	static
main.c:782:6:HAL_UART_RxCpltCallback	16	static
main.c:802:6:HAL_TIM_PeriodElapsedCallback	16	static
main.c:813:6:SysTick_Handler	8	static
main.c:841:6:Error_Handler	4	static
